Archive member included because of file (symbol)

c:/program files (x86)/atmel/atmel toolchain/avr8 gcc/native/3.4.1056/avr8-gnu-toolchain/bin/../lib/gcc/avr/4.8.1/../../../../avr/lib/avr6\libm.a(addsf3.o)
                              benchmark.o (__subsf3)
c:/program files (x86)/atmel/atmel toolchain/avr8 gcc/native/3.4.1056/avr8-gnu-toolchain/bin/../lib/gcc/avr/4.8.1/../../../../avr/lib/avr6\libm.a(addsf3x.o)
                              c:/program files (x86)/atmel/atmel toolchain/avr8 gcc/native/3.4.1056/avr8-gnu-toolchain/bin/../lib/gcc/avr/4.8.1/../../../../avr/lib/avr6\libm.a(addsf3.o) (__addsf3x)
c:/program files (x86)/atmel/atmel toolchain/avr8 gcc/native/3.4.1056/avr8-gnu-toolchain/bin/../lib/gcc/avr/4.8.1/../../../../avr/lib/avr6\libm.a(atan2.o)
                              accelerometer.o (atan2)
c:/program files (x86)/atmel/atmel toolchain/avr8 gcc/native/3.4.1056/avr8-gnu-toolchain/bin/../lib/gcc/avr/4.8.1/../../../../avr/lib/avr6\libm.a(atan.o)
                              c:/program files (x86)/atmel/atmel toolchain/avr8 gcc/native/3.4.1056/avr8-gnu-toolchain/bin/../lib/gcc/avr/4.8.1/../../../../avr/lib/avr6\libm.a(atan2.o) (atan)
c:/program files (x86)/atmel/atmel toolchain/avr8 gcc/native/3.4.1056/avr8-gnu-toolchain/bin/../lib/gcc/avr/4.8.1/../../../../avr/lib/avr6\libm.a(cmpsf2.o)
                              altimeter.o (__eqsf2)
c:/program files (x86)/atmel/atmel toolchain/avr8 gcc/native/3.4.1056/avr8-gnu-toolchain/bin/../lib/gcc/avr/4.8.1/../../../../avr/lib/avr6\libm.a(cos.o)
                              waypoint.o (cos)
c:/program files (x86)/atmel/atmel toolchain/avr8 gcc/native/3.4.1056/avr8-gnu-toolchain/bin/../lib/gcc/avr/4.8.1/../../../../avr/lib/avr6\libm.a(divsf3.o)
                              accelerometer.o (__divsf3)
c:/program files (x86)/atmel/atmel toolchain/avr8 gcc/native/3.4.1056/avr8-gnu-toolchain/bin/../lib/gcc/avr/4.8.1/../../../../avr/lib/avr6\libm.a(divsf3x.o)
                              c:/program files (x86)/atmel/atmel toolchain/avr8 gcc/native/3.4.1056/avr8-gnu-toolchain/bin/../lib/gcc/avr/4.8.1/../../../../avr/lib/avr6\libm.a(divsf3.o) (__divsf3x)
c:/program files (x86)/atmel/atmel toolchain/avr8 gcc/native/3.4.1056/avr8-gnu-toolchain/bin/../lib/gcc/avr/4.8.1/../../../../avr/lib/avr6\libm.a(fixsfsi.o)
                              gps.o (__fixsfsi)
c:/program files (x86)/atmel/atmel toolchain/avr8 gcc/native/3.4.1056/avr8-gnu-toolchain/bin/../lib/gcc/avr/4.8.1/../../../../avr/lib/avr6\libm.a(fixunssfsi.o)
                              c:/program files (x86)/atmel/atmel toolchain/avr8 gcc/native/3.4.1056/avr8-gnu-toolchain/bin/../lib/gcc/avr/4.8.1/../../../../avr/lib/avr6\libm.a(fixsfsi.o) (__fixunssfsi)
c:/program files (x86)/atmel/atmel toolchain/avr8 gcc/native/3.4.1056/avr8-gnu-toolchain/bin/../lib/gcc/avr/4.8.1/../../../../avr/lib/avr6\libm.a(floatsisf.o)
                              rx.o (__floatunsisf)
c:/program files (x86)/atmel/atmel toolchain/avr8 gcc/native/3.4.1056/avr8-gnu-toolchain/bin/../lib/gcc/avr/4.8.1/../../../../avr/lib/avr6\libm.a(floor.o)
                              waypoint.o (floor)
c:/program files (x86)/atmel/atmel toolchain/avr8 gcc/native/3.4.1056/avr8-gnu-toolchain/bin/../lib/gcc/avr/4.8.1/../../../../avr/lib/avr6\libm.a(fp_cmp.o)
                              c:/program files (x86)/atmel/atmel toolchain/avr8 gcc/native/3.4.1056/avr8-gnu-toolchain/bin/../lib/gcc/avr/4.8.1/../../../../avr/lib/avr6\libm.a(cmpsf2.o) (__fp_cmp)
c:/program files (x86)/atmel/atmel toolchain/avr8 gcc/native/3.4.1056/avr8-gnu-toolchain/bin/../lib/gcc/avr/4.8.1/../../../../avr/lib/avr6\libm.a(fp_inf.o)
                              c:/program files (x86)/atmel/atmel toolchain/avr8 gcc/native/3.4.1056/avr8-gnu-toolchain/bin/../lib/gcc/avr/4.8.1/../../../../avr/lib/avr6\libm.a(addsf3x.o) (__fp_inf)
c:/program files (x86)/atmel/atmel toolchain/avr8 gcc/native/3.4.1056/avr8-gnu-toolchain/bin/../lib/gcc/avr/4.8.1/../../../../avr/lib/avr6\libm.a(fp_mintl.o)
                              c:/program files (x86)/atmel/atmel toolchain/avr8 gcc/native/3.4.1056/avr8-gnu-toolchain/bin/../lib/gcc/avr/4.8.1/../../../../avr/lib/avr6\libm.a(floor.o) (__fp_mintl)
c:/program files (x86)/atmel/atmel toolchain/avr8 gcc/native/3.4.1056/avr8-gnu-toolchain/bin/../lib/gcc/avr/4.8.1/../../../../avr/lib/avr6\libm.a(fp_mpack.o)
                              c:/program files (x86)/atmel/atmel toolchain/avr8 gcc/native/3.4.1056/avr8-gnu-toolchain/bin/../lib/gcc/avr/4.8.1/../../../../avr/lib/avr6\libm.a(floor.o) (__fp_mpack)
c:/program files (x86)/atmel/atmel toolchain/avr8 gcc/native/3.4.1056/avr8-gnu-toolchain/bin/../lib/gcc/avr/4.8.1/../../../../avr/lib/avr6\libm.a(fp_nan.o)
                              c:/program files (x86)/atmel/atmel toolchain/avr8 gcc/native/3.4.1056/avr8-gnu-toolchain/bin/../lib/gcc/avr/4.8.1/../../../../avr/lib/avr6\libm.a(addsf3x.o) (__fp_nan)
[...]
Memory Configuration

Name             Origin             Length             Attributes
text             0x00000000         0x00100000         xr
data             0x00800200         0x0000fe00         rw !x
eeprom           0x00810000         0x00010000         rw !x
fuse             0x00820000         0x00000400         rw !x
lock             0x00830000         0x00000400         rw !x
signature        0x00840000         0x00000400         rw !x
user_signatures  0x00850000         0x00000400         rw !x
*default*        0x00000000         0xffffffff

Linker script and memory map

Address of section .data set to 0x800200
LOAD c:/program files (x86)/atmel/atmel toolchain/avr8 gcc/native/3.4.1056/avr8-gnu-toolchain/bin/../lib/gcc/avr/4.8.1/../../../../avr/lib/avr6/crtm2560.o
LOAD accelerometer.o
LOAD altimeter.o
LOAD benchmark.o
LOAD compass.o
LOAD debug.o
LOAD gps.o
LOAD i2cmaster.o
LOAD quad_control.o
LOAD quad_output.o
LOAD rx.o
LOAD timing.o
LOAD usart.o
LOAD waypoint.o
LOAD waypointNavigator.o
START GROUP
LOAD c:/program files (x86)/atmel/atmel toolchain/avr8 gcc/native/3.4.1056/avr8-gnu-toolchain/bin/../lib/gcc/avr/4.8.1/../../../../avr/lib/avr6\libm.a
END GROUP
LOAD c:/program files (x86)/atmel/atmel toolchain/avr8 gcc/native/3.4.1056/avr8-gnu-toolchain/bin/../lib/gcc/avr/4.8.1/avr6\libgcc.a
LOAD c:/program files (x86)/atmel/atmel toolchain/avr8 gcc/native/3.4.1056/avr8-gnu-toolchain/bin/../lib/gcc/avr/4.8.1/../../../../avr/lib/avr6\libm.a
START GROUP
LOAD c:/program files (x86)/atmel/atmel toolchain/avr8 gcc/native/3.4.1056/avr8-gnu-toolchain/bin/../lib/gcc/avr/4.8.1/avr6\libgcc.a
LOAD c:/program files (x86)/atmel/atmel toolchain/avr8 gcc/native/3.4.1056/avr8-gnu-toolchain/bin/../lib/gcc/avr/4.8.1/../../../../avr/lib/avr6\libm.a
LOAD c:/program files (x86)/atmel/atmel toolchain/avr8 gcc/native/3.4.1056/avr8-gnu-toolchain/bin/../lib/gcc/avr/4.8.1/../../../../avr/lib/avr6\libc.a
END GROUP

.hash
 *(.hash)

.dynsym
 *(.dynsym)

.dynstr
 *(.dynstr)

.gnu.version
 *(.gnu.version)

.gnu.version_d
 *(.gnu.version_d)

.gnu.version_r
 *(.gnu.version_r)

.rel.init
 *(.rel.init)

.rela.init
 *(.rela.init)

.rel.text
 *(.rel.text)
 *(.rel.text.*)
 *(.rel.gnu.linkonce.t*)

.rela.text
 *(.rela.text)
 *(.rela.text.*)
 *(.rela.gnu.linkonce.t*)

.rel.fini
 *(.rel.fini)

.rela.fini
 *(.rela.fini)

.rel.rodata
 *(.rel.rodata)
 *(.rel.rodata.*)
 *(.rel.gnu.linkonce.r*)

.rela.rodata
 *(.rela.rodata)
 *(.rela.rodata.*)
 *(.rela.gnu.linkonce.r*)

.rel.data
 *(.rel.data)
 *(.rel.data.*)
 *(.rel.gnu.linkonce.d*)

.rela.data
 *(.rela.data)
 *(.rela.data.*)
 *(.rela.gnu.linkonce.d*)

.rel.ctors
 *(.rel.ctors)

.rela.ctors
 *(.rela.ctors)

.rel.dtors
 *(.rel.dtors)

.rela.dtors
 *(.rela.dtors)

.rel.got
 *(.rel.got)

.rela.got
 *(.rela.got)

.rel.bss
 *(.rel.bss)

.rela.bss
 *(.rela.bss)

.rel.plt
 *(.rel.plt)

.rela.plt
 *(.rela.plt)

.text           0x00000000     0x1a4c
 *(.vectors)
 .vectors       0x00000000       0xe4 c:/program files (x86)/atmel/atmel toolchain/avr8 gcc/native/3.4.1056/avr8-gnu-toolchain/bin/../lib/gcc/avr/4.8.1/../../../../avr/lib/avr6/crtm2560.o
                0x00000000                __vector_default
                0x00000000                __vectors
 *(.vectors)
 *(.progmem.gcc*)
                0x000000e4                . = ALIGN (0x2)
                0x000000e4                __trampolines_start = .
 *(.trampolines)
 .trampolines   0x000000e4        0x0 linker stubs
 *(.trampolines*)
                0x000000e4                __trampolines_end = .
 *(.progmem*)
 .progmem.data  0x000000e4       0x3b c:/program files (x86)/atmel/atmel toolchain/avr8 gcc/native/3.4.1056/avr8-gnu-toolchain/bin/../lib/gcc/avr/4.8.1/../../../../avr/lib/avr6\libc.a(strtod.o)
 .progmem.data  0x0000011f       0xfa c:/program files (x86)/atmel/atmel toolchain/avr8 gcc/native/3.4.1056/avr8-gnu-toolchain/bin/../lib/gcc/avr/4.8.1/../../../../avr/lib/avr6\libc.a(ftoa_engine.o)
                0x0000021a                . = ALIGN (0x2)
 *fill*         0x00000219        0x1 
 *(.jumptables)
 *(.jumptables*)
 *(.lowtext)
 *(.lowtext*)
                0x0000021a                __ctors_start = .
 *(.ctors)
 .ctors         0x0000021a        0x2 gps.o
                0x0000021c                __ctors_end = .
                0x0000021c                __dtors_start = .
 *(.dtors)
                0x0000021c                __dtors_end = .
 SORT(*)(.ctors)
 SORT(*)(.dtors)
 *(.init0)
 .init0         0x0000021c        0x0 c:/program files (x86)/atmel/atmel toolchain/avr8 gcc/native/3.4.1056/avr8-gnu-toolchain/bin/../lib/gcc/avr/4.8.1/../../../../avr/lib/avr6/crtm2560.o
                0x0000021c                __init
 *(.init0)
 *(.init1)
 *(.init1)
 *(.init2)
 .init2         0x0000021c       0x10 c:/program files (x86)/atmel/atmel toolchain/avr8 gcc/native/3.4.1056/avr8-gnu-toolchain/bin/../lib/gcc/avr/4.8.1/../../../../avr/lib/avr6/crtm2560.o
 *(.init2)
 *(.init3)
 *(.init3)
 *(.init4)
 .init4         0x0000022c       0x1a c:/program files (x86)/atmel/atmel toolchain/avr8 gcc/native/3.4.1056/avr8-gnu-toolchain/bin/../lib/gcc/avr/4.8.1/avr6\libgcc.a(_copy_data.o)
                0x0000022c                __do_copy_data
 .init4         0x00000246       0x10 c:/program files (x86)/atmel/atmel toolchain/avr8 gcc/native/3.4.1056/avr8-gnu-toolchain/bin/../lib/gcc/avr/4.8.1/avr6\libgcc.a(_clear_bss.o)
                0x00000246                __do_clear_bss
 *(.init4)
 *(.init5)
 *(.init5)
 *(.init6)
 .init6         0x00000256       0x1e c:/program files (x86)/atmel/atmel toolchain/avr8 gcc/native/3.4.1056/avr8-gnu-toolchain/bin/../lib/gcc/avr/4.8.1/avr6\libgcc.a(_ctors.o)
                0x00000256                __do_global_ctors
 *(.init6)
 *(.init7)
 *(.init7)
 *(.init8)
 *(.init8)
 *(.init9)
 .init9         0x00000274        0x6 c:/program files (x86)/atmel/atmel toolchain/avr8 gcc/native/3.4.1056/avr8-gnu-toolchain/bin/../lib/gcc/avr/4.8.1/../../../../avr/lib/avr6/crtm2560.o
 *(.init9)
 *(.text)
 .text          0x0000027a        0x2 c:/program files (x86)/atmel/atmel toolchain/avr8 gcc/native/3.4.1056/avr8-gnu-toolchain/bin/../lib/gcc/avr/4.8.1/../../../../avr/lib/avr6/crtm2560.o
                0x0000027a                __vector_38
                0x0000027a                __vector_22
                0x0000027a                __vector_28
                0x0000027a                __vector_1
                0x0000027a                __vector_32
                0x0000027a                __vector_34
                0x0000027a                __vector_24
                0x0000027a                __vector_12
                0x0000027a                __vector_55
                0x0000027a                __vector_46
                0x0000027a                __bad_interrupt
                0x0000027a                __vector_6
                0x0000027a                __vector_31
                0x0000027a                __vector_35
                0x0000027a                __vector_39
                0x0000027a                __vector_3
                0x0000027a                __vector_30
                0x0000027a                __vector_45
                0x0000027a                __vector_25
                0x0000027a                __vector_11
                0x0000027a                __vector_54
                0x0000027a                __vector_13
                0x0000027a                __vector_17
                0x0000027a                __vector_19
                0x0000027a                __vector_56
                0x0000027a                __vector_7
                0x0000027a                __vector_49
                0x0000027a                __vector_41
                0x0000027a                __vector_43
                0x0000027a                __vector_27
                0x0000027a                __vector_5
                0x0000027a                __vector_33
                0x0000027a                __vector_47
                0x0000027a                __vector_52
                0x0000027a                __vector_37
                0x0000027a                __vector_4
                0x0000027a                __vector_44
                0x0000027a                __vector_51
                0x0000027a                __vector_2
                0x0000027a                __vector_21
                0x0000027a                __vector_15
                0x0000027a                __vector_36
                0x0000027a                __vector_29
                0x0000027a                __vector_40
                0x0000027a                __vector_8
                0x0000027a                __vector_26
                0x0000027a                __vector_48
                0x0000027a                __vector_14
                0x0000027a                __vector_53
                0x0000027a                __vector_10
                0x0000027a                __vector_50
                0x0000027a                __vector_16
                0x0000027a                __vector_18
                0x0000027a                __vector_20
                0x0000027a                __vector_42
                0x0000027c                . = ALIGN (0x2)
 *(.text.*)
 .text._Z11debug_printPKc
                0x0000027c        0xa debug.o
                0x0000027c                _Z11debug_printPKc
 .text._Z13debug_printlnPKc
                0x00000286       0x14 debug.o
                0x00000286                _Z13debug_printlnPKc
 .text._Z12debug_printii
                0x0000029a       0x36 debug.o
                0x0000029a                _Z12debug_printii
 .text._Z12debug_printff
                0x000002d0       0x3e debug.o
                0x000002d0                _Z12debug_printff
 .text._Z10debug_beepv
                0x0000030e       0x18 debug.o
                0x0000030e                _Z10debug_beepv
 .text._Z15debug_beep_longv
                0x00000326       0x18 debug.o
                0x00000326                _Z15debug_beep_longv
 .text._Z8get_timePcPi
                0x0000033e       0x62 gps.o
                0x0000033e                _Z8get_timePcPi
 .text._Z11get_lat_degPc
                0x000003a0       0x50 gps.o
                0x000003a0                _Z11get_lat_degPc
 .text._Z7get_latPcPi
                0x000003f0       0x7e gps.o
                0x000003f0                _Z7get_latPcPi
 .text._Z11get_lon_degPc
                0x0000046e       0x50 gps.o
                0x0000046e                _Z11get_lon_degPc
 .text._Z7get_lonPcPi
                0x000004be       0x7e gps.o
                0x000004be                _Z7get_lonPcPi
 .text._Z7get_fixPcPi
                0x0000053c       0x52 gps.o
                0x0000053c                _Z7get_fixPcPi
 .text._Z8get_satsPcPi
                0x0000058e       0x5a gps.o
                0x0000058e                _Z8get_satsPcPi
 .text._Z10gps_updatev
                0x000005e8      0x1e6 gps.o
                0x000005e8                _Z10gps_updatev
 .text._Z8gps_initv
                0x000007ce       0x56 gps.o
                0x000007ce                _Z8gps_initv
 .text._Z16gps_get_latitudev
                0x00000824       0x12 gps.o
                0x00000824                _Z16gps_get_latitudev
 .text._Z17gps_get_longitudev
                0x00000836       0x12 gps.o
                0x00000836                _Z17gps_get_longitudev
 .text._Z12gps_get_satsv
                0x00000848       0x16 gps.o
                0x00000848                _Z12gps_get_satsv
 .text._GLOBAL__sub_I_timeUTC
                0x0000085e       0x14 gps.o
 .text.__vector_9
                0x00000872      0x1c6 rx.o
                0x00000872                __vector_9
 .text.__vector_23
                0x00000a38       0x94 timing.o
                0x00000a38                __vector_23
 .text._Z6microsv
                0x00000acc       0x50 timing.o
                0x00000acc                _Z6microsv
 .text._Z10initTimersv
                0x00000b1c        0xe timing.o
                0x00000b1c                _Z10initTimersv
 .text._Z10USART_initii
                0x00000b2a       0xb2 usart.o
                0x00000b2a                _Z10USART_initii
 .text._Z10USART_sendih
                0x00000bdc       0x54 usart.o
                0x00000bdc                _Z10USART_sendih
 .text._Z13USART_receivei
                0x00000c30       0x4e usart.o
                0x00000c30                _Z13USART_receivei
 .text._Z15USART_putstringiPKc
                0x00000c7e       0x28 usart.o
                0x00000c7e                _Z15USART_putstringiPKc
 .text._Z20waypoint_get_headingv
                0x00000ca6        0xa waypoint.o
                0x00000ca6                _Z20waypoint_get_headingv
 .text._Z10initialisev
                0x00000cb0       0x70 waypointNavigator.o
                0x00000cb0                _Z10initialisev
 .text.main     0x00000d20       0x84 waypointNavigator.o
                0x00000d20                main
 .text.avr-libc.fplib
                0x00000da4        0xa c:/program files (x86)/atmel/atmel toolchain/avr8 gcc/native/3.4.1056/avr8-gnu-toolchain/bin/../lib/gcc/avr/4.8.1/../../../../avr/lib/avr6\libm.a(addsf3.o)
                0x00000da4                __subsf3
                0x00000da6                __addsf3
 .text.avr-libc.fplib
                0x00000dae       0xc0 c:/program files (x86)/atmel/atmel toolchain/avr8 gcc/native/3.4.1056/avr8-gnu-toolchain/bin/../lib/gcc/avr/4.8.1/../../../../avr/lib/avr6\libm.a(addsf3x.o)
                0x00000dc8                __addsf3x
 .text.avr-libc.fplib
                0x00000e6e        0x8 c:/program files (x86)/atmel/atmel toolchain/avr8 gcc/native/3.4.1056/avr8-gnu-toolchain/bin/../lib/gcc/avr/4.8.1/../../../../avr/lib/avr6\libm.a(cmpsf2.o)
                0x00000e6e                __nesf2
                0x00000e6e                __eqsf2
                0x00000e6e                __cmpsf2
                0x00000e6e                __ltsf2
                0x00000e6e                __lesf2
 .text.avr-libc.fplib
                0x00000e76        0xa c:/program files (x86)/atmel/atmel toolchain/avr8 gcc/native/3.4.1056/avr8-gnu-toolchain/bin/../lib/gcc/avr/4.8.1/../../../../avr/lib/avr6\libm.a(fixsfsi.o)
                0x00000e76                __fixsfsi
 .text.avr-libc.fplib
                0x00000e80       0x58 c:/program files (x86)/atmel/atmel toolchain/avr8 gcc/native/3.4.1056/avr8-gnu-toolchain/bin/../lib/gcc/avr/4.8.1/../../../../avr/lib/avr6\libm.a(fixunssfsi.o)
                0x00000e80                __fixunssfsi
 .text.avr-libc.fplib
                0x00000ed8       0x7a c:/program files (x86)/atmel/atmel toolchain/avr8 gcc/native/3.4.1056/avr8-gnu-toolchain/bin/../lib/gcc/avr/4.8.1/../../../../avr/lib/avr6\libm.a(floatsisf.o)
                0x00000ed8                __floatunsisf
                0x00000edc                __floatsisf
 .text.avr-libc.fplib
                0x00000f52       0x48 c:/program files (x86)/atmel/atmel toolchain/avr8 gcc/native/3.4.1056/avr8-gnu-toolchain/bin/../lib/gcc/avr/4.8.1/../../../../avr/lib/avr6\libm.a(fp_cmp.o)
                0x00000f52                __fp_cmp
 .text.avr-libc.fplib
                0x00000f9a        0xc c:/program files (x86)/atmel/atmel toolchain/avr8 gcc/native/3.4.1056/avr8-gnu-toolchain/bin/../lib/gcc/avr/4.8.1/../../../../avr/lib/avr6\libm.a(fp_inf.o)
                0x00000f9a                __fp_inf
 .text.avr-libc.fplib
                0x00000fa6        0x6 c:/program files (x86)/atmel/atmel toolchain/avr8 gcc/native/3.4.1056/avr8-gnu-toolchain/bin/../lib/gcc/avr/4.8.1/../../../../avr/lib/avr6\libm.a(fp_nan.o)
                0x00000fa6                __fp_nan
 .text.avr-libc.fplib
                0x00000fac        0xe c:/program files (x86)/atmel/atmel toolchain/avr8 gcc/native/3.4.1056/avr8-gnu-toolchain/bin/../lib/gcc/avr/4.8.1/../../../../avr/lib/avr6\libm.a(fp_pscA.o)
                0x00000fac                __fp_pscA
 .text.avr-libc.fplib
                0x00000fba        0xe c:/program files (x86)/atmel/atmel toolchain/avr8 gcc/native/3.4.1056/avr8-gnu-toolchain/bin/../lib/gcc/avr/4.8.1/../../../../avr/lib/avr6\libm.a(fp_pscB.o)
                0x00000fba                __fp_pscB
 .text.avr-libc.fplib
                0x00000fc8       0x22 c:/program files (x86)/atmel/atmel toolchain/avr8 gcc/native/3.4.1056/avr8-gnu-toolchain/bin/../lib/gcc/avr/4.8.1/../../../../avr/lib/avr6\libm.a(fp_round.o)
                0x00000fc8                __fp_round
 .text.avr-libc.fplib
                0x00000fea       0x44 c:/program files (x86)/atmel/atmel toolchain/avr8 gcc/native/3.4.1056/avr8-gnu-toolchain/bin/../lib/gcc/avr/4.8.1/../../../../avr/lib/avr6\libm.a(fp_split3.o)
                0x00000fea                __fp_split3
                0x00000ffa                __fp_splitA
 .text.avr-libc.fplib
                0x0000102e        0xe c:/program files (x86)/atmel/atmel toolchain/avr8 gcc/native/3.4.1056/avr8-gnu-toolchain/bin/../lib/gcc/avr/4.8.1/../../../../avr/lib/avr6\libm.a(fp_zero.o)
                0x0000102e                __fp_zero
                0x00001030                __fp_szero
 .text.avr-libc.fplib
                0x0000103c        0x4 c:/program files (x86)/atmel/atmel toolchain/avr8 gcc/native/3.4.1056/avr8-gnu-toolchain/bin/../lib/gcc/avr/4.8.1/../../../../avr/lib/avr6\libm.a(mulsf3.o)
                0x0000103c                __mulsf3
 .text.avr-libc.fplib
                0x00001040       0xc2 c:/program files (x86)/atmel/atmel toolchain/avr8 gcc/native/3.4.1056/avr8-gnu-toolchain/bin/../lib/gcc/avr/4.8.1/../../../../avr/lib/avr6\libm.a(mulsf3x.o)
                0x00001054                __mulsf3x
                0x00001058                __mulsf3_pse
 .text.libgcc.div
                0x00001102       0x44 c:/program files (x86)/atmel/atmel toolchain/avr8 gcc/native/3.4.1056/avr8-gnu-toolchain/bin/../lib/gcc/avr/4.8.1/avr6\libgcc.a(_udivmodsi4.o)
                0x00001102                __udivmodsi4
 .text.libgcc   0x00001146        0x8 c:/program files (x86)/atmel/atmel toolchain/avr8 gcc/native/3.4.1056/avr8-gnu-toolchain/bin/../lib/gcc/avr/4.8.1/avr6\libgcc.a(_tablejump_elpm.o)
                0x00001146                __tablejump_elpm__
 .text.avr-libc
                0x0000114e       0x40 c:/program files (x86)/atmel/atmel toolchain/avr8 gcc/native/3.4.1056/avr8-gnu-toolchain/bin/../lib/gcc/avr/4.8.1/../../../../avr/lib/avr6\libc.a(dtostrf.o)
                0x0000114e                dtostrf
 .text.avr-libc
                0x0000118e        0x6 c:/program files (x86)/atmel/atmel toolchain/avr8 gcc/native/3.4.1056/avr8-gnu-toolchain/bin/../lib/gcc/avr/4.8.1/../../../../avr/lib/avr6\libc.a(atof.o)
                0x0000118e                atof
 .text.avr-libc
                0x00001194       0x3a c:/program files (x86)/atmel/atmel toolchain/avr8 gcc/native/3.4.1056/avr8-gnu-toolchain/bin/../lib/gcc/avr/4.8.1/../../../../avr/lib/avr6\libc.a(atoi.o)
                0x00001194                atoi
 .text.avr-libc
                0x000011ce       0x12 c:/program files (x86)/atmel/atmel toolchain/avr8 gcc/native/3.4.1056/avr8-gnu-toolchain/bin/../lib/gcc/avr/4.8.1/../../../../avr/lib/avr6\libc.a(strcmp.o)
                0x000011ce                strcmp
 .text.avr-libc
                0x000011e0       0x14 c:/program files (x86)/atmel/atmel toolchain/avr8 gcc/native/3.4.1056/avr8-gnu-toolchain/bin/../lib/gcc/avr/4.8.1/../../../../avr/lib/avr6\libc.a(itoa_ncheck.o)
                0x000011e0                __itoa_ncheck
 .text.avr-libc
                0x000011f4       0x10 c:/program files (x86)/atmel/atmel toolchain/avr8 gcc/native/3.4.1056/avr8-gnu-toolchain/bin/../lib/gcc/avr/4.8.1/../../../../avr/lib/avr6\libc.a(mul10.o)
                0x000011f4                __mulhi_const_10
 .text.avr-libc
                0x00001204       0x32 c:/program files (x86)/atmel/atmel toolchain/avr8 gcc/native/3.4.1056/avr8-gnu-toolchain/bin/../lib/gcc/avr/4.8.1/../../../../avr/lib/avr6\libc.a(utoa_ncheck.o)
                0x00001204                __utoa_ncheck
                0x00001206                __utoa_common
 .text.avr-libc
                0x00001236      0x2fa c:/program files (x86)/atmel/atmel toolchain/avr8 gcc/native/3.4.1056/avr8-gnu-toolchain/bin/../lib/gcc/avr/4.8.1/../../../../avr/lib/avr6\libc.a(dtoa_prf.o)
                0x00001236                dtoa_prf
 .text.avr-libc
                0x00001530      0x2d0 c:/program files (x86)/atmel/atmel toolchain/avr8 gcc/native/3.4.1056/avr8-gnu-toolchain/bin/../lib/gcc/avr/4.8.1/../../../../avr/lib/avr6\libc.a(strtod.o)
                0x00001530                strtod
 .text.avr-libc
                0x00001800      0x1b0 c:/program files (x86)/atmel/atmel toolchain/avr8 gcc/native/3.4.1056/avr8-gnu-toolchain/bin/../lib/gcc/avr/4.8.1/../../../../avr/lib/avr6\libc.a(ftoa_engine.o)
                0x00001800                __ftoa_engine
 .text.avr-libc
                0x000019b0       0x10 c:/program files (x86)/atmel/atmel toolchain/avr8 gcc/native/3.4.1056/avr8-gnu-toolchain/bin/../lib/gcc/avr/4.8.1/../../../../avr/lib/avr6\libc.a(isspace.o)
                0x000019b0                isspace
 .text.avr-libc
                0x000019c0       0x30 c:/program files (x86)/atmel/atmel toolchain/avr8 gcc/native/3.4.1056/avr8-gnu-toolchain/bin/../lib/gcc/avr/4.8.1/../../../../avr/lib/avr6\libc.a(strncasecmp_P.o)
                0x000019c0                strncasecmp_P
 .text.avr-libc
                0x000019f0       0x20 c:/program files (x86)/atmel/atmel toolchain/avr8 gcc/native/3.4.1056/avr8-gnu-toolchain/bin/../lib/gcc/avr/4.8.1/../../../../avr/lib/avr6\libc.a(strrev.o)
                0x000019f0                strrev
 .text.avr-libc
                0x00001a10        0x6 c:/program files (x86)/atmel/atmel toolchain/avr8 gcc/native/3.4.1056/avr8-gnu-toolchain/bin/../lib/gcc/avr/4.8.1/../../../../avr/lib/avr6\libc.a(cty_isfalse.o)
                0x00001a10                __ctype_isfalse
                0x00001a14                __ctype_istrue
 .text.libgcc.mul
                0x00001a16       0x14 c:/program files (x86)/atmel/atmel toolchain/avr8 gcc/native/3.4.1056/avr8-gnu-toolchain/bin/../lib/gcc/avr/4.8.1/avr6\libgcc.a(_muluhisi3.o)
                0x00001a16                __muluhisi3
 .text.libgcc.mul
                0x00001a2a       0x1e c:/program files (x86)/atmel/atmel toolchain/avr8 gcc/native/3.4.1056/avr8-gnu-toolchain/bin/../lib/gcc/avr/4.8.1/avr6\libgcc.a(_umulhisi3.o)
                0x00001a2a                __umulhisi3
                0x00001a48                . = ALIGN (0x2)
 *(.fini9)
 .fini9         0x00001a48        0x0 c:/program files (x86)/atmel/atmel toolchain/avr8 gcc/native/3.4.1056/avr8-gnu-toolchain/bin/../lib/gcc/avr/4.8.1/avr6\libgcc.a(_exit.o)
                0x00001a48                _exit
                0x00001a48                exit
 *(.fini9)
 *(.fini8)
 *(.fini8)
 *(.fini7)
 *(.fini7)
 *(.fini6)
 *(.fini6)
 *(.fini5)
 *(.fini5)
 *(.fini4)
 *(.fini4)
 *(.fini3)
 *(.fini3)
 *(.fini2)
 *(.fini2)
 *(.fini1)
 *(.fini1)
 *(.fini0)
 .fini0         0x00001a48        0x4 c:/program files (x86)/atmel/atmel toolchain/avr8 gcc/native/3.4.1056/avr8-gnu-toolchain/bin/../lib/gcc/avr/4.8.1/avr6\libgcc.a(_exit.o)
 *(.fini0)
                0x00001a4c                _etext = .

.data           0x00800200       0xb2 load address 0x00001a4c
                0x00800200                PROVIDE (__data_start, .)
 *(.data)
 .data          0x00800200        0x0 c:/program files (x86)/atmel/atmel toolchain/avr8 gcc/native/3.4.1056/avr8-gnu-toolchain/bin/../lib/gcc/avr/4.8.1/../../../../avr/lib/avr6/crtm2560.o
 .data          0x00800200        0x0 accelerometer.o
 .data          0x00800200        0x0 altimeter.o
 .data          0x00800200        0x0 benchmark.o
 .data          0x00800200        0x0 compass.o
 .data          0x00800200        0x0 debug.o
 .data          0x00800200        0x0 gps.o
 .data          0x00800200        0x0 i2cmaster.o
 .data          0x00800200        0x0 quad_control.o
 .data          0x00800200        0x0 quad_output.o
 .data          0x00800200        0x0 rx.o
 .data          0x00800200        0x0 timing.o
 .data          0x00800200        0x0 usart.o
 .data          0x00800200        0x0 waypoint.o
 .data          0x00800200        0x0 waypointNavigator.o
 .data          0x00800200        0x0 c:/program files (x86)/atmel/atmel toolchain/avr8 gcc/native/3.4.1056/avr8-gnu-toolchain/bin/../lib/gcc/avr/4.8.1/../../../../avr/lib/avr6\libm.a(addsf3.o)
 .data          0x00800200        0x0 c:/program files (x86)/atmel/atmel toolchain/avr8 gcc/native/3.4.1056/avr8-gnu-toolchain/bin/../lib/gcc/avr/4.8.1/../../../../avr/lib/avr6\libm.a(addsf3x.o)
 .data          0x00800200        0x0 c:/program files (x86)/atmel/atmel toolchain/avr8 gcc/native/3.4.1056/avr8-gnu-toolchain/bin/../lib/gcc/avr/4.8.1/../../../../avr/lib/avr6\libm.a(atan2.o)
 .data          0x00800200        0x0 c:/program files (x86)/atmel/atmel toolchain/avr8 gcc/native/3.4.1056/avr8-gnu-toolchain/bin/../lib/gcc/avr/4.8.1/../../../../avr/lib/avr6\libm.a(atan.o)
 .data          0x00800200        0x0 c:/program files (x86)/atmel/atmel toolchain/avr8 gcc/native/3.4.1056/avr8-gnu-toolchain/bin/../lib/gcc/avr/4.8.1/../../../../avr/lib/avr6\libm.a(cmpsf2.o)
 .data          0x00800200        0x0 c:/program files (x86)/atmel/atmel toolchain/avr8 gcc/native/3.4.1056/avr8-gnu-toolchain/bin/../lib/gcc/avr/4.8.1/../../../../avr/lib/avr6\libm.a(cos.o)
 .data          0x00800200        0x0 c:/program files (x86)/atmel/atmel toolchain/avr8 gcc/native/3.4.1056/avr8-gnu-toolchain/bin/../lib/gcc/avr/4.8.1/../../../../avr/lib/avr6\libm.a(divsf3.o)
 .data          0x00800200        0x0 c:/program files (x86)/atmel/atmel toolchain/avr8 gcc/native/3.4.1056/avr8-gnu-toolchain/bin/../lib/gcc/avr/4.8.1/../../../../avr/lib/avr6\libm.a(divsf3x.o)
 .data          0x00800200        0x0 c:/program files (x86)/atmel/atmel toolchain/avr8 gcc/native/3.4.1056/avr8-gnu-toolchain/bin/../lib/gcc/avr/4.8.1/../../../../avr/lib/avr6\libm.a(fixsfsi.o)
 .data          0x00800200        0x0 c:/program files (x86)/atmel/atmel toolchain/avr8 gcc/native/3.4.1056/avr8-gnu-toolchain/bin/../lib/gcc/avr/4.8.1/../../../../avr/lib/avr6\libm.a(fixunssfsi.o)
 .data          0x00800200        0x0 c:/program files (x86)/atmel/atmel toolchain/avr8 gcc/native/3.4.1056/avr8-gnu-toolchain/bin/../lib/gcc/avr/4.8.1/../../../../avr/lib/avr6\libm.a(floatsisf.o)
 .data          0x00800200        0x0 c:/program files (x86)/atmel/atmel toolchain/avr8 gcc/native/3.4.1056/avr8-gnu-toolchain/bin/../lib/gcc/avr/4.8.1/../../../../avr/lib/avr6\libm.a(floor.o)
 .data          0x00800200        0x0 c:/program files (x86)/atmel/atmel toolchain/avr8 gcc/native/3.4.1056/avr8-gnu-toolchain/bin/../lib/gcc/avr/4.8.1/../../../../avr/lib/avr6\libm.a(fp_cmp.o)
 .data          0x00800200        0x0 c:/program files (x86)/atmel/atmel toolchain/avr8 gcc/native/3.4.1056/avr8-gnu-toolchain/bin/../lib/gcc/avr/4.8.1/../../../../avr/lib/avr6\libm.a(fp_inf.o)
 .data          0x00800200        0x0 c:/program files (x86)/atmel/atmel toolchain/avr8 gcc/native/3.4.1056/avr8-gnu-toolchain/bin/../lib/gcc/avr/4.8.1/../../../../avr/lib/avr6\libm.a(fp_mintl.o)
 .data          0x00800200        0x0 c:/program files (x86)/atmel/atmel toolchain/avr8 gcc/native/3.4.1056/avr8-gnu-toolchain/bin/../lib/gcc/avr/4.8.1/../../../../avr/lib/avr6\libm.a(fp_mpack.o)
 .data          0x00800200        0x0 c:/program files (x86)/atmel/atmel toolchain/avr8 gcc/native/3.4.1056/avr8-gnu-toolchain/bin/../lib/gcc/avr/4.8.1/../../../../avr/lib/avr6\libm.a(fp_nan.o)
 .data          0x00800200        0x0 c:/program files (x86)/atmel/atmel toolchain/avr8 gcc/native/3.4.1056/avr8-gnu-toolchain/bin/../lib/gcc/avr/4.8.1/../../../../avr/lib/avr6\libm.a(fp_powser.o)
 .data          0x00800200        0x0 c:/program files (x86)/atmel/atmel toolchain/avr8 gcc/native/3.4.1056/avr8-gnu-toolchain/bin/../lib/gcc/avr/4.8.1/../../../../avr/lib/avr6\libm.a(fp_pscA.o)
 .data          0x00800200        0x0 c:/program files (x86)/atmel/atmel toolchain/avr8 gcc/native/3.4.1056/avr8-gnu-toolchain/bin/../lib/gcc/avr/4.8.1/../../../../avr/lib/avr6\libm.a(fp_pscB.o)
 .data          0x00800200        0x0 c:/program files (x86)/atmel/atmel toolchain/avr8 gcc/native/3.4.1056/avr8-gnu-toolchain/bin/../lib/gcc/avr/4.8.1/../../../../avr/lib/avr6\libm.a(fp_rempio2.o)
 .data          0x00800200        0x0 c:/program files (x86)/atmel/atmel toolchain/avr8 gcc/native/3.4.1056/avr8-gnu-toolchain/bin/../lib/gcc/avr/4.8.1/../../../../avr/lib/avr6\libm.a(fp_round.o)
 .data          0x00800200        0x0 c:/program files (x86)/atmel/atmel toolchain/avr8 gcc/native/3.4.1056/avr8-gnu-toolchain/bin/../lib/gcc/avr/4.8.1/../../../../avr/lib/avr6\libm.a(fp_sinus.o)
 .data          0x00800200        0x0 c:/program files (x86)/atmel/atmel toolchain/avr8 gcc/native/3.4.1056/avr8-gnu-toolchain/bin/../lib/gcc/avr/4.8.1/../../../../avr/lib/avr6\libm.a(fp_split3.o)
 .data          0x00800200        0x0 c:/program files (x86)/atmel/atmel toolchain/avr8 gcc/native/3.4.1056/avr8-gnu-toolchain/bin/../lib/gcc/avr/4.8.1/../../../../avr/lib/avr6\libm.a(fp_trunc.o)
 .data          0x00800200        0x0 c:/program files (x86)/atmel/atmel toolchain/avr8 gcc/native/3.4.1056/avr8-gnu-toolchain/bin/../lib/gcc/avr/4.8.1/../../../../avr/lib/avr6\libm.a(fp_zero.o)
 .data          0x00800200        0x0 c:/program files (x86)/atmel/atmel toolchain/avr8 gcc/native/3.4.1056/avr8-gnu-toolchain/bin/../lib/gcc/avr/4.8.1/../../../../avr/lib/avr6\libm.a(gesf2.o)
 .data          0x00800200        0x0 c:/program files (x86)/atmel/atmel toolchain/avr8 gcc/native/3.4.1056/avr8-gnu-toolchain/bin/../lib/gcc/avr/4.8.1/../../../../avr/lib/avr6\libm.a(inverse.o)
 .data          0x00800200        0x0 c:/program files (x86)/atmel/atmel toolchain/avr8 gcc/native/3.4.1056/avr8-gnu-toolchain/bin/../lib/gcc/avr/4.8.1/../../../../avr/lib/avr6\libm.a(mulsf3.o)
 .data          0x00800200        0x0 c:/program files (x86)/atmel/atmel toolchain/avr8 gcc/native/3.4.1056/avr8-gnu-toolchain/bin/../lib/gcc/avr/4.8.1/../../../../avr/lib/avr6\libm.a(mulsf3x.o)
 .data          0x00800200        0x0 c:/program files (x86)/atmel/atmel toolchain/avr8 gcc/native/3.4.1056/avr8-gnu-toolchain/bin/../lib/gcc/avr/4.8.1/../../../../avr/lib/avr6\libm.a(sin.o)
 .data          0x00800200        0x0 c:/program files (x86)/atmel/atmel toolchain/avr8 gcc/native/3.4.1056/avr8-gnu-toolchain/bin/../lib/gcc/avr/4.8.1/../../../../avr/lib/avr6\libm.a(sqrt.o)
 .data          0x00800200        0x0 c:/program files (x86)/atmel/atmel toolchain/avr8 gcc/native/3.4.1056/avr8-gnu-toolchain/bin/../lib/gcc/avr/4.8.1/../../../../avr/lib/avr6\libm.a(square.o)
 .data          0x00800200        0x0 c:/program files (x86)/atmel/atmel toolchain/avr8 gcc/native/3.4.1056/avr8-gnu-toolchain/bin/../lib/gcc/avr/4.8.1/../../../../avr/lib/avr6\libm.a(fp_norm2.o)
 .data          0x00800200        0x0 c:/program files (x86)/atmel/atmel toolchain/avr8 gcc/native/3.4.1056/avr8-gnu-toolchain/bin/../lib/gcc/avr/4.8.1/../../../../avr/lib/avr6\libm.a(fp_powsodd.o)
 .data          0x00800200        0x0 c:/program files (x86)/atmel/atmel toolchain/avr8 gcc/native/3.4.1056/avr8-gnu-toolchain/bin/../lib/gcc/avr/4.8.1/avr6\libgcc.a(_divmodhi4.o)
 .data          0x00800200        0x0 c:/program files (x86)/atmel/atmel toolchain/avr8 gcc/native/3.4.1056/avr8-gnu-toolchain/bin/../lib/gcc/avr/4.8.1/avr6\libgcc.a(_udivmodsi4.o)
 .data          0x00800200        0x0 c:/program files (x86)/atmel/atmel toolchain/avr8 gcc/native/3.4.1056/avr8-gnu-toolchain/bin/../lib/gcc/avr/4.8.1/avr6\libgcc.a(_exit.o)
 .data          0x00800200        0x0 c:/program files (x86)/atmel/atmel toolchain/avr8 gcc/native/3.4.1056/avr8-gnu-toolchain/bin/../lib/gcc/avr/4.8.1/avr6\libgcc.a(_copy_data.o)
 .data          0x00800200        0x0 c:/program files (x86)/atmel/atmel toolchain/avr8 gcc/native/3.4.1056/avr8-gnu-toolchain/bin/../lib/gcc/avr/4.8.1/avr6\libgcc.a(_clear_bss.o)
 .data          0x00800200        0x0 c:/program files (x86)/atmel/atmel toolchain/avr8 gcc/native/3.4.1056/avr8-gnu-toolchain/bin/../lib/gcc/avr/4.8.1/avr6\libgcc.a(_ctors.o)
 .data          0x00800200        0x0 c:/program files (x86)/atmel/atmel toolchain/avr8 gcc/native/3.4.1056/avr8-gnu-toolchain/bin/../lib/gcc/avr/4.8.1/avr6\libgcc.a(_tablejump_elpm.o)
 .data          0x00800200        0x0 c:/program files (x86)/atmel/atmel toolchain/avr8 gcc/native/3.4.1056/avr8-gnu-toolchain/bin/../lib/gcc/avr/4.8.1/avr6\libgcc.a(_udivmodhi4.o)
 .data          0x00800200        0x0 c:/program files (x86)/atmel/atmel toolchain/avr8 gcc/native/3.4.1056/avr8-gnu-toolchain/bin/../lib/gcc/avr/4.8.1/../../../../avr/lib/avr6\libc.a(dtostrf.o)
 .data          0x00800200        0x0 c:/program files (x86)/atmel/atmel toolchain/avr8 gcc/native/3.4.1056/avr8-gnu-toolchain/bin/../lib/gcc/avr/4.8.1/../../../../avr/lib/avr6\libc.a(atof.o)
 .data          0x00800200        0x0 c:/program files (x86)/atmel/atmel toolchain/avr8 gcc/native/3.4.1056/avr8-gnu-toolchain/bin/../lib/gcc/avr/4.8.1/../../../../avr/lib/avr6\libc.a(atoi.o)
 .data          0x00800200        0x0 c:/program files (x86)/atmel/atmel toolchain/avr8 gcc/native/3.4.1056/avr8-gnu-toolchain/bin/../lib/gcc/avr/4.8.1/../../../../avr/lib/avr6\libc.a(strcmp.o)
 .data          0x00800200        0x0 c:/program files (x86)/atmel/atmel toolchain/avr8 gcc/native/3.4.1056/avr8-gnu-toolchain/bin/../lib/gcc/avr/4.8.1/../../../../avr/lib/avr6\libc.a(itoa_ncheck.o)
 .data          0x00800200        0x0 c:/program files (x86)/atmel/atmel toolchain/avr8 gcc/native/3.4.1056/avr8-gnu-toolchain/bin/../lib/gcc/avr/4.8.1/../../../../avr/lib/avr6\libc.a(mul10.o)
 .data          0x00800200        0x0 c:/program files (x86)/atmel/atmel toolchain/avr8 gcc/native/3.4.1056/avr8-gnu-toolchain/bin/../lib/gcc/avr/4.8.1/../../../../avr/lib/avr6\libc.a(utoa_ncheck.o)
 .data          0x00800200        0x0 c:/program files (x86)/atmel/atmel toolchain/avr8 gcc/native/3.4.1056/avr8-gnu-toolchain/bin/../lib/gcc/avr/4.8.1/../../../../avr/lib/avr6\libc.a(dtoa_prf.o)
 .data          0x00800200        0x0 c:/program files (x86)/atmel/atmel toolchain/avr8 gcc/native/3.4.1056/avr8-gnu-toolchain/bin/../lib/gcc/avr/4.8.1/../../../../avr/lib/avr6\libc.a(strtod.o)
 .data          0x00800200        0x0 c:/program files (x86)/atmel/atmel toolchain/avr8 gcc/native/3.4.1056/avr8-gnu-toolchain/bin/../lib/gcc/avr/4.8.1/../../../../avr/lib/avr6\libc.a(ftoa_engine.o)
 .data          0x00800200        0x0 c:/program files (x86)/atmel/atmel toolchain/avr8 gcc/native/3.4.1056/avr8-gnu-toolchain/bin/../lib/gcc/avr/4.8.1/../../../../avr/lib/avr6\libc.a(isspace.o)
 .data          0x00800200        0x0 c:/program files (x86)/atmel/atmel toolchain/avr8 gcc/native/3.4.1056/avr8-gnu-toolchain/bin/../lib/gcc/avr/4.8.1/../../../../avr/lib/avr6\libc.a(strncasecmp_P.o)
 .data          0x00800200        0x0 c:/program files (x86)/atmel/atmel toolchain/avr8 gcc/native/3.4.1056/avr8-gnu-toolchain/bin/../lib/gcc/avr/4.8.1/../../../../avr/lib/avr6\libc.a(strrev.o)
 .data          0x00800200        0x0 c:/program files (x86)/atmel/atmel toolchain/avr8 gcc/native/3.4.1056/avr8-gnu-toolchain/bin/../lib/gcc/avr/4.8.1/../../../../avr/lib/avr6\libc.a(errno.o)
 .data          0x00800200        0x0 c:/program files (x86)/atmel/atmel toolchain/avr8 gcc/native/3.4.1056/avr8-gnu-toolchain/bin/../lib/gcc/avr/4.8.1/../../../../avr/lib/avr6\libc.a(cty_isfalse.o)
 .data          0x00800200        0x0 c:/program files (x86)/atmel/atmel toolchain/avr8 gcc/native/3.4.1056/avr8-gnu-toolchain/bin/../lib/gcc/avr/4.8.1/avr6\libgcc.a(_muluhisi3.o)
 .data          0x00800200        0x0 c:/program files (x86)/atmel/atmel toolchain/avr8 gcc/native/3.4.1056/avr8-gnu-toolchain/bin/../lib/gcc/avr/4.8.1/avr6\libgcc.a(_umulhisi3.o)
 *(.data*)
 .data.ccmpr2   0x00800200        0x1 gps.o
                0x00800200                ccmpr2
 .data.ccmpr    0x00800201        0x1 gps.o
                0x00800201                ccmpr
 .data.ptr_nevery
                0x00800202        0x2 gps.o
                0x00800202                ptr_nevery
 .data.ptr_header
                0x00800204        0x2 gps.o
                0x00800204                ptr_header
 .data.ptr_gpgga
                0x00800206        0x2 gps.o
                0x00800206                ptr_gpgga
 .data.ptr_j    0x00800208        0x2 gps.o
                0x00800208                ptr_j
 *(.rodata)
 *(.rodata*)
 .rodata.str1.1
                0x0080020a        0x3 debug.o
 .rodata.str1.1
                0x0080020d       0x68 gps.o
                                 0x6a (size before relaxing)
 .rodata.str1.1
                0x00800275       0x3c waypointNavigator.o
 *(.gnu.linkonce.d*)
                0x008002b2                . = ALIGN (0x2)
 *fill*         0x008002b1        0x1 
                0x008002b2                _edata = .
                0x008002b2                PROVIDE (__data_end, .)

.bss            0x008002b2       0xe8
                0x008002b2                PROVIDE (__bss_start, .)
 *(.bss)
 *(.bss*)
 .bss.chop      0x008002b2        0x1 gps.o
                0x008002b2                chop
 .bss.nevery    0x008002b3       0x46 gps.o
                0x008002b3                nevery
 .bss.every     0x008002f9       0x46 gps.o
                0x008002f9                every
 .bss.header    0x0080033f        0x7 gps.o
                0x0080033f                header
 .bss.fix       0x00800346        0x2 gps.o
                0x00800346                fix
 .bss.len       0x00800348        0x2 gps.o
                0x00800348                len
 .bss.chk       0x0080034a        0x2 gps.o
                0x0080034a                chk
 .bss.j         0x0080034c        0x2 gps.o
                0x0080034c                j
 .bss.i         0x0080034e        0x2 gps.o
                0x0080034e                i
 .bss.gpsd      0x00800350        0x1 gps.o
                0x00800350                gpsd
 .bss.sats      0x00800351        0x4 gps.o
                0x00800351                sats
 .bss.lon2      0x00800355        0x4 gps.o
                0x00800355                lon2
 .bss.lat2      0x00800359        0x4 gps.o
                0x00800359                lat2
 .bss.lon2_deg  0x0080035d        0x4 gps.o
                0x0080035d                lon2_deg
 .bss.lat2_deg  0x00800361        0x4 gps.o
                0x00800361                lat2_deg
 .bss.timeUTC   0x00800365        0x4 gps.o
                0x00800365                timeUTC
 .bss.portHistory
                0x00800369        0x1 rx.o
                0x00800369                portHistory
 .bss.ulAuxStart
                0x0080036a        0x4 rx.o
                0x0080036a                ulAuxStart
 .bss.ulGearStart
                0x0080036e        0x4 rx.o
                0x0080036e                ulGearStart
 .bss.ulRudderStart
                0x00800372        0x4 rx.o
                0x00800372                ulRudderStart
 .bss.ulElevatorStart
                0x00800376        0x4 rx.o
                0x00800376                ulElevatorStart
 .bss.ulAileronStart
                0x0080037a        0x4 rx.o
                0x0080037a                ulAileronStart
 .bss.ulThrottleStart
                0x0080037e        0x4 rx.o
                0x0080037e                ulThrottleStart
 .bss.rxUpdateFlagsShared
                0x00800382        0x1 rx.o
                0x00800382                rxUpdateFlagsShared
 .bss.unAuxInShared
                0x00800383        0x2 rx.o
                0x00800383                unAuxInShared
 .bss.unGearInShared
                0x00800385        0x2 rx.o
                0x00800385                unGearInShared
 .bss.unRudderInShared
                0x00800387        0x2 rx.o
                0x00800387                unRudderInShared
 .bss.unElevatorInShared
                0x00800389        0x2 rx.o
                0x00800389                unElevatorInShared
 .bss.unAileronInShared
                0x0080038b        0x2 rx.o
                0x0080038b                unAileronInShared
 .bss.unThrottleInShared
                0x0080038d        0x2 rx.o
                0x0080038d                unThrottleInShared
 .bss._ZL12timer0_fract
                0x0080038f        0x1 timing.o
 .bss.timer0_millis
                0x00800390        0x4 timing.o
                0x00800390                timer0_millis
 .bss.timer0_overflow_count
                0x00800394        0x4 timing.o
                0x00800394                timer0_overflow_count
 *(COMMON)
 COMMON         0x00800398        0x2 c:/program files (x86)/atmel/atmel toolchain/avr8 gcc/native/3.4.1056/avr8-gnu-toolchain/bin/../lib/gcc/avr/4.8.1/../../../../avr/lib/avr6\libc.a(errno.o)
                0x00800398                errno
                0x0080039a                PROVIDE (__bss_end, .)
                0x00001a4c                __data_load_start = LOADADDR (.data)
                0x00001afe                __data_load_end = (__data_load_start + SIZEOF (.data))

.noinit         0x0080039a        0x0
                0x0080039a                PROVIDE (__noinit_start, .)
 *(.noinit*)
                0x0080039a                PROVIDE (__noinit_end, .)
                0x0080039a                _end = .
                0x0080039a                PROVIDE (__heap_start, .)

.eeprom         0x00810000        0x0
 *(.eeprom*)
                0x00810000                __eeprom_end = .

.fuse
 *(.fuse)
 *(.lfuse)
 *(.hfuse)
 *(.efuse)

.lock
 *(.lock*)

.signature
 *(.signature*)

.user_signatures
 *(.user_signatures*)

.stab           0x00000000       0x24
 *(.stab)
 .stab          0x00000000       0x24 i2cmaster.o

.stabstr        0x00000000       0x1e
 *(.stabstr)
 .stabstr       0x00000000       0x1e i2cmaster.o

.stab.excl
 *(.stab.excl)

.stab.exclstr
 *(.stab.exclstr)

.stab.index
 *(.stab.index)

.stab.indexstr
 *(.stab.indexstr)

.comment        0x00000000       0x5c
 *(.comment)
 .comment       0x00000000       0x30 accelerometer.o
                                 0x31 (size before relaxing)
 .comment       0x00000000       0x31 altimeter.o
 .comment       0x00000000       0x31 benchmark.o
 .comment       0x00000000       0x31 compass.o
 .comment       0x00000000       0x31 debug.o
 .comment       0x00000000       0x31 gps.o
 .comment       0x00000000       0x31 quad_control.o
 .comment       0x00000000       0x31 quad_output.o
 .comment       0x00000000       0x31 rx.o
 .comment       0x00000000       0x31 timing.o
 .comment       0x00000000       0x31 usart.o
 .comment       0x00000000       0x31 waypoint.o
 .comment       0x00000000       0x31 waypointNavigator.o
 .comment       0x00000000       0x31 c:/program files (x86)/atmel/atmel toolchain/avr8 gcc/native/3.4.1056/avr8-gnu-toolchain/bin/../lib/gcc/avr/4.8.1/../../../../avr/lib/avr6\libc.a(dtostrf.o)
 .comment       0x00000000       0x31 c:/program files (x86)/atmel/atmel toolchain/avr8 gcc/native/3.4.1056/avr8-gnu-toolchain/bin/../lib/gcc/avr/4.8.1/../../../../avr/lib/avr6\libc.a(dtoa_prf.o)
 .comment       0x00000000       0x31 c:/program files (x86)/atmel/atmel toolchain/avr8 gcc/native/3.4.1056/avr8-gnu-toolchain/bin/../lib/gcc/avr/4.8.1/../../../../avr/lib/avr6\libc.a(strtod.o)
 .comment       0x00000030       0x2c c:/program files (x86)/atmel/atmel toolchain/avr8 gcc/native/3.4.1056/avr8-gnu-toolchain/bin/../lib/gcc/avr/4.8.1/../../../../avr/lib/avr6\libc.a(errno.o)
                                 0x2d (size before relaxing)

.note.gnu.build-id
 *(.note.gnu.build-id)

.debug
 *(.debug)

.line
 *(.line)

.debug_srcinfo
 *(.debug_srcinfo)

.debug_sfnames
 *(.debug_sfnames)

.debug_aranges  0x00000000      0x440
 *(.debug_aranges)
 .debug_aranges
                0x00000000       0x40 accelerometer.o
 .debug_aranges
                0x00000040       0x68 altimeter.o
 .debug_aranges
                0x000000a8       0x30 benchmark.o
 .debug_aranges
                0x000000d8       0x38 compass.o
 .debug_aranges
                0x00000110       0x50 debug.o
 .debug_aranges
                0x00000160       0x98 gps.o
 .debug_aranges
                0x000001f8       0x20 i2cmaster.o
 .debug_aranges
                0x00000218       0x30 quad_control.o
 .debug_aranges
                0x00000248       0x60 quad_output.o
 .debug_aranges
                0x000002a8       0x68 rx.o
 .debug_aranges
                0x00000310       0x38 timing.o
 .debug_aranges
                0x00000348       0x38 usart.o
 .debug_aranges
                0x00000380       0x98 waypoint.o
 .debug_aranges
                0x00000418       0x28 waypointNavigator.o

.debug_pubnames
 *(.debug_pubnames)

.debug_info     0x00000000     0x5bbc
 *(.debug_info .gnu.linkonce.wi.*)
 .debug_info    0x00000000      0x8e7 accelerometer.o
 .debug_info    0x000008e7      0x7c6 altimeter.o
 .debug_info    0x000010ad      0x50e benchmark.o
 .debug_info    0x000015bb      0x4d8 compass.o
 .debug_info    0x00001a93      0x55f debug.o
 .debug_info    0x00001ff2      0xdea gps.o
 .debug_info    0x00002ddc       0x97 i2cmaster.o
 .debug_info    0x00002e73      0x567 quad_control.o
 .debug_info    0x000033da      0x47b quad_output.o
 .debug_info    0x00003855      0x453 rx.o
 .debug_info    0x00003ca8      0x1b0 timing.o
 .debug_info    0x00003e58      0x193 usart.o
 .debug_info    0x00003feb     0x1629 waypoint.o
 .debug_info    0x00005614      0x5a8 waypointNavigator.o

.debug_abbrev   0x00000000     0x1750
 *(.debug_abbrev)
 .debug_abbrev  0x00000000      0x1fa accelerometer.o
 .debug_abbrev  0x000001fa      0x236 altimeter.o
 .debug_abbrev  0x00000430      0x19f benchmark.o
 .debug_abbrev  0x000005cf      0x1a5 compass.o
 .debug_abbrev  0x00000774      0x1da debug.o
 .debug_abbrev  0x0000094e      0x2f0 gps.o
 .debug_abbrev  0x00000c3e       0x14 i2cmaster.o
 .debug_abbrev  0x00000c52      0x1e8 quad_control.o
 .debug_abbrev  0x00000e3a      0x169 quad_output.o
 .debug_abbrev  0x00000fa3      0x169 rx.o
 .debug_abbrev  0x0000110c       0xd5 timing.o
 .debug_abbrev  0x000011e1       0xe9 usart.o
 .debug_abbrev  0x000012ca      0x30a waypoint.o
 .debug_abbrev  0x000015d4      0x17c waypointNavigator.o

.debug_line     0x00000000     0x29af
 *(.debug_line .debug_line.* .debug_line_end)
 .debug_line    0x00000000      0x3bd accelerometer.o
 .debug_line    0x000003bd      0x3ae altimeter.o
 .debug_line    0x0000076b      0x2cf benchmark.o
 .debug_line    0x00000a3a      0x25d compass.o
 .debug_line    0x00000c97      0x21e debug.o
 .debug_line    0x00000eb5      0x540 gps.o
 .debug_line    0x000013f5      0x2a3 i2cmaster.o
 .debug_line    0x00001698      0x25d quad_control.o
 .debug_line    0x000018f5      0x1f1 quad_output.o
 .debug_line    0x00001ae6      0x36d rx.o
 .debug_line    0x00001e53      0x199 timing.o
 .debug_line    0x00001fec      0x263 usart.o
 .debug_line    0x0000224f      0x4c1 waypoint.o
 .debug_line    0x00002710      0x29f waypointNavigator.o

.debug_frame    0x00000000      0xd68
 *(.debug_frame)
 .debug_frame   0x00000000      0x110 accelerometer.o
 .debug_frame   0x00000110      0x110 altimeter.o
 .debug_frame   0x00000220      0x10c benchmark.o
 .debug_frame   0x0000032c       0xa4 compass.o
 .debug_frame   0x000003d0       0xc0 debug.o
 .debug_frame   0x00000490      0x1fc gps.o
 .debug_frame   0x0000068c       0x9c quad_control.o
 .debug_frame   0x00000728       0xfc quad_output.o
 .debug_frame   0x00000824      0x114 rx.o
 .debug_frame   0x00000938       0x7c timing.o
 .debug_frame   0x000009b4       0x74 usart.o
 .debug_frame   0x00000a28      0x30c waypoint.o
 .debug_frame   0x00000d34       0x34 waypointNavigator.o

.debug_str      0x00000000     0x1a83
 *(.debug_str)
 .debug_str     0x00000000      0x372 accelerometer.o
                                0x3ba (size before relaxing)
 .debug_str     0x00000372      0x2a2 altimeter.o
                                0x4ff (size before relaxing)
 .debug_str     0x00000614      0x14c benchmark.o
                                0x39f (size before relaxing)
 .debug_str     0x00000760      0x419 compass.o
                                0x652 (size before relaxing)
 .debug_str     0x00000b79       0xf9 debug.o
                                0x358 (size before relaxing)
 .debug_str     0x00000c72      0x3fc gps.o
                                0x654 (size before relaxing)
 .debug_str     0x0000106e      0x24d quad_control.o
                                0x4f9 (size before relaxing)
 .debug_str     0x000012bb      0x1aa quad_output.o
                                0x473 (size before relaxing)
 .debug_str     0x00001465      0x1d6 rx.o
                                0x482 (size before relaxing)
 .debug_str     0x0000163b       0x7b timing.o
                                0x232 (size before relaxing)
 .debug_str     0x000016b6       0x55 usart.o
                                0x257 (size before relaxing)
 .debug_str     0x0000170b      0x33d waypoint.o
                                0x6a4 (size before relaxing)
 .debug_str     0x00001a48       0x3b waypointNavigator.o
                                0x3ef (size before relaxing)

.debug_loc      0x00000000     0x35b7
 *(.debug_loc)
 .debug_loc     0x00000000      0x560 accelerometer.o
 .debug_loc     0x00000560      0x467 altimeter.o
 .debug_loc     0x000009c7      0x488 benchmark.o
 .debug_loc     0x00000e4f      0x174 compass.o
 .debug_loc     0x00000fc3      0x221 debug.o
 .debug_loc     0x000011e4      0x927 gps.o
 .debug_loc     0x00001b0b      0x207 quad_control.o
 .debug_loc     0x00001d12      0x296 quad_output.o
 .debug_loc     0x00001fa8      0x134 rx.o
 .debug_loc     0x000020dc      0x169 timing.o
 .debug_loc     0x00002245      0x25c usart.o
 .debug_loc     0x000024a1     0x1116 waypoint.o

.debug_macinfo
 *(.debug_macinfo)

.debug_weaknames
 *(.debug_weaknames)

.debug_funcnames
 *(.debug_funcnames)

.debug_typenames
 *(.debug_typenames)

.debug_varnames
 *(.debug_varnames)

.debug_pubtypes
 *(.debug_pubtypes)

.debug_ranges   0x00000000      0x350
 *(.debug_ranges)
 .debug_ranges  0x00000000       0x30 accelerometer.o
 .debug_ranges  0x00000030       0x58 altimeter.o
 .debug_ranges  0x00000088       0x20 benchmark.o
 .debug_ranges  0x000000a8       0x28 compass.o
 .debug_ranges  0x000000d0       0x40 debug.o
 .debug_ranges  0x00000110       0x88 gps.o
 .debug_ranges  0x00000198       0x20 quad_control.o
 .debug_ranges  0x000001b8       0x50 quad_output.o
 .debug_ranges  0x00000208       0x58 rx.o
 .debug_ranges  0x00000260       0x28 timing.o
 .debug_ranges  0x00000288       0x28 usart.o
 .debug_ranges  0x000002b0       0x88 waypoint.o
 .debug_ranges  0x00000338       0x18 waypointNavigator.o

.debug_macro
 *(.debug_macro)
OUTPUT(waypointNavigator.elf elf32-avr)
LOAD linker stubs
