Archive member included because of file (symbol)

c:/program files (x86)/atmel/atmel toolchain/avr8 gcc/native/3.4.1056/avr8-gnu-toolchain/bin/../lib/gcc/avr/4.8.1/../../../../avr/lib/avr6\libm.a(addsf3.o)
                              benchmark.o (__subsf3)
c:/program files (x86)/atmel/atmel toolchain/avr8 gcc/native/3.4.1056/avr8-gnu-toolchain/bin/../lib/gcc/avr/4.8.1/../../../../avr/lib/avr6\libm.a(addsf3x.o)
                              c:/program files (x86)/atmel/atmel toolchain/avr8 gcc/native/3.4.1056/avr8-gnu-toolchain/bin/../lib/gcc/avr/4.8.1/../../../../avr/lib/avr6\libm.a(addsf3.o) (__addsf3x)
c:/program files (x86)/atmel/atmel toolchain/avr8 gcc/native/3.4.1056/avr8-gnu-toolchain/bin/../lib/gcc/avr/4.8.1/../../../../avr/lib/avr6\libm.a(atan2.o)
                              accelerometer.o (atan2)
c:/program files (x86)/atmel/atmel toolchain/avr8 gcc/native/3.4.1056/avr8-gnu-toolchain/bin/../lib/gcc/avr/4.8.1/../../../../avr/lib/avr6\libm.a(atan.o)
                              c:/program files (x86)/atmel/atmel toolchain/avr8 gcc/native/3.4.1056/avr8-gnu-toolchain/bin/../lib/gcc/avr/4.8.1/../../../../avr/lib/avr6\libm.a(atan2.o) (atan)
c:/program files (x86)/atmel/atmel toolchain/avr8 gcc/native/3.4.1056/avr8-gnu-toolchain/bin/../lib/gcc/avr/4.8.1/../../../../avr/lib/avr6\libm.a(cmpsf2.o)
                              altimeter.o (__eqsf2)
c:/program files (x86)/atmel/atmel toolchain/avr8 gcc/native/3.4.1056/avr8-gnu-toolchain/bin/../lib/gcc/avr/4.8.1/../../../../avr/lib/avr6\libm.a(cos.o)
                              waypoint.o (cos)
c:/program files (x86)/atmel/atmel toolchain/avr8 gcc/native/3.4.1056/avr8-gnu-toolchain/bin/../lib/gcc/avr/4.8.1/../../../../avr/lib/avr6\libm.a(divsf3.o)
                              accelerometer.o (__divsf3)
c:/program files (x86)/atmel/atmel toolchain/avr8 gcc/native/3.4.1056/avr8-gnu-toolchain/bin/../lib/gcc/avr/4.8.1/../../../../avr/lib/avr6\libm.a(divsf3x.o)
                              c:/program files (x86)/atmel/atmel toolchain/avr8 gcc/native/3.4.1056/avr8-gnu-toolchain/bin/../lib/gcc/avr/4.8.1/../../../../avr/lib/avr6\libm.a(divsf3.o) (__divsf3x)
c:/program files (x86)/atmel/atmel toolchain/avr8 gcc/native/3.4.1056/avr8-gnu-toolchain/bin/../lib/gcc/avr/4.8.1/../../../../avr/lib/avr6\libm.a(fixsfsi.o)
                              gps.o (__fixsfsi)
c:/program files (x86)/atmel/atmel toolchain/avr8 gcc/native/3.4.1056/avr8-gnu-toolchain/bin/../lib/gcc/avr/4.8.1/../../../../avr/lib/avr6\libm.a(fixunssfsi.o)
                              c:/program files (x86)/atmel/atmel toolchain/avr8 gcc/native/3.4.1056/avr8-gnu-toolchain/bin/../lib/gcc/avr/4.8.1/../../../../avr/lib/avr6\libm.a(fixsfsi.o) (__fixunssfsi)
c:/program files (x86)/atmel/atmel toolchain/avr8 gcc/native/3.4.1056/avr8-gnu-toolchain/bin/../lib/gcc/avr/4.8.1/../../../../avr/lib/avr6\libm.a(floatsisf.o)
                              rx.o (__floatunsisf)
c:/program files (x86)/atmel/atmel toolchain/avr8 gcc/native/3.4.1056/avr8-gnu-toolchain/bin/../lib/gcc/avr/4.8.1/../../../../avr/lib/avr6\libm.a(floor.o)
                              waypoint.o (floor)
c:/program files (x86)/atmel/atmel toolchain/avr8 gcc/native/3.4.1056/avr8-gnu-toolchain/bin/../lib/gcc/avr/4.8.1/../../../../avr/lib/avr6\libm.a(fp_cmp.o)
                              c:/program files (x86)/atmel/atmel toolchain/avr8 gcc/native/3.4.1056/avr8-gnu-toolchain/bin/../lib/gcc/avr/4.8.1/../../../../avr/lib/avr6\libm.a(cmpsf2.o) (__fp_cmp)
c:/program files (x86)/atmel/atmel toolchain/avr8 gcc/native/3.4.1056/avr8-gnu-toolchain/bin/../lib/gcc/avr/4.8.1/../../../../avr/lib/avr6\libm.a(fp_inf.o)
                              c:/program files (x86)/atmel/atmel toolchain/avr8 gcc/native/3.4.1056/avr8-gnu-toolchain/bin/../lib/gcc/avr/4.8.1/../../../../avr/lib/avr6\libm.a(addsf3x.o) (__fp_inf)
c:/program files (x86)/atmel/atmel toolchain/avr8 gcc/native/3.4.1056/avr8-gnu-toolchain/bin/../lib/gcc/avr/4.8.1/../../../../avr/lib/avr6\libm.a(fp_mintl.o)
                              c:/program files (x86)/atmel/atmel toolchain/avr8 gcc/native/3.4.1056/avr8-gnu-toolchain/bin/../lib/gcc/avr/4.8.1/../../../../avr/lib/avr6\libm.a(floor.o) (__fp_mintl)
c:/program files (x86)/atmel/atmel toolchain/avr8 gcc/native/3.4.1056/avr8-gnu-toolchain/bin/../lib/gcc/avr/4.8.1/../../../../avr/lib/avr6\libm.a(fp_mpack.o)
                              c:/program files (x86)/atmel/atmel toolchain/avr8 gcc/native/3.4.1056/avr8-gnu-toolchain/bin/../lib/gcc/avr/4.8.1/../../../../avr/lib/avr6\libm.a(floor.o) (__fp_mpack)
c:/program files (x86)/atmel/atmel toolchain/avr8 gcc/native/3.4.1056/avr8-gnu-toolchain/bin/../lib/gcc/avr/4.8.1/../../../../avr/lib/avr6\libm.a(fp_nan.o)
                              c:/program files (x86)/atmel/atmel toolchain/avr8 gcc/native/3.4.1056/avr8-gnu-toolchain/bin/../lib/gcc/avr/4.8.1/../../../../avr/lib/avr6\libm.a(addsf3x.o) (__fp_nan)
[...]
Memory Configuration

Name             Origin             Length             Attributes
text             0x00000000         0x00100000         xr
data             0x00800200         0x0000fe00         rw !x
eeprom           0x00810000         0x00010000         rw !x
fuse             0x00820000         0x00000400         rw !x
lock             0x00830000         0x00000400         rw !x
signature        0x00840000         0x00000400         rw !x
user_signatures  0x00850000         0x00000400         rw !x
*default*        0x00000000         0xffffffff

Linker script and memory map

Address of section .data set to 0x800200
LOAD c:/program files (x86)/atmel/atmel toolchain/avr8 gcc/native/3.4.1056/avr8-gnu-toolchain/bin/../lib/gcc/avr/4.8.1/../../../../avr/lib/avr6/crtm2560.o
LOAD accelerometer.o
LOAD altimeter.o
LOAD benchmark.o
LOAD compass.o
LOAD debug.o
LOAD gps.o
LOAD i2cmaster.o
LOAD quad_control.o
LOAD quad_output.o
LOAD rx.o
LOAD timing.o
LOAD usart.o
LOAD waypoint.o
LOAD waypointNavigator.o
START GROUP
LOAD c:/program files (x86)/atmel/atmel toolchain/avr8 gcc/native/3.4.1056/avr8-gnu-toolchain/bin/../lib/gcc/avr/4.8.1/../../../../avr/lib/avr6\libm.a
END GROUP
LOAD c:/program files (x86)/atmel/atmel toolchain/avr8 gcc/native/3.4.1056/avr8-gnu-toolchain/bin/../lib/gcc/avr/4.8.1/avr6\libgcc.a
LOAD c:/program files (x86)/atmel/atmel toolchain/avr8 gcc/native/3.4.1056/avr8-gnu-toolchain/bin/../lib/gcc/avr/4.8.1/../../../../avr/lib/avr6\libm.a
START GROUP
LOAD c:/program files (x86)/atmel/atmel toolchain/avr8 gcc/native/3.4.1056/avr8-gnu-toolchain/bin/../lib/gcc/avr/4.8.1/avr6\libgcc.a
LOAD c:/program files (x86)/atmel/atmel toolchain/avr8 gcc/native/3.4.1056/avr8-gnu-toolchain/bin/../lib/gcc/avr/4.8.1/../../../../avr/lib/avr6\libm.a
LOAD c:/program files (x86)/atmel/atmel toolchain/avr8 gcc/native/3.4.1056/avr8-gnu-toolchain/bin/../lib/gcc/avr/4.8.1/../../../../avr/lib/avr6\libc.a
END GROUP

.hash
 *(.hash)

.dynsym
 *(.dynsym)

.dynstr
 *(.dynstr)

.gnu.version
 *(.gnu.version)

.gnu.version_d
 *(.gnu.version_d)

.gnu.version_r
 *(.gnu.version_r)

.rel.init
 *(.rel.init)

.rela.init
 *(.rela.init)

.rel.text
 *(.rel.text)
 *(.rel.text.*)
 *(.rel.gnu.linkonce.t*)

.rela.text
 *(.rela.text)
 *(.rela.text.*)
 *(.rela.gnu.linkonce.t*)

.rel.fini
 *(.rel.fini)

.rela.fini
 *(.rela.fini)

.rel.rodata
 *(.rel.rodata)
 *(.rel.rodata.*)
 *(.rel.gnu.linkonce.r*)

.rela.rodata
 *(.rela.rodata)
 *(.rela.rodata.*)
 *(.rela.gnu.linkonce.r*)

.rel.data
 *(.rel.data)
 *(.rel.data.*)
 *(.rel.gnu.linkonce.d*)

.rela.data
 *(.rela.data)
 *(.rela.data.*)
 *(.rela.gnu.linkonce.d*)

.rel.ctors
 *(.rel.ctors)

.rela.ctors
 *(.rela.ctors)

.rel.dtors
 *(.rel.dtors)

.rela.dtors
 *(.rela.dtors)

.rel.got
 *(.rel.got)

.rela.got
 *(.rela.got)

.rel.bss
 *(.rel.bss)

.rela.bss
 *(.rela.bss)

.rel.plt
 *(.rel.plt)

.rela.plt
 *(.rela.plt)

.text           0x00000000     0x30c0
 *(.vectors)
 .vectors       0x00000000       0xe4 c:/program files (x86)/atmel/atmel toolchain/avr8 gcc/native/3.4.1056/avr8-gnu-toolchain/bin/../lib/gcc/avr/4.8.1/../../../../avr/lib/avr6/crtm2560.o
                0x00000000                __vector_default
                0x00000000                __vectors
 *(.vectors)
 *(.progmem.gcc*)
 .progmem.gcc_fplib
                0x000000e4       0x2d c:/program files (x86)/atmel/atmel toolchain/avr8 gcc/native/3.4.1056/avr8-gnu-toolchain/bin/../lib/gcc/avr/4.8.1/../../../../avr/lib/avr6\libm.a(atan.o)
 .progmem.gcc_fplib
                0x00000111       0x1e c:/program files (x86)/atmel/atmel toolchain/avr8 gcc/native/3.4.1056/avr8-gnu-toolchain/bin/../lib/gcc/avr/4.8.1/../../../../avr/lib/avr6\libm.a(fp_sinus.o)
                0x00000130                . = ALIGN (0x2)
 *fill*         0x0000012f        0x1 
                0x00000130                __trampolines_start = .
 *(.trampolines)
 .trampolines   0x00000130        0x0 linker stubs
 *(.trampolines*)
                0x00000130                __trampolines_end = .
 *(.progmem*)
 .progmem.data  0x00000130       0x3b c:/program files (x86)/atmel/atmel toolchain/avr8 gcc/native/3.4.1056/avr8-gnu-toolchain/bin/../lib/gcc/avr/4.8.1/../../../../avr/lib/avr6\libc.a(strtod.o)
 .progmem.data  0x0000016b       0xfa c:/program files (x86)/atmel/atmel toolchain/avr8 gcc/native/3.4.1056/avr8-gnu-toolchain/bin/../lib/gcc/avr/4.8.1/../../../../avr/lib/avr6\libc.a(ftoa_engine.o)
                0x00000266                . = ALIGN (0x2)
 *fill*         0x00000265        0x1 
 *(.jumptables)
 *(.jumptables*)
 *(.lowtext)
 *(.lowtext*)
                0x00000266                __ctors_start = .
 *(.ctors)
 .ctors         0x00000266        0x2 gps.o
                0x00000268                __ctors_end = .
                0x00000268                __dtors_start = .
 *(.dtors)
                0x00000268                __dtors_end = .
 SORT(*)(.ctors)
 SORT(*)(.dtors)
 *(.init0)
 .init0         0x00000268        0x0 c:/program files (x86)/atmel/atmel toolchain/avr8 gcc/native/3.4.1056/avr8-gnu-toolchain/bin/../lib/gcc/avr/4.8.1/../../../../avr/lib/avr6/crtm2560.o
                0x00000268                __init
 *(.init0)
 *(.init1)
 *(.init1)
 *(.init2)
 .init2         0x00000268       0x10 c:/program files (x86)/atmel/atmel toolchain/avr8 gcc/native/3.4.1056/avr8-gnu-toolchain/bin/../lib/gcc/avr/4.8.1/../../../../avr/lib/avr6/crtm2560.o
 *(.init2)
 *(.init3)
 *(.init3)
 *(.init4)
 .init4         0x00000278       0x1a c:/program files (x86)/atmel/atmel toolchain/avr8 gcc/native/3.4.1056/avr8-gnu-toolchain/bin/../lib/gcc/avr/4.8.1/avr6\libgcc.a(_copy_data.o)
                0x00000278                __do_copy_data
 .init4         0x00000292       0x10 c:/program files (x86)/atmel/atmel toolchain/avr8 gcc/native/3.4.1056/avr8-gnu-toolchain/bin/../lib/gcc/avr/4.8.1/avr6\libgcc.a(_clear_bss.o)
                0x00000292                __do_clear_bss
 *(.init4)
 *(.init5)
 *(.init5)
 *(.init6)
 .init6         0x000002a2       0x20 c:/program files (x86)/atmel/atmel toolchain/avr8 gcc/native/3.4.1056/avr8-gnu-toolchain/bin/../lib/gcc/avr/4.8.1/avr6\libgcc.a(_ctors.o)
                0x000002a2                __do_global_ctors
 *(.init6)
 *(.init7)
 *(.init7)
 *(.init8)
 *(.init8)
 *(.init9)
 .init9         0x000002c2        0x8 c:/program files (x86)/atmel/atmel toolchain/avr8 gcc/native/3.4.1056/avr8-gnu-toolchain/bin/../lib/gcc/avr/4.8.1/../../../../avr/lib/avr6/crtm2560.o
 *(.init9)
 *(.text)
 .text          0x000002ca        0x2 c:/program files (x86)/atmel/atmel toolchain/avr8 gcc/native/3.4.1056/avr8-gnu-toolchain/bin/../lib/gcc/avr/4.8.1/../../../../avr/lib/avr6/crtm2560.o
                0x000002ca                __vector_38
                0x000002ca                __vector_22
                0x000002ca                __vector_28
                0x000002ca                __vector_1
                0x000002ca                __vector_32
                0x000002ca                __vector_34
                0x000002ca                __vector_24
                0x000002ca                __vector_12
                0x000002ca                __vector_55
                0x000002ca                __vector_46
                0x000002ca                __bad_interrupt
                0x000002ca                __vector_6
                0x000002ca                __vector_31
                0x000002ca                __vector_35
                0x000002ca                __vector_39
                0x000002ca                __vector_3
                0x000002ca                __vector_30
                0x000002ca                __vector_45
                0x000002ca                __vector_25
                0x000002ca                __vector_11
                0x000002ca                __vector_54
                0x000002ca                __vector_13
                0x000002ca                __vector_17
                0x000002ca                __vector_19
                0x000002ca                __vector_56
                0x000002ca                __vector_7
                0x000002ca                __vector_49
                0x000002ca                __vector_41
                0x000002ca                __vector_43
                0x000002ca                __vector_27
                0x000002ca                __vector_5
                0x000002ca                __vector_33
                0x000002ca                __vector_47
                0x000002ca                __vector_52
                0x000002ca                __vector_37
                0x000002ca                __vector_4
                0x000002ca                __vector_44
                0x000002ca                __vector_51
                0x000002ca                __vector_2
                0x000002ca                __vector_21
                0x000002ca                __vector_15
                0x000002ca                __vector_36
                0x000002ca                __vector_29
                0x000002ca                __vector_40
                0x000002ca                __vector_8
                0x000002ca                __vector_26
                0x000002ca                __vector_48
                0x000002ca                __vector_14
                0x000002ca                __vector_53
                0x000002ca                __vector_10
                0x000002ca                __vector_50
                0x000002ca                __vector_16
                0x000002ca                __vector_18
                0x000002ca                __vector_20
                0x000002ca                __vector_42
 .text          0x000002cc       0xce i2cmaster.o
                0x000002dc                i2c_init
                0x000002e6                i2c_start
                0x000002ee                i2c_rep_start
                0x00000302                i2c_start_wait
                0x00000316                i2c_stop
                0x00000326                i2c_write
                0x0000035e                i2c_readNak
                0x00000362                i2c_readAck
                0x00000364                i2c_read
                0x0000039a                . = ALIGN (0x2)
 *(.text.*)
 .text._Z16enableEventFlagsv
                0x0000039a        0xe altimeter.o
                0x0000039a                _Z16enableEventFlagsv
 .text._Z8IIC_Readh
                0x000003a8       0x16 altimeter.o
                0x000003a8                _Z8IIC_Readh
 .text._Z9IIC_Writehh
                0x000003be       0x1c altimeter.o
                0x000003be                _Z9IIC_Writehh
 .text._Z24altimeter_toggle_oneShotv
                0x000003da       0x1a altimeter.o
                0x000003da                _Z24altimeter_toggle_oneShotv
 .text._Z20altimeter_get_metresv
                0x000003f4       0xd8 altimeter.o
                0x000003f4                _Z20altimeter_get_metresv
 .text._Z22altimeter_start_heightv
                0x000004cc       0xb2 altimeter.o
                0x000004cc                _Z22altimeter_start_heightv
 .text._Z16setModeAltimeterv
                0x0000057e        0xe altimeter.o
                0x0000057e                _Z16setModeAltimeterv
 .text._Z17setOversampleRateh
                0x0000058c       0x22 altimeter.o
                0x0000058c                _Z17setOversampleRateh
 .text._Z14altimeter_initv
                0x000005ae       0x5e altimeter.o
                0x000005ae                _Z14altimeter_initv
 .text._Z19compass_get_headingv
                0x0000060c      0x1f0 compass.o
                0x0000060c                _Z19compass_get_headingv
 .text._Z10setMagGain14hmc5883MagGain
                0x000007fc      0x1a4 compass.o
                0x000007fc                _Z10setMagGain14hmc5883MagGain
 .text._Z13init_HMC5883Lv
                0x000009a0       0x12 compass.o
                0x000009a0                _Z13init_HMC5883Lv
 .text._Z11debug_printPKc
                0x000009b2        0xa debug.o
                0x000009b2                _Z11debug_printPKc
 .text._Z13debug_printlnPKc
                0x000009bc       0x14 debug.o
                0x000009bc                _Z13debug_printlnPKc
 .text._Z12debug_printii
                0x000009d0       0x38 debug.o
                0x000009d0                _Z12debug_printii
 .text._Z12debug_printff
                0x00000a08       0x40 debug.o
                0x00000a08                _Z12debug_printff
 .text._Z10debug_beepv
                0x00000a48       0x18 debug.o
                0x00000a48                _Z10debug_beepv
 .text._Z15debug_beep_longv
                0x00000a60       0x18 debug.o
                0x00000a60                _Z15debug_beep_longv
 .text._Z8get_timePcPi
                0x00000a78       0x64 gps.o
                0x00000a78                _Z8get_timePcPi
 .text._Z12get_lat_distPc
                0x00000adc       0x4e gps.o
                0x00000adc                _Z12get_lat_distPc
 .text._Z11get_lat_degPc
                0x00000b2a       0x52 gps.o
                0x00000b2a                _Z11get_lat_degPc
 .text._Z7get_latPcPi
                0x00000b7c       0x80 gps.o
                0x00000b7c                _Z7get_latPcPi
 .text._Z12get_lon_distPc
                0x00000bfc       0x52 gps.o
                0x00000bfc                _Z12get_lon_distPc
 .text._Z11get_lon_degPc
                0x00000c4e       0x52 gps.o
                0x00000c4e                _Z11get_lon_degPc
 .text._Z7get_lonPcPi
                0x00000ca0       0x80 gps.o
                0x00000ca0                _Z7get_lonPcPi
 .text._Z7get_fixPcPi
                0x00000d20       0x54 gps.o
                0x00000d20                _Z7get_fixPcPi
 .text._Z8get_satsPcPi
                0x00000d74       0x5e gps.o
                0x00000d74                _Z8get_satsPcPi
 .text._Z10gps_updatev
                0x00000dd2      0x258 gps.o
                0x00000dd2                _Z10gps_updatev
 .text._Z8gps_initv
                0x0000102a       0x3a gps.o
                0x0000102a                _Z8gps_initv
 .text._Z16gps_get_latitudev
                0x00001064       0x12 gps.o
                0x00001064                _Z16gps_get_latitudev
 .text._Z17gps_get_longitudev
                0x00001076       0x12 gps.o
                0x00001076                _Z17gps_get_longitudev
 .text._Z12gps_get_satsv
                0x00001088       0x18 gps.o
                0x00001088                _Z12gps_get_satsv
 .text._GLOBAL__sub_I_timeUTC
                0x000010a0       0x14 gps.o
 .text._Z24quad_output_set_throttlei
                0x000010b4       0x28 quad_output.o
                0x000010b4                _Z24quad_output_set_throttlei
 .text._Z16quad_output_initv
                0x000010dc       0xdc quad_output.o
                0x000010dc                _Z16quad_output_initv
 .text._Z23quad_output_passthroughbbbbbb
                0x000011b8       0x7e quad_output.o
                0x000011b8                _Z23quad_output_passthroughbbbbbb
 .text.__vector_9
                0x00001236      0x1c6 rx.o
                0x00001236                __vector_9
 .text._Z7rx_initv
                0x000013fc       0x3a rx.o
                0x000013fc                _Z7rx_initv
 .text._Z9rx_updatev
                0x00001436      0x182 rx.o
                0x00001436                _Z9rx_updatev
 .text._Z15rx_get_throttlev
                0x000015b8        0xa rx.o
                0x000015b8                _Z15rx_get_throttlev
 .text._Z14rx_get_aileronv
                0x000015c2       0x10 rx.o
                0x000015c2                _Z14rx_get_aileronv
 .text._Z15rx_get_elevatorv
                0x000015d2       0x10 rx.o
                0x000015d2                _Z15rx_get_elevatorv
 .text._Z13rx_get_rudderv
                0x000015e2       0x10 rx.o
                0x000015e2                _Z13rx_get_rudderv
 .text._Z11rx_get_gearv
                0x000015f2       0x10 rx.o
                0x000015f2                _Z11rx_get_gearv
 .text._Z10rx_get_auxv
                0x00001602       0x10 rx.o
                0x00001602                _Z10rx_get_auxv
 .text.__vector_23
                0x00001612       0x94 timing.o
                0x00001612                __vector_23
 .text._Z6millisv
                0x000016a6       0x1a timing.o
                0x000016a6                _Z6millisv
 .text._Z6microsv
                0x000016c0       0x50 timing.o
                0x000016c0                _Z6microsv
 .text._Z10initTimersv
                0x00001710        0xe timing.o
                0x00001710                _Z10initTimersv
 .text._Z10USART_initii
                0x0000171e       0xb4 usart.o
                0x0000171e                _Z10USART_initii
 .text._Z10USART_sendih
                0x000017d2       0x54 usart.o
                0x000017d2                _Z10USART_sendih
 .text._Z13USART_receivei
                0x00001826       0x4e usart.o
                0x00001826                _Z13USART_receivei
 .text._Z15USART_putstringiPKc
                0x00001874       0x28 usart.o
                0x00001874                _Z15USART_putstringiPKc
 .text._Z21waypoint_get_distanceffff
                0x0000189c      0x1ac waypoint.o
                0x0000189c                _Z21waypoint_get_distanceffff
 .text._Z20waypoint_get_bearingffff
                0x00001a48      0x154 waypoint.o
                0x00001a48                _Z20waypoint_get_bearingffff
 .text._Z18chris_waypoint_addff
                0x00001b9c       0x42 waypoint.o
                0x00001b9c                _Z18chris_waypoint_addff
 .text._Z19chris_waypoint_initv
                0x00001bde      0x146 waypoint.o
                0x00001bde                _Z19chris_waypoint_initv
 .text._Z30chris_waypoint_current_bearingv
                0x00001d24       0x5c waypoint.o
                0x00001d24                _Z30chris_waypoint_current_bearingv
 .text._Z31chris_waypoint_current_distancev
                0x00001d80       0x90 waypoint.o
                0x00001d80                _Z31chris_waypoint_current_distancev
 .text._Z21chris_waypoint_updatev
                0x00001e10       0x38 waypoint.o
                0x00001e10                _Z21chris_waypoint_updatev
 .text._Z28chris_waypoint_current_indexv
                0x00001e48        0xa waypoint.o
                0x00001e48                _Z28chris_waypoint_current_indexv
 .text._Z32chris_set_waypoint_current_indexi
                0x00001e52        0xa waypoint.o
                0x00001e52                _Z32chris_set_waypoint_current_indexi
 .text._Z23chris_get_max_waypointsv
                0x00001e5c        0x6 waypoint.o
                0x00001e5c                _Z23chris_get_max_waypointsv
 .text._Z13array_get_lati
                0x00001e62       0x18 waypoint.o
                0x00001e62                _Z13array_get_lati
 .text._Z13array_get_loni
                0x00001e7a       0x18 waypoint.o
                0x00001e7a                _Z13array_get_loni
 .text._Z10initialisev
                0x00001e92       0xa8 waypointNavigator.o
                0x00001e92                _Z10initialisev
 .text.main     0x00001f3a      0x106 waypointNavigator.o
                0x00001f3a                main
 .text.avr-libc.fplib
                0x00002040        0xa c:/program files (x86)/atmel/atmel toolchain/avr8 gcc/native/3.4.1056/avr8-gnu-toolchain/bin/../lib/gcc/avr/4.8.1/../../../../avr/lib/avr6\libm.a(addsf3.o)
                0x00002040                __subsf3
                0x00002042                __addsf3
 .text.avr-libc.fplib
                0x0000204a       0xc0 c:/program files (x86)/atmel/atmel toolchain/avr8 gcc/native/3.4.1056/avr8-gnu-toolchain/bin/../lib/gcc/avr/4.8.1/../../../../avr/lib/avr6\libm.a(addsf3x.o)
                0x00002064                __addsf3x
 .text.avr-libc.fplib
                0x0000210a       0x74 c:/program files (x86)/atmel/atmel toolchain/avr8 gcc/native/3.4.1056/avr8-gnu-toolchain/bin/../lib/gcc/avr/4.8.1/../../../../avr/lib/avr6\libm.a(atan2.o)
                0x00002128                atan2
 .text.avr-libc.fplib
                0x0000217e       0x50 c:/program files (x86)/atmel/atmel toolchain/avr8 gcc/native/3.4.1056/avr8-gnu-toolchain/bin/../lib/gcc/avr/4.8.1/../../../../avr/lib/avr6\libm.a(atan.o)
                0x0000217e                atan
 .text.avr-libc.fplib
                0x000021ce        0x8 c:/program files (x86)/atmel/atmel toolchain/avr8 gcc/native/3.4.1056/avr8-gnu-toolchain/bin/../lib/gcc/avr/4.8.1/../../../../avr/lib/avr6\libm.a(cmpsf2.o)
                0x000021ce                __nesf2
                0x000021ce                __eqsf2
                0x000021ce                __cmpsf2
                0x000021ce                __ltsf2
                0x000021ce                __lesf2
 .text.avr-libc.fplib
                0x000021d6        0x6 c:/program files (x86)/atmel/atmel toolchain/avr8 gcc/native/3.4.1056/avr8-gnu-toolchain/bin/../lib/gcc/avr/4.8.1/../../../../avr/lib/avr6\libm.a(cos.o)
                0x000021d6                cos
 .text.avr-libc.fplib
                0x000021dc        0x4 c:/program files (x86)/atmel/atmel toolchain/avr8 gcc/native/3.4.1056/avr8-gnu-toolchain/bin/../lib/gcc/avr/4.8.1/../../../../avr/lib/avr6\libm.a(divsf3.o)
                0x000021dc                __divsf3
 .text.avr-libc.fplib
                0x000021e0       0xcc c:/program files (x86)/atmel/atmel toolchain/avr8 gcc/native/3.4.1056/avr8-gnu-toolchain/bin/../lib/gcc/avr/4.8.1/../../../../avr/lib/avr6\libm.a(divsf3x.o)
                0x000021f6                __divsf3x
                0x000021fa                __divsf3_pse
 .text.avr-libc.fplib
                0x000022ac        0xa c:/program files (x86)/atmel/atmel toolchain/avr8 gcc/native/3.4.1056/avr8-gnu-toolchain/bin/../lib/gcc/avr/4.8.1/../../../../avr/lib/avr6\libm.a(fixsfsi.o)
                0x000022ac                __fixsfsi
 .text.avr-libc.fplib
                0x000022b6       0x58 c:/program files (x86)/atmel/atmel toolchain/avr8 gcc/native/3.4.1056/avr8-gnu-toolchain/bin/../lib/gcc/avr/4.8.1/../../../../avr/lib/avr6\libm.a(fixunssfsi.o)
                0x000022b6                __fixunssfsi
 .text.avr-libc.fplib
                0x0000230e       0x7a c:/program files (x86)/atmel/atmel toolchain/avr8 gcc/native/3.4.1056/avr8-gnu-toolchain/bin/../lib/gcc/avr/4.8.1/../../../../avr/lib/avr6\libm.a(floatsisf.o)
                0x0000230e                __floatunsisf
                0x00002312                __floatsisf
 .text.avr-libc.fplib
                0x00002388       0x26 c:/program files (x86)/atmel/atmel toolchain/avr8 gcc/native/3.4.1056/avr8-gnu-toolchain/bin/../lib/gcc/avr/4.8.1/../../../../avr/lib/avr6\libm.a(floor.o)
                0x00002388                floor
 .text.avr-libc.fplib
                0x000023ae       0x48 c:/program files (x86)/atmel/atmel toolchain/avr8 gcc/native/3.4.1056/avr8-gnu-toolchain/bin/../lib/gcc/avr/4.8.1/../../../../avr/lib/avr6\libm.a(fp_cmp.o)
                0x000023ae                __fp_cmp
 .text.avr-libc.fplib
                0x000023f6        0xc c:/program files (x86)/atmel/atmel toolchain/avr8 gcc/native/3.4.1056/avr8-gnu-toolchain/bin/../lib/gcc/avr/4.8.1/../../../../avr/lib/avr6\libm.a(fp_inf.o)
                0x000023f6                __fp_inf
 .text.avr-libc.fplib
                0x00002402       0x36 c:/program files (x86)/atmel/atmel toolchain/avr8 gcc/native/3.4.1056/avr8-gnu-toolchain/bin/../lib/gcc/avr/4.8.1/../../../../avr/lib/avr6\libm.a(fp_mintl.o)
                0x00002402                __fp_mintl
 .text.avr-libc.fplib
                0x00002438       0x1c c:/program files (x86)/atmel/atmel toolchain/avr8 gcc/native/3.4.1056/avr8-gnu-toolchain/bin/../lib/gcc/avr/4.8.1/../../../../avr/lib/avr6\libm.a(fp_mpack.o)
                0x00002438                __fp_mpack
                0x0000243c                __fp_mpack_finite
 .text.avr-libc.fplib
                0x00002454        0x6 c:/program files (x86)/atmel/atmel toolchain/avr8 gcc/native/3.4.1056/avr8-gnu-toolchain/bin/../lib/gcc/avr/4.8.1/../../../../avr/lib/avr6\libm.a(fp_nan.o)
                0x00002454                __fp_nan
 .text.avr-libc.fplib
                0x0000245a       0x4a c:/program files (x86)/atmel/atmel toolchain/avr8 gcc/native/3.4.1056/avr8-gnu-toolchain/bin/../lib/gcc/avr/4.8.1/../../../../avr/lib/avr6\libm.a(fp_powser.o)
                0x0000245a                __fp_powser
 .text.avr-libc.fplib
                0x000024a4        0xe c:/program files (x86)/atmel/atmel toolchain/avr8 gcc/native/3.4.1056/avr8-gnu-toolchain/bin/../lib/gcc/avr/4.8.1/../../../../avr/lib/avr6\libm.a(fp_pscA.o)
                0x000024a4                __fp_pscA
 .text.avr-libc.fplib
                0x000024b2        0xe c:/program files (x86)/atmel/atmel toolchain/avr8 gcc/native/3.4.1056/avr8-gnu-toolchain/bin/../lib/gcc/avr/4.8.1/../../../../avr/lib/avr6\libm.a(fp_pscB.o)
                0x000024b2                __fp_pscB
 .text.avr-libc.fplib
                0x000024c0       0x50 c:/program files (x86)/atmel/atmel toolchain/avr8 gcc/native/3.4.1056/avr8-gnu-toolchain/bin/../lib/gcc/avr/4.8.1/../../../../avr/lib/avr6\libm.a(fp_rempio2.o)
                0x000024c2                __fp_rempio2
 .text.avr-libc.fplib
                0x00002510       0x22 c:/program files (x86)/atmel/atmel toolchain/avr8 gcc/native/3.4.1056/avr8-gnu-toolchain/bin/../lib/gcc/avr/4.8.1/../../../../avr/lib/avr6\libm.a(fp_round.o)
                0x00002510                __fp_round
 .text.avr-libc.fplib
                0x00002532       0x22 c:/program files (x86)/atmel/atmel toolchain/avr8 gcc/native/3.4.1056/avr8-gnu-toolchain/bin/../lib/gcc/avr/4.8.1/../../../../avr/lib/avr6\libm.a(fp_sinus.o)
                0x00002532                __fp_sinus
 .text.avr-libc.fplib
                0x00002554       0x44 c:/program files (x86)/atmel/atmel toolchain/avr8 gcc/native/3.4.1056/avr8-gnu-toolchain/bin/../lib/gcc/avr/4.8.1/../../../../avr/lib/avr6\libm.a(fp_split3.o)
                0x00002554                __fp_split3
                0x00002564                __fp_splitA
 .text.avr-libc.fplib
                0x00002598       0x2e c:/program files (x86)/atmel/atmel toolchain/avr8 gcc/native/3.4.1056/avr8-gnu-toolchain/bin/../lib/gcc/avr/4.8.1/../../../../avr/lib/avr6\libm.a(fp_trunc.o)
                0x00002598                __fp_trunc
 .text.avr-libc.fplib
                0x000025c6        0xe c:/program files (x86)/atmel/atmel toolchain/avr8 gcc/native/3.4.1056/avr8-gnu-toolchain/bin/../lib/gcc/avr/4.8.1/../../../../avr/lib/avr6\libm.a(fp_zero.o)
                0x000025c6                __fp_zero
                0x000025c8                __fp_szero
 .text.avr-libc.fplib
                0x000025d4        0x8 c:/program files (x86)/atmel/atmel toolchain/avr8 gcc/native/3.4.1056/avr8-gnu-toolchain/bin/../lib/gcc/avr/4.8.1/../../../../avr/lib/avr6\libm.a(gesf2.o)
                0x000025d4                __gesf2
                0x000025d4                __gtsf2
 .text.avr-libc.fplib
                0x000025dc        0xe c:/program files (x86)/atmel/atmel toolchain/avr8 gcc/native/3.4.1056/avr8-gnu-toolchain/bin/../lib/gcc/avr/4.8.1/../../../../avr/lib/avr6\libm.a(inverse.o)
                0x000025dc                inverse
 .text.avr-libc.fplib
                0x000025ea        0x4 c:/program files (x86)/atmel/atmel toolchain/avr8 gcc/native/3.4.1056/avr8-gnu-toolchain/bin/../lib/gcc/avr/4.8.1/../../../../avr/lib/avr6\libm.a(mulsf3.o)
                0x000025ea                __mulsf3
 .text.avr-libc.fplib
                0x000025ee       0xc2 c:/program files (x86)/atmel/atmel toolchain/avr8 gcc/native/3.4.1056/avr8-gnu-toolchain/bin/../lib/gcc/avr/4.8.1/../../../../avr/lib/avr6\libm.a(mulsf3x.o)
                0x00002602                __mulsf3x
                0x00002606                __mulsf3_pse
 .text.avr-libc.fplib
                0x000026b0        0xc c:/program files (x86)/atmel/atmel toolchain/avr8 gcc/native/3.4.1056/avr8-gnu-toolchain/bin/../lib/gcc/avr/4.8.1/../../../../avr/lib/avr6\libm.a(sin.o)
                0x000026b0                sin
 .text.avr-libc.fplib
                0x000026bc       0x84 c:/program files (x86)/atmel/atmel toolchain/avr8 gcc/native/3.4.1056/avr8-gnu-toolchain/bin/../lib/gcc/avr/4.8.1/../../../../avr/lib/avr6\libm.a(sqrt.o)
                0x000026c4                sqrt
 .text.avr-libc.fplib
                0x00002740        0x6 c:/program files (x86)/atmel/atmel toolchain/avr8 gcc/native/3.4.1056/avr8-gnu-toolchain/bin/../lib/gcc/avr/4.8.1/../../../../avr/lib/avr6\libm.a(square.o)
                0x00002740                square
 .text.avr-libc.fplib
                0x00002746        0xe c:/program files (x86)/atmel/atmel toolchain/avr8 gcc/native/3.4.1056/avr8-gnu-toolchain/bin/../lib/gcc/avr/4.8.1/../../../../avr/lib/avr6\libm.a(fp_norm2.o)
                0x00002746                __fp_norm2
 .text.avr-libc.fplib
                0x00002754       0x22 c:/program files (x86)/atmel/atmel toolchain/avr8 gcc/native/3.4.1056/avr8-gnu-toolchain/bin/../lib/gcc/avr/4.8.1/../../../../avr/lib/avr6\libm.a(fp_powsodd.o)
                0x00002754                __fp_powsodd
 .text.libgcc.div
                0x00002776       0x44 c:/program files (x86)/atmel/atmel toolchain/avr8 gcc/native/3.4.1056/avr8-gnu-toolchain/bin/../lib/gcc/avr/4.8.1/avr6\libgcc.a(_udivmodsi4.o)
                0x00002776                __udivmodsi4
 .text.libgcc   0x000027ba        0x8 c:/program files (x86)/atmel/atmel toolchain/avr8 gcc/native/3.4.1056/avr8-gnu-toolchain/bin/../lib/gcc/avr/4.8.1/avr6\libgcc.a(_tablejump_elpm.o)
                0x000027ba                __tablejump_elpm__
 .text.avr-libc
                0x000027c2       0x40 c:/program files (x86)/atmel/atmel toolchain/avr8 gcc/native/3.4.1056/avr8-gnu-toolchain/bin/../lib/gcc/avr/4.8.1/../../../../avr/lib/avr6\libc.a(dtostrf.o)
                0x000027c2                dtostrf
 .text.avr-libc
                0x00002802        0x6 c:/program files (x86)/atmel/atmel toolchain/avr8 gcc/native/3.4.1056/avr8-gnu-toolchain/bin/../lib/gcc/avr/4.8.1/../../../../avr/lib/avr6\libc.a(atof.o)
                0x00002802                atof
 .text.avr-libc
                0x00002808       0x3a c:/program files (x86)/atmel/atmel toolchain/avr8 gcc/native/3.4.1056/avr8-gnu-toolchain/bin/../lib/gcc/avr/4.8.1/../../../../avr/lib/avr6\libc.a(atoi.o)
                0x00002808                atoi
 .text.avr-libc
                0x00002842       0x12 c:/program files (x86)/atmel/atmel toolchain/avr8 gcc/native/3.4.1056/avr8-gnu-toolchain/bin/../lib/gcc/avr/4.8.1/../../../../avr/lib/avr6\libc.a(strcmp.o)
                0x00002842                strcmp
 .text.avr-libc
                0x00002854       0x14 c:/program files (x86)/atmel/atmel toolchain/avr8 gcc/native/3.4.1056/avr8-gnu-toolchain/bin/../lib/gcc/avr/4.8.1/../../../../avr/lib/avr6\libc.a(itoa_ncheck.o)
                0x00002854                __itoa_ncheck
 .text.avr-libc
                0x00002868       0x10 c:/program files (x86)/atmel/atmel toolchain/avr8 gcc/native/3.4.1056/avr8-gnu-toolchain/bin/../lib/gcc/avr/4.8.1/../../../../avr/lib/avr6\libc.a(mul10.o)
                0x00002868                __mulhi_const_10
 .text.avr-libc
                0x00002878       0x32 c:/program files (x86)/atmel/atmel toolchain/avr8 gcc/native/3.4.1056/avr8-gnu-toolchain/bin/../lib/gcc/avr/4.8.1/../../../../avr/lib/avr6\libc.a(utoa_ncheck.o)
                0x00002878                __utoa_ncheck
                0x0000287a                __utoa_common
 .text.avr-libc
                0x000028aa      0x2fa c:/program files (x86)/atmel/atmel toolchain/avr8 gcc/native/3.4.1056/avr8-gnu-toolchain/bin/../lib/gcc/avr/4.8.1/../../../../avr/lib/avr6\libc.a(dtoa_prf.o)
                0x000028aa                dtoa_prf
 .text.avr-libc
                0x00002ba4      0x2d0 c:/program files (x86)/atmel/atmel toolchain/avr8 gcc/native/3.4.1056/avr8-gnu-toolchain/bin/../lib/gcc/avr/4.8.1/../../../../avr/lib/avr6\libc.a(strtod.o)
                0x00002ba4                strtod
 .text.avr-libc
                0x00002e74      0x1b0 c:/program files (x86)/atmel/atmel toolchain/avr8 gcc/native/3.4.1056/avr8-gnu-toolchain/bin/../lib/gcc/avr/4.8.1/../../../../avr/lib/avr6\libc.a(ftoa_engine.o)
                0x00002e74                __ftoa_engine
 .text.avr-libc
                0x00003024       0x10 c:/program files (x86)/atmel/atmel toolchain/avr8 gcc/native/3.4.1056/avr8-gnu-toolchain/bin/../lib/gcc/avr/4.8.1/../../../../avr/lib/avr6\libc.a(isspace.o)
                0x00003024                isspace
 .text.avr-libc
                0x00003034       0x30 c:/program files (x86)/atmel/atmel toolchain/avr8 gcc/native/3.4.1056/avr8-gnu-toolchain/bin/../lib/gcc/avr/4.8.1/../../../../avr/lib/avr6\libc.a(strncasecmp_P.o)
                0x00003034                strncasecmp_P
 .text.avr-libc
                0x00003064       0x20 c:/program files (x86)/atmel/atmel toolchain/avr8 gcc/native/3.4.1056/avr8-gnu-toolchain/bin/../lib/gcc/avr/4.8.1/../../../../avr/lib/avr6\libc.a(strrev.o)
                0x00003064                strrev
 .text.avr-libc
                0x00003084        0x6 c:/program files (x86)/atmel/atmel toolchain/avr8 gcc/native/3.4.1056/avr8-gnu-toolchain/bin/../lib/gcc/avr/4.8.1/../../../../avr/lib/avr6\libc.a(cty_isfalse.o)
                0x00003084                __ctype_isfalse
                0x00003088                __ctype_istrue
 .text.libgcc.mul
                0x0000308a       0x14 c:/program files (x86)/atmel/atmel toolchain/avr8 gcc/native/3.4.1056/avr8-gnu-toolchain/bin/../lib/gcc/avr/4.8.1/avr6\libgcc.a(_muluhisi3.o)
                0x0000308a                __muluhisi3
 .text.libgcc.mul
                0x0000309e       0x1e c:/program files (x86)/atmel/atmel toolchain/avr8 gcc/native/3.4.1056/avr8-gnu-toolchain/bin/../lib/gcc/avr/4.8.1/avr6\libgcc.a(_umulhisi3.o)
                0x0000309e                __umulhisi3
                0x000030bc                . = ALIGN (0x2)
 *(.fini9)
 .fini9         0x000030bc        0x0 c:/program files (x86)/atmel/atmel toolchain/avr8 gcc/native/3.4.1056/avr8-gnu-toolchain/bin/../lib/gcc/avr/4.8.1/avr6\libgcc.a(_exit.o)
                0x000030bc                _exit
                0x000030bc                exit
 *(.fini9)
 *(.fini8)
 *(.fini8)
 *(.fini7)
 *(.fini7)
 *(.fini6)
 *(.fini6)
 *(.fini5)
 *(.fini5)
 *(.fini4)
 *(.fini4)
 *(.fini3)
 *(.fini3)
 *(.fini2)
 *(.fini2)
 *(.fini1)
 *(.fini1)
 *(.fini0)
 .fini0         0x000030bc        0x4 c:/program files (x86)/atmel/atmel toolchain/avr8 gcc/native/3.4.1056/avr8-gnu-toolchain/bin/../lib/gcc/avr/4.8.1/avr6\libgcc.a(_exit.o)
 *(.fini0)
                0x000030c0                _etext = .

.data           0x00800200      0x2d0 load address 0x000030c0
                0x00800200                PROVIDE (__data_start, .)
 *(.data)
 .data          0x00800200        0x0 c:/program files (x86)/atmel/atmel toolchain/avr8 gcc/native/3.4.1056/avr8-gnu-toolchain/bin/../lib/gcc/avr/4.8.1/../../../../avr/lib/avr6/crtm2560.o
 .data          0x00800200        0x0 accelerometer.o
 .data          0x00800200        0x0 altimeter.o
 .data          0x00800200        0x0 benchmark.o
 .data          0x00800200        0x0 compass.o
 .data          0x00800200        0x0 debug.o
 .data          0x00800200        0x0 gps.o
 .data          0x00800200        0x0 i2cmaster.o
 .data          0x00800200        0x0 quad_control.o
 .data          0x00800200        0x0 quad_output.o
 .data          0x00800200        0x0 rx.o
 .data          0x00800200        0x0 timing.o
 .data          0x00800200        0x0 usart.o
 .data          0x00800200        0x0 waypoint.o
 .data          0x00800200        0x0 waypointNavigator.o
 .data          0x00800200        0x0 c:/program files (x86)/atmel/atmel toolchain/avr8 gcc/native/3.4.1056/avr8-gnu-toolchain/bin/../lib/gcc/avr/4.8.1/../../../../avr/lib/avr6\libm.a(addsf3.o)
 .data          0x00800200        0x0 c:/program files (x86)/atmel/atmel toolchain/avr8 gcc/native/3.4.1056/avr8-gnu-toolchain/bin/../lib/gcc/avr/4.8.1/../../../../avr/lib/avr6\libm.a(addsf3x.o)
 .data          0x00800200        0x0 c:/program files (x86)/atmel/atmel toolchain/avr8 gcc/native/3.4.1056/avr8-gnu-toolchain/bin/../lib/gcc/avr/4.8.1/../../../../avr/lib/avr6\libm.a(atan2.o)
 .data          0x00800200        0x0 c:/program files (x86)/atmel/atmel toolchain/avr8 gcc/native/3.4.1056/avr8-gnu-toolchain/bin/../lib/gcc/avr/4.8.1/../../../../avr/lib/avr6\libm.a(atan.o)
 .data          0x00800200        0x0 c:/program files (x86)/atmel/atmel toolchain/avr8 gcc/native/3.4.1056/avr8-gnu-toolchain/bin/../lib/gcc/avr/4.8.1/../../../../avr/lib/avr6\libm.a(cmpsf2.o)
 .data          0x00800200        0x0 c:/program files (x86)/atmel/atmel toolchain/avr8 gcc/native/3.4.1056/avr8-gnu-toolchain/bin/../lib/gcc/avr/4.8.1/../../../../avr/lib/avr6\libm.a(cos.o)
 .data          0x00800200        0x0 c:/program files (x86)/atmel/atmel toolchain/avr8 gcc/native/3.4.1056/avr8-gnu-toolchain/bin/../lib/gcc/avr/4.8.1/../../../../avr/lib/avr6\libm.a(divsf3.o)
 .data          0x00800200        0x0 c:/program files (x86)/atmel/atmel toolchain/avr8 gcc/native/3.4.1056/avr8-gnu-toolchain/bin/../lib/gcc/avr/4.8.1/../../../../avr/lib/avr6\libm.a(divsf3x.o)
 .data          0x00800200        0x0 c:/program files (x86)/atmel/atmel toolchain/avr8 gcc/native/3.4.1056/avr8-gnu-toolchain/bin/../lib/gcc/avr/4.8.1/../../../../avr/lib/avr6\libm.a(fixsfsi.o)
 .data          0x00800200        0x0 c:/program files (x86)/atmel/atmel toolchain/avr8 gcc/native/3.4.1056/avr8-gnu-toolchain/bin/../lib/gcc/avr/4.8.1/../../../../avr/lib/avr6\libm.a(fixunssfsi.o)
 .data          0x00800200        0x0 c:/program files (x86)/atmel/atmel toolchain/avr8 gcc/native/3.4.1056/avr8-gnu-toolchain/bin/../lib/gcc/avr/4.8.1/../../../../avr/lib/avr6\libm.a(floatsisf.o)
 .data          0x00800200        0x0 c:/program files (x86)/atmel/atmel toolchain/avr8 gcc/native/3.4.1056/avr8-gnu-toolchain/bin/../lib/gcc/avr/4.8.1/../../../../avr/lib/avr6\libm.a(floor.o)
 .data          0x00800200        0x0 c:/program files (x86)/atmel/atmel toolchain/avr8 gcc/native/3.4.1056/avr8-gnu-toolchain/bin/../lib/gcc/avr/4.8.1/../../../../avr/lib/avr6\libm.a(fp_cmp.o)
 .data          0x00800200        0x0 c:/program files (x86)/atmel/atmel toolchain/avr8 gcc/native/3.4.1056/avr8-gnu-toolchain/bin/../lib/gcc/avr/4.8.1/../../../../avr/lib/avr6\libm.a(fp_inf.o)
 .data          0x00800200        0x0 c:/program files (x86)/atmel/atmel toolchain/avr8 gcc/native/3.4.1056/avr8-gnu-toolchain/bin/../lib/gcc/avr/4.8.1/../../../../avr/lib/avr6\libm.a(fp_mintl.o)
 .data          0x00800200        0x0 c:/program files (x86)/atmel/atmel toolchain/avr8 gcc/native/3.4.1056/avr8-gnu-toolchain/bin/../lib/gcc/avr/4.8.1/../../../../avr/lib/avr6\libm.a(fp_mpack.o)
 .data          0x00800200        0x0 c:/program files (x86)/atmel/atmel toolchain/avr8 gcc/native/3.4.1056/avr8-gnu-toolchain/bin/../lib/gcc/avr/4.8.1/../../../../avr/lib/avr6\libm.a(fp_nan.o)
 .data          0x00800200        0x0 c:/program files (x86)/atmel/atmel toolchain/avr8 gcc/native/3.4.1056/avr8-gnu-toolchain/bin/../lib/gcc/avr/4.8.1/../../../../avr/lib/avr6\libm.a(fp_powser.o)
 .data          0x00800200        0x0 c:/program files (x86)/atmel/atmel toolchain/avr8 gcc/native/3.4.1056/avr8-gnu-toolchain/bin/../lib/gcc/avr/4.8.1/../../../../avr/lib/avr6\libm.a(fp_pscA.o)
 .data          0x00800200        0x0 c:/program files (x86)/atmel/atmel toolchain/avr8 gcc/native/3.4.1056/avr8-gnu-toolchain/bin/../lib/gcc/avr/4.8.1/../../../../avr/lib/avr6\libm.a(fp_pscB.o)
 .data          0x00800200        0x0 c:/program files (x86)/atmel/atmel toolchain/avr8 gcc/native/3.4.1056/avr8-gnu-toolchain/bin/../lib/gcc/avr/4.8.1/../../../../avr/lib/avr6\libm.a(fp_rempio2.o)
 .data          0x00800200        0x0 c:/program files (x86)/atmel/atmel toolchain/avr8 gcc/native/3.4.1056/avr8-gnu-toolchain/bin/../lib/gcc/avr/4.8.1/../../../../avr/lib/avr6\libm.a(fp_round.o)
 .data          0x00800200        0x0 c:/program files (x86)/atmel/atmel toolchain/avr8 gcc/native/3.4.1056/avr8-gnu-toolchain/bin/../lib/gcc/avr/4.8.1/../../../../avr/lib/avr6\libm.a(fp_sinus.o)
 .data          0x00800200        0x0 c:/program files (x86)/atmel/atmel toolchain/avr8 gcc/native/3.4.1056/avr8-gnu-toolchain/bin/../lib/gcc/avr/4.8.1/../../../../avr/lib/avr6\libm.a(fp_split3.o)
 .data          0x00800200        0x0 c:/program files (x86)/atmel/atmel toolchain/avr8 gcc/native/3.4.1056/avr8-gnu-toolchain/bin/../lib/gcc/avr/4.8.1/../../../../avr/lib/avr6\libm.a(fp_trunc.o)
 .data          0x00800200        0x0 c:/program files (x86)/atmel/atmel toolchain/avr8 gcc/native/3.4.1056/avr8-gnu-toolchain/bin/../lib/gcc/avr/4.8.1/../../../../avr/lib/avr6\libm.a(fp_zero.o)
 .data          0x00800200        0x0 c:/program files (x86)/atmel/atmel toolchain/avr8 gcc/native/3.4.1056/avr8-gnu-toolchain/bin/../lib/gcc/avr/4.8.1/../../../../avr/lib/avr6\libm.a(gesf2.o)
 .data          0x00800200        0x0 c:/program files (x86)/atmel/atmel toolchain/avr8 gcc/native/3.4.1056/avr8-gnu-toolchain/bin/../lib/gcc/avr/4.8.1/../../../../avr/lib/avr6\libm.a(inverse.o)
 .data          0x00800200        0x0 c:/program files (x86)/atmel/atmel toolchain/avr8 gcc/native/3.4.1056/avr8-gnu-toolchain/bin/../lib/gcc/avr/4.8.1/../../../../avr/lib/avr6\libm.a(mulsf3.o)
 .data          0x00800200        0x0 c:/program files (x86)/atmel/atmel toolchain/avr8 gcc/native/3.4.1056/avr8-gnu-toolchain/bin/../lib/gcc/avr/4.8.1/../../../../avr/lib/avr6\libm.a(mulsf3x.o)
 .data          0x00800200        0x0 c:/program files (x86)/atmel/atmel toolchain/avr8 gcc/native/3.4.1056/avr8-gnu-toolchain/bin/../lib/gcc/avr/4.8.1/../../../../avr/lib/avr6\libm.a(sin.o)
 .data          0x00800200        0x0 c:/program files (x86)/atmel/atmel toolchain/avr8 gcc/native/3.4.1056/avr8-gnu-toolchain/bin/../lib/gcc/avr/4.8.1/../../../../avr/lib/avr6\libm.a(sqrt.o)
 .data          0x00800200        0x0 c:/program files (x86)/atmel/atmel toolchain/avr8 gcc/native/3.4.1056/avr8-gnu-toolchain/bin/../lib/gcc/avr/4.8.1/../../../../avr/lib/avr6\libm.a(square.o)
 .data          0x00800200        0x0 c:/program files (x86)/atmel/atmel toolchain/avr8 gcc/native/3.4.1056/avr8-gnu-toolchain/bin/../lib/gcc/avr/4.8.1/../../../../avr/lib/avr6\libm.a(fp_norm2.o)
 .data          0x00800200        0x0 c:/program files (x86)/atmel/atmel toolchain/avr8 gcc/native/3.4.1056/avr8-gnu-toolchain/bin/../lib/gcc/avr/4.8.1/../../../../avr/lib/avr6\libm.a(fp_powsodd.o)
 .data          0x00800200        0x0 c:/program files (x86)/atmel/atmel toolchain/avr8 gcc/native/3.4.1056/avr8-gnu-toolchain/bin/../lib/gcc/avr/4.8.1/avr6\libgcc.a(_divmodhi4.o)
 .data          0x00800200        0x0 c:/program files (x86)/atmel/atmel toolchain/avr8 gcc/native/3.4.1056/avr8-gnu-toolchain/bin/../lib/gcc/avr/4.8.1/avr6\libgcc.a(_udivmodsi4.o)
 .data          0x00800200        0x0 c:/program files (x86)/atmel/atmel toolchain/avr8 gcc/native/3.4.1056/avr8-gnu-toolchain/bin/../lib/gcc/avr/4.8.1/avr6\libgcc.a(_exit.o)
 .data          0x00800200        0x0 c:/program files (x86)/atmel/atmel toolchain/avr8 gcc/native/3.4.1056/avr8-gnu-toolchain/bin/../lib/gcc/avr/4.8.1/avr6\libgcc.a(_copy_data.o)
 .data          0x00800200        0x0 c:/program files (x86)/atmel/atmel toolchain/avr8 gcc/native/3.4.1056/avr8-gnu-toolchain/bin/../lib/gcc/avr/4.8.1/avr6\libgcc.a(_clear_bss.o)
 .data          0x00800200        0x0 c:/program files (x86)/atmel/atmel toolchain/avr8 gcc/native/3.4.1056/avr8-gnu-toolchain/bin/../lib/gcc/avr/4.8.1/avr6\libgcc.a(_ctors.o)
 .data          0x00800200        0x0 c:/program files (x86)/atmel/atmel toolchain/avr8 gcc/native/3.4.1056/avr8-gnu-toolchain/bin/../lib/gcc/avr/4.8.1/avr6\libgcc.a(_tablejump_elpm.o)
 .data          0x00800200        0x0 c:/program files (x86)/atmel/atmel toolchain/avr8 gcc/native/3.4.1056/avr8-gnu-toolchain/bin/../lib/gcc/avr/4.8.1/avr6\libgcc.a(_udivmodhi4.o)
 .data          0x00800200        0x0 c:/program files (x86)/atmel/atmel toolchain/avr8 gcc/native/3.4.1056/avr8-gnu-toolchain/bin/../lib/gcc/avr/4.8.1/../../../../avr/lib/avr6\libc.a(dtostrf.o)
 .data          0x00800200        0x0 c:/program files (x86)/atmel/atmel toolchain/avr8 gcc/native/3.4.1056/avr8-gnu-toolchain/bin/../lib/gcc/avr/4.8.1/../../../../avr/lib/avr6\libc.a(atof.o)
 .data          0x00800200        0x0 c:/program files (x86)/atmel/atmel toolchain/avr8 gcc/native/3.4.1056/avr8-gnu-toolchain/bin/../lib/gcc/avr/4.8.1/../../../../avr/lib/avr6\libc.a(atoi.o)
 .data          0x00800200        0x0 c:/program files (x86)/atmel/atmel toolchain/avr8 gcc/native/3.4.1056/avr8-gnu-toolchain/bin/../lib/gcc/avr/4.8.1/../../../../avr/lib/avr6\libc.a(strcmp.o)
 .data          0x00800200        0x0 c:/program files (x86)/atmel/atmel toolchain/avr8 gcc/native/3.4.1056/avr8-gnu-toolchain/bin/../lib/gcc/avr/4.8.1/../../../../avr/lib/avr6\libc.a(itoa_ncheck.o)
 .data          0x00800200        0x0 c:/program files (x86)/atmel/atmel toolchain/avr8 gcc/native/3.4.1056/avr8-gnu-toolchain/bin/../lib/gcc/avr/4.8.1/../../../../avr/lib/avr6\libc.a(mul10.o)
 .data          0x00800200        0x0 c:/program files (x86)/atmel/atmel toolchain/avr8 gcc/native/3.4.1056/avr8-gnu-toolchain/bin/../lib/gcc/avr/4.8.1/../../../../avr/lib/avr6\libc.a(utoa_ncheck.o)
 .data          0x00800200        0x0 c:/program files (x86)/atmel/atmel toolchain/avr8 gcc/native/3.4.1056/avr8-gnu-toolchain/bin/../lib/gcc/avr/4.8.1/../../../../avr/lib/avr6\libc.a(dtoa_prf.o)
 .data          0x00800200        0x0 c:/program files (x86)/atmel/atmel toolchain/avr8 gcc/native/3.4.1056/avr8-gnu-toolchain/bin/../lib/gcc/avr/4.8.1/../../../../avr/lib/avr6\libc.a(strtod.o)
 .data          0x00800200        0x0 c:/program files (x86)/atmel/atmel toolchain/avr8 gcc/native/3.4.1056/avr8-gnu-toolchain/bin/../lib/gcc/avr/4.8.1/../../../../avr/lib/avr6\libc.a(ftoa_engine.o)
 .data          0x00800200        0x0 c:/program files (x86)/atmel/atmel toolchain/avr8 gcc/native/3.4.1056/avr8-gnu-toolchain/bin/../lib/gcc/avr/4.8.1/../../../../avr/lib/avr6\libc.a(isspace.o)
 .data          0x00800200        0x0 c:/program files (x86)/atmel/atmel toolchain/avr8 gcc/native/3.4.1056/avr8-gnu-toolchain/bin/../lib/gcc/avr/4.8.1/../../../../avr/lib/avr6\libc.a(strncasecmp_P.o)
 .data          0x00800200        0x0 c:/program files (x86)/atmel/atmel toolchain/avr8 gcc/native/3.4.1056/avr8-gnu-toolchain/bin/../lib/gcc/avr/4.8.1/../../../../avr/lib/avr6\libc.a(strrev.o)
 .data          0x00800200        0x0 c:/program files (x86)/atmel/atmel toolchain/avr8 gcc/native/3.4.1056/avr8-gnu-toolchain/bin/../lib/gcc/avr/4.8.1/../../../../avr/lib/avr6\libc.a(errno.o)
 .data          0x00800200        0x0 c:/program files (x86)/atmel/atmel toolchain/avr8 gcc/native/3.4.1056/avr8-gnu-toolchain/bin/../lib/gcc/avr/4.8.1/../../../../avr/lib/avr6\libc.a(cty_isfalse.o)
 .data          0x00800200        0x0 c:/program files (x86)/atmel/atmel toolchain/avr8 gcc/native/3.4.1056/avr8-gnu-toolchain/bin/../lib/gcc/avr/4.8.1/avr6\libgcc.a(_muluhisi3.o)
 .data          0x00800200        0x0 c:/program files (x86)/atmel/atmel toolchain/avr8 gcc/native/3.4.1056/avr8-gnu-toolchain/bin/../lib/gcc/avr/4.8.1/avr6\libgcc.a(_umulhisi3.o)
 *(.data*)
 .data._ZL20_hmc5883_Gauss_LSB_Z
                0x00800200        0x4 compass.o
 .data._ZL21_hmc5883_Gauss_LSB_XY
                0x00800204        0x4 compass.o
 .data.ccmpr2   0x00800208        0x1 gps.o
                0x00800208                ccmpr2
 .data.ccmpr    0x00800209        0x1 gps.o
                0x00800209                ccmpr
 .data.ptr_nevery
                0x0080020a        0x2 gps.o
                0x0080020a                ptr_nevery
 .data.ptr_header
                0x0080020c        0x2 gps.o
                0x0080020c                ptr_header
 .data.ptr_j    0x0080020e        0x2 gps.o
                0x0080020e                ptr_j
 *(.rodata)
 *(.rodata*)
 .rodata.str1.1
                0x00800210       0xd4 altimeter.o
 .rodata.str1.1
                0x008002e4        0x3 debug.o
 .rodata.str1.1
                0x008002e7       0x9e gps.o
                                 0xa0 (size before relaxing)
 .rodata.str1.1
                0x00800385        0x2 rx.o
                                  0x5 (size before relaxing)
 .rodata.str1.1
                0x00800387      0x10c waypoint.o
                                0x120 (size before relaxing)
 .rodata.str1.1
                0x00800493       0x3c waypointNavigator.o
 *(.gnu.linkonce.d*)
                0x008004d0                . = ALIGN (0x2)
 *fill*         0x008004cf        0x1 
                0x008004d0                _edata = .
                0x008004d0                PROVIDE (__data_end, .)

.bss            0x008004d0      0x1a6
                0x008004d0                PROVIDE (__bss_start, .)
 *(.bss)
 *(.bss*)
 .bss.working   0x008004d0        0x1 altimeter.o
                0x008004d0                working
 .bss.start_height
                0x008004d1        0x4 altimeter.o
                0x008004d1                start_height
 .bss._magGain  0x008004d5        0x1 compass.o
                0x008004d5                _magGain
 .bss.mag_proc_z
                0x008004d6        0x4 compass.o
                0x008004d6                mag_proc_z
 .bss.mag_proc_y
                0x008004da        0x4 compass.o
                0x008004da                mag_proc_y
 .bss.mag_proc_x
                0x008004de        0x4 compass.o
                0x008004de                mag_proc_x
 .bss.mag_data_z
                0x008004e2        0x2 compass.o
                0x008004e2                mag_data_z
 .bss.mag_data_y
                0x008004e4        0x2 compass.o
                0x008004e4                mag_data_y
 .bss.mag_data_x
                0x008004e6        0x2 compass.o
                0x008004e6                mag_data_x
 .bss.mag_raw_ylo
                0x008004e8        0x1 compass.o
                0x008004e8                mag_raw_ylo
 .bss.mag_raw_yhi
                0x008004e9        0x1 compass.o
                0x008004e9                mag_raw_yhi
 .bss.mag_raw_zlo
                0x008004ea        0x1 compass.o
                0x008004ea                mag_raw_zlo
 .bss.mag_raw_zhi
                0x008004eb        0x1 compass.o
                0x008004eb                mag_raw_zhi
 .bss.mag_raw_xlo
                0x008004ec        0x1 compass.o
                0x008004ec                mag_raw_xlo
 .bss.mag_raw_xhi
                0x008004ed        0x1 compass.o
                0x008004ed                mag_raw_xhi
 .bss.chop      0x008004ee        0x1 gps.o
                0x008004ee                chop
 .bss.nevery    0x008004ef       0x46 gps.o
                0x008004ef                nevery
 .bss.every     0x00800535       0x46 gps.o
                0x00800535                every
 .bss.header    0x0080057b        0x7 gps.o
                0x0080057b                header
 .bss.fix       0x00800582        0x2 gps.o
                0x00800582                fix
 .bss.len       0x00800584        0x2 gps.o
                0x00800584                len
 .bss.chk       0x00800586        0x2 gps.o
                0x00800586                chk
 .bss.j         0x00800588        0x2 gps.o
                0x00800588                j
 .bss.i         0x0080058a        0x2 gps.o
                0x0080058a                i
 .bss.gpsd      0x0080058c        0x1 gps.o
                0x0080058c                gpsd
 .bss.sats      0x0080058d        0x4 gps.o
                0x0080058d                sats
 .bss.lon2      0x00800591        0x4 gps.o
                0x00800591                lon2
 .bss.lat2      0x00800595        0x4 gps.o
                0x00800595                lat2
 .bss.lon2_deg  0x00800599        0x4 gps.o
                0x00800599                lon2_deg
 .bss.lat2_deg  0x0080059d        0x4 gps.o
                0x0080059d                lat2_deg
 .bss.timeUTC   0x008005a1        0x4 gps.o
                0x008005a1                timeUTC
 .bss.throttle_out
                0x008005a5        0x4 quad_output.o
                0x008005a5                throttle_out
 .bss._ZZ9rx_updatevE7unAuxIn
                0x008005a9        0x2 rx.o
 .bss._ZZ9rx_updatevE8unGearIn
                0x008005ab        0x2 rx.o
 .bss._ZZ9rx_updatevE10unRudderIn
                0x008005ad        0x2 rx.o
 .bss._ZZ9rx_updatevE12unElevatorIn
                0x008005af        0x2 rx.o
 .bss._ZZ9rx_updatevE11unAileronIn
                0x008005b1        0x2 rx.o
 .bss._ZZ9rx_updatevE12unThrottleIn
                0x008005b3        0x2 rx.o
 .bss._ZZ9rx_updatevE13rxUpdateFlags
                0x008005b5        0x1 rx.o
 .bss.portHistory
                0x008005b6        0x1 rx.o
                0x008005b6                portHistory
 .bss.rxInputAux
                0x008005b7        0x2 rx.o
                0x008005b7                rxInputAux
 .bss.rxInputGear
                0x008005b9        0x2 rx.o
                0x008005b9                rxInputGear
 .bss.rxInputRudder
                0x008005bb        0x2 rx.o
                0x008005bb                rxInputRudder
 .bss.rxInputElevator
                0x008005bd        0x2 rx.o
                0x008005bd                rxInputElevator
 .bss.rxInputAileron
                0x008005bf        0x2 rx.o
                0x008005bf                rxInputAileron
 .bss.rxInputThrottle
                0x008005c1        0x2 rx.o
                0x008005c1                rxInputThrottle
 .bss.ulAuxStart
                0x008005c3        0x4 rx.o
                0x008005c3                ulAuxStart
 .bss.ulGearStart
                0x008005c7        0x4 rx.o
                0x008005c7                ulGearStart
 .bss.ulRudderStart
                0x008005cb        0x4 rx.o
                0x008005cb                ulRudderStart
 .bss.ulElevatorStart
                0x008005cf        0x4 rx.o
                0x008005cf                ulElevatorStart
 .bss.ulAileronStart
                0x008005d3        0x4 rx.o
                0x008005d3                ulAileronStart
 .bss.ulThrottleStart
                0x008005d7        0x4 rx.o
                0x008005d7                ulThrottleStart
 .bss.rxUpdateFlagsShared
                0x008005db        0x1 rx.o
                0x008005db                rxUpdateFlagsShared
 .bss.unAuxInShared
                0x008005dc        0x2 rx.o
                0x008005dc                unAuxInShared
 .bss.unGearInShared
                0x008005de        0x2 rx.o
                0x008005de                unGearInShared
 .bss.unRudderInShared
                0x008005e0        0x2 rx.o
                0x008005e0                unRudderInShared
 .bss.unElevatorInShared
                0x008005e2        0x2 rx.o
                0x008005e2                unElevatorInShared
 .bss.unAileronInShared
                0x008005e4        0x2 rx.o
                0x008005e4                unAileronInShared
 .bss.unThrottleInShared
                0x008005e6        0x2 rx.o
                0x008005e6                unThrottleInShared
 .bss._ZL12timer0_fract
                0x008005e8        0x1 timing.o
 .bss.timer0_millis
                0x008005e9        0x4 timing.o
                0x008005e9                timer0_millis
 .bss.timer0_overflow_count
                0x008005ed        0x4 timing.o
                0x008005ed                timer0_overflow_count
 .bss.c_long_array
                0x008005f1       0x40 waypoint.o
                0x008005f1                c_long_array
 .bss.c_lat_array
                0x00800631       0x40 waypoint.o
                0x00800631                c_lat_array
 .bss.chris_array_index
                0x00800671        0x2 waypoint.o
                0x00800671                chris_array_index
 .bss.gps_demonstration
                0x00800673        0x1 waypointNavigator.o
                0x00800673                gps_demonstration
 *(COMMON)
 COMMON         0x00800674        0x2 c:/program files (x86)/atmel/atmel toolchain/avr8 gcc/native/3.4.1056/avr8-gnu-toolchain/bin/../lib/gcc/avr/4.8.1/../../../../avr/lib/avr6\libc.a(errno.o)
                0x00800674                errno
                0x00800676                PROVIDE (__bss_end, .)
                0x000030c0                __data_load_start = LOADADDR (.data)
                0x00003390                __data_load_end = (__data_load_start + SIZEOF (.data))

.noinit         0x00800676        0x0
                0x00800676                PROVIDE (__noinit_start, .)
 *(.noinit*)
                0x00800676                PROVIDE (__noinit_end, .)
                0x00800676                _end = .
                0x00800676                PROVIDE (__heap_start, .)

.eeprom         0x00810000        0x0
 *(.eeprom*)
                0x00810000                __eeprom_end = .

.fuse
 *(.fuse)
 *(.lfuse)
 *(.hfuse)
 *(.efuse)

.lock
 *(.lock*)

.signature
 *(.signature*)

.user_signatures
 *(.user_signatures*)

.stab           0x00000000       0x24
 *(.stab)
 .stab          0x00000000       0x24 i2cmaster.o

.stabstr        0x00000000       0x1e
 *(.stabstr)
 .stabstr       0x00000000       0x1e i2cmaster.o

.stab.excl
 *(.stab.excl)

.stab.exclstr
 *(.stab.exclstr)

.stab.index
 *(.stab.index)

.stab.indexstr
 *(.stab.indexstr)

.comment        0x00000000       0x5c
 *(.comment)
 .comment       0x00000000       0x30 accelerometer.o
                                 0x31 (size before relaxing)
 .comment       0x00000000       0x31 altimeter.o
 .comment       0x00000000       0x31 benchmark.o
 .comment       0x00000000       0x31 compass.o
 .comment       0x00000000       0x31 debug.o
 .comment       0x00000000       0x31 gps.o
 .comment       0x00000000       0x31 quad_control.o
 .comment       0x00000000       0x31 quad_output.o
 .comment       0x00000000       0x31 rx.o
 .comment       0x00000000       0x31 timing.o
 .comment       0x00000000       0x31 usart.o
 .comment       0x00000000       0x31 waypoint.o
 .comment       0x00000000       0x31 waypointNavigator.o
 .comment       0x00000000       0x31 c:/program files (x86)/atmel/atmel toolchain/avr8 gcc/native/3.4.1056/avr8-gnu-toolchain/bin/../lib/gcc/avr/4.8.1/../../../../avr/lib/avr6\libc.a(dtostrf.o)
 .comment       0x00000000       0x31 c:/program files (x86)/atmel/atmel toolchain/avr8 gcc/native/3.4.1056/avr8-gnu-toolchain/bin/../lib/gcc/avr/4.8.1/../../../../avr/lib/avr6\libc.a(dtoa_prf.o)
 .comment       0x00000000       0x31 c:/program files (x86)/atmel/atmel toolchain/avr8 gcc/native/3.4.1056/avr8-gnu-toolchain/bin/../lib/gcc/avr/4.8.1/../../../../avr/lib/avr6\libc.a(strtod.o)
 .comment       0x00000030       0x2c c:/program files (x86)/atmel/atmel toolchain/avr8 gcc/native/3.4.1056/avr8-gnu-toolchain/bin/../lib/gcc/avr/4.8.1/../../../../avr/lib/avr6\libc.a(errno.o)
                                 0x2d (size before relaxing)

.note.gnu.build-id
 *(.note.gnu.build-id)

.debug
 *(.debug)

.line
 *(.line)

.debug_srcinfo
 *(.debug_srcinfo)

.debug_sfnames
 *(.debug_sfnames)

.debug_aranges  0x00000000      0x490
 *(.debug_aranges)
 .debug_aranges
                0x00000000       0x40 accelerometer.o
 .debug_aranges
                0x00000040       0x68 altimeter.o
 .debug_aranges
                0x000000a8       0x30 benchmark.o
 .debug_aranges
                0x000000d8       0x38 compass.o
 .debug_aranges
                0x00000110       0x50 debug.o
 .debug_aranges
                0x00000160       0x98 gps.o
 .debug_aranges
                0x000001f8       0x20 i2cmaster.o
 .debug_aranges
                0x00000218       0x30 quad_control.o
 .debug_aranges
                0x00000248       0x60 quad_output.o
 .debug_aranges
                0x000002a8       0x68 rx.o
 .debug_aranges
                0x00000310       0x38 timing.o
 .debug_aranges
                0x00000348       0x38 usart.o
 .debug_aranges
                0x00000380       0xe8 waypoint.o
 .debug_aranges
                0x00000468       0x28 waypointNavigator.o

.debug_pubnames
 *(.debug_pubnames)

.debug_info     0x00000000     0x663f
 *(.debug_info .gnu.linkonce.wi.*)
 .debug_info    0x00000000      0x8e7 accelerometer.o
 .debug_info    0x000008e7      0x7f5 altimeter.o
 .debug_info    0x000010dc      0x50e benchmark.o
 .debug_info    0x000015ea      0x4d8 compass.o
 .debug_info    0x00001ac2      0x55f debug.o
 .debug_info    0x00002021      0xea8 gps.o
 .debug_info    0x00002ec9       0x97 i2cmaster.o
 .debug_info    0x00002f60      0x567 quad_control.o
 .debug_info    0x000034c7      0x47b quad_output.o
 .debug_info    0x00003942      0x5cf rx.o
 .debug_info    0x00003f11      0x1b0 timing.o
 .debug_info    0x000040c1      0x193 usart.o
 .debug_info    0x00004254     0x1b4e waypoint.o
 .debug_info    0x00005da2      0x89d waypointNavigator.o

.debug_abbrev   0x00000000     0x1933
 *(.debug_abbrev)
 .debug_abbrev  0x00000000      0x1fa accelerometer.o
 .debug_abbrev  0x000001fa      0x241 altimeter.o
 .debug_abbrev  0x0000043b      0x19f benchmark.o
 .debug_abbrev  0x000005da      0x1a5 compass.o
 .debug_abbrev  0x0000077f      0x1da debug.o
 .debug_abbrev  0x00000959      0x322 gps.o
 .debug_abbrev  0x00000c7b       0x14 i2cmaster.o
 .debug_abbrev  0x00000c8f      0x1e8 quad_control.o
 .debug_abbrev  0x00000e77      0x169 quad_output.o
 .debug_abbrev  0x00000fe0      0x1b5 rx.o
 .debug_abbrev  0x00001195       0xd5 timing.o
 .debug_abbrev  0x0000126a       0xe9 usart.o
 .debug_abbrev  0x00001353      0x3ff waypoint.o
 .debug_abbrev  0x00001752      0x1e1 waypointNavigator.o

.debug_line     0x00000000     0x2c94
 *(.debug_line .debug_line.* .debug_line_end)
 .debug_line    0x00000000      0x3bd accelerometer.o
 .debug_line    0x000003bd      0x3b9 altimeter.o
 .debug_line    0x00000776      0x2cf benchmark.o
 .debug_line    0x00000a45      0x25d compass.o
 .debug_line    0x00000ca2      0x21e debug.o
 .debug_line    0x00000ec0      0x55e gps.o
 .debug_line    0x0000141e      0x2a3 i2cmaster.o
 .debug_line    0x000016c1      0x25d quad_control.o
 .debug_line    0x0000191e      0x1f1 quad_output.o
 .debug_line    0x00001b0f      0x3de rx.o
 .debug_line    0x00001eed      0x199 timing.o
 .debug_line    0x00002086      0x263 usart.o
 .debug_line    0x000022e9      0x694 waypoint.o
 .debug_line    0x0000297d      0x317 waypointNavigator.o

.debug_frame    0x00000000      0xf24
 *(.debug_frame)
 .debug_frame   0x00000000      0x110 accelerometer.o
 .debug_frame   0x00000110      0x12c altimeter.o
 .debug_frame   0x0000023c      0x10c benchmark.o
 .debug_frame   0x00000348       0xa4 compass.o
 .debug_frame   0x000003ec       0xc0 debug.o
 .debug_frame   0x000004ac      0x224 gps.o
 .debug_frame   0x000006d0       0x9c quad_control.o
 .debug_frame   0x0000076c       0xfc quad_output.o
 .debug_frame   0x00000868      0x114 rx.o
 .debug_frame   0x0000097c       0x7c timing.o
 .debug_frame   0x000009f8       0x74 usart.o
 .debug_frame   0x00000a6c      0x484 waypoint.o
 .debug_frame   0x00000ef0       0x34 waypointNavigator.o

.debug_str      0x00000000     0x1d56
 *(.debug_str)
 .debug_str     0x00000000      0x372 accelerometer.o
                                0x3ba (size before relaxing)
 .debug_str     0x00000372      0x2b6 altimeter.o
                                0x513 (size before relaxing)
 .debug_str     0x00000628      0x14c benchmark.o
                                0x39f (size before relaxing)
 .debug_str     0x00000774      0x419 compass.o
                                0x652 (size before relaxing)
 .debug_str     0x00000b8d       0xf9 debug.o
                                0x358 (size before relaxing)
 .debug_str     0x00000c86      0x411 gps.o
                                0x681 (size before relaxing)
 .debug_str     0x00001097      0x24d quad_control.o
                                0x4f9 (size before relaxing)
 .debug_str     0x000012e4      0x1aa quad_output.o
                                0x473 (size before relaxing)
 .debug_str     0x0000148e      0x1d6 rx.o
                                0x4c0 (size before relaxing)
 .debug_str     0x00001664       0x7b timing.o
                                0x232 (size before relaxing)
 .debug_str     0x000016df       0x55 usart.o
                                0x257 (size before relaxing)
 .debug_str     0x00001734      0x5b8 waypoint.o
                                0x995 (size before relaxing)
 .debug_str     0x00001cec       0x6a waypointNavigator.o
                                0x71a (size before relaxing)

.debug_loc      0x00000000     0x3c09
 *(.debug_loc)
 .debug_loc     0x00000000      0x560 accelerometer.o
 .debug_loc     0x00000560      0x53d altimeter.o
 .debug_loc     0x00000a9d      0x488 benchmark.o
 .debug_loc     0x00000f25      0x174 compass.o
 .debug_loc     0x00001099      0x221 debug.o
 .debug_loc     0x000012ba      0x9e4 gps.o
 .debug_loc     0x00001c9e      0x207 quad_control.o
 .debug_loc     0x00001ea5      0x296 quad_output.o
 .debug_loc     0x0000213b      0x134 rx.o
 .debug_loc     0x0000226f      0x169 timing.o
 .debug_loc     0x000023d8      0x25c usart.o
 .debug_loc     0x00002634     0x156f waypoint.o
 .debug_loc     0x00003ba3       0x66 waypointNavigator.o

.debug_macinfo
 *(.debug_macinfo)

.debug_weaknames
 *(.debug_weaknames)

.debug_funcnames
 *(.debug_funcnames)

.debug_typenames
 *(.debug_typenames)

.debug_varnames
 *(.debug_varnames)

.debug_pubtypes
 *(.debug_pubtypes)

.debug_ranges   0x00000000      0x3b8
 *(.debug_ranges)
 .debug_ranges  0x00000000       0x30 accelerometer.o
 .debug_ranges  0x00000030       0x58 altimeter.o
 .debug_ranges  0x00000088       0x20 benchmark.o
 .debug_ranges  0x000000a8       0x28 compass.o
 .debug_ranges  0x000000d0       0x40 debug.o
 .debug_ranges  0x00000110       0xa0 gps.o
 .debug_ranges  0x000001b0       0x20 quad_control.o
 .debug_ranges  0x000001d0       0x50 quad_output.o
 .debug_ranges  0x00000220       0x58 rx.o
 .debug_ranges  0x00000278       0x28 timing.o
 .debug_ranges  0x000002a0       0x28 usart.o
 .debug_ranges  0x000002c8       0xd8 waypoint.o
 .debug_ranges  0x000003a0       0x18 waypointNavigator.o

.debug_macro
 *(.debug_macro)
OUTPUT(waypointNavigator.elf elf32-avr)
LOAD linker stubs
