Archive member included because of file (symbol)

c:/program files (x86)/atmel/atmel toolchain/avr8 gcc/native/3.4.1056/avr8-gnu-toolchain/bin/../lib/gcc/avr/4.8.1/../../../../avr/lib/avr6\libm.a(addsf3.o)
                              benchmark.o (__subsf3)
c:/program files (x86)/atmel/atmel toolchain/avr8 gcc/native/3.4.1056/avr8-gnu-toolchain/bin/../lib/gcc/avr/4.8.1/../../../../avr/lib/avr6\libm.a(addsf3x.o)
                              c:/program files (x86)/atmel/atmel toolchain/avr8 gcc/native/3.4.1056/avr8-gnu-toolchain/bin/../lib/gcc/avr/4.8.1/../../../../avr/lib/avr6\libm.a(addsf3.o) (__addsf3x)
c:/program files (x86)/atmel/atmel toolchain/avr8 gcc/native/3.4.1056/avr8-gnu-toolchain/bin/../lib/gcc/avr/4.8.1/../../../../avr/lib/avr6\libm.a(atan2.o)
                              accelerometer.o (atan2)
c:/program files (x86)/atmel/atmel toolchain/avr8 gcc/native/3.4.1056/avr8-gnu-toolchain/bin/../lib/gcc/avr/4.8.1/../../../../avr/lib/avr6\libm.a(atan.o)
                              c:/program files (x86)/atmel/atmel toolchain/avr8 gcc/native/3.4.1056/avr8-gnu-toolchain/bin/../lib/gcc/avr/4.8.1/../../../../avr/lib/avr6\libm.a(atan2.o) (atan)
c:/program files (x86)/atmel/atmel toolchain/avr8 gcc/native/3.4.1056/avr8-gnu-toolchain/bin/../lib/gcc/avr/4.8.1/../../../../avr/lib/avr6\libm.a(cmpsf2.o)
                              altimeter.o (__eqsf2)
c:/program files (x86)/atmel/atmel toolchain/avr8 gcc/native/3.4.1056/avr8-gnu-toolchain/bin/../lib/gcc/avr/4.8.1/../../../../avr/lib/avr6\libm.a(cos.o)
                              waypoint.o (cos)
c:/program files (x86)/atmel/atmel toolchain/avr8 gcc/native/3.4.1056/avr8-gnu-toolchain/bin/../lib/gcc/avr/4.8.1/../../../../avr/lib/avr6\libm.a(divsf3.o)
                              accelerometer.o (__divsf3)
c:/program files (x86)/atmel/atmel toolchain/avr8 gcc/native/3.4.1056/avr8-gnu-toolchain/bin/../lib/gcc/avr/4.8.1/../../../../avr/lib/avr6\libm.a(divsf3x.o)
                              c:/program files (x86)/atmel/atmel toolchain/avr8 gcc/native/3.4.1056/avr8-gnu-toolchain/bin/../lib/gcc/avr/4.8.1/../../../../avr/lib/avr6\libm.a(divsf3.o) (__divsf3x)
c:/program files (x86)/atmel/atmel toolchain/avr8 gcc/native/3.4.1056/avr8-gnu-toolchain/bin/../lib/gcc/avr/4.8.1/../../../../avr/lib/avr6\libm.a(fixsfsi.o)
                              gps.o (__fixsfsi)
c:/program files (x86)/atmel/atmel toolchain/avr8 gcc/native/3.4.1056/avr8-gnu-toolchain/bin/../lib/gcc/avr/4.8.1/../../../../avr/lib/avr6\libm.a(fixunssfsi.o)
                              c:/program files (x86)/atmel/atmel toolchain/avr8 gcc/native/3.4.1056/avr8-gnu-toolchain/bin/../lib/gcc/avr/4.8.1/../../../../avr/lib/avr6\libm.a(fixsfsi.o) (__fixunssfsi)
c:/program files (x86)/atmel/atmel toolchain/avr8 gcc/native/3.4.1056/avr8-gnu-toolchain/bin/../lib/gcc/avr/4.8.1/../../../../avr/lib/avr6\libm.a(floatsisf.o)
                              rx.o (__floatunsisf)
c:/program files (x86)/atmel/atmel toolchain/avr8 gcc/native/3.4.1056/avr8-gnu-toolchain/bin/../lib/gcc/avr/4.8.1/../../../../avr/lib/avr6\libm.a(floor.o)
                              waypoint.o (floor)
c:/program files (x86)/atmel/atmel toolchain/avr8 gcc/native/3.4.1056/avr8-gnu-toolchain/bin/../lib/gcc/avr/4.8.1/../../../../avr/lib/avr6\libm.a(fp_cmp.o)
                              c:/program files (x86)/atmel/atmel toolchain/avr8 gcc/native/3.4.1056/avr8-gnu-toolchain/bin/../lib/gcc/avr/4.8.1/../../../../avr/lib/avr6\libm.a(cmpsf2.o) (__fp_cmp)
c:/program files (x86)/atmel/atmel toolchain/avr8 gcc/native/3.4.1056/avr8-gnu-toolchain/bin/../lib/gcc/avr/4.8.1/../../../../avr/lib/avr6\libm.a(fp_inf.o)
                              c:/program files (x86)/atmel/atmel toolchain/avr8 gcc/native/3.4.1056/avr8-gnu-toolchain/bin/../lib/gcc/avr/4.8.1/../../../../avr/lib/avr6\libm.a(addsf3x.o) (__fp_inf)
c:/program files (x86)/atmel/atmel toolchain/avr8 gcc/native/3.4.1056/avr8-gnu-toolchain/bin/../lib/gcc/avr/4.8.1/../../../../avr/lib/avr6\libm.a(fp_mintl.o)
                              c:/program files (x86)/atmel/atmel toolchain/avr8 gcc/native/3.4.1056/avr8-gnu-toolchain/bin/../lib/gcc/avr/4.8.1/../../../../avr/lib/avr6\libm.a(floor.o) (__fp_mintl)
c:/program files (x86)/atmel/atmel toolchain/avr8 gcc/native/3.4.1056/avr8-gnu-toolchain/bin/../lib/gcc/avr/4.8.1/../../../../avr/lib/avr6\libm.a(fp_mpack.o)
                              c:/program files (x86)/atmel/atmel toolchain/avr8 gcc/native/3.4.1056/avr8-gnu-toolchain/bin/../lib/gcc/avr/4.8.1/../../../../avr/lib/avr6\libm.a(floor.o) (__fp_mpack)
c:/program files (x86)/atmel/atmel toolchain/avr8 gcc/native/3.4.1056/avr8-gnu-toolchain/bin/../lib/gcc/avr/4.8.1/../../../../avr/lib/avr6\libm.a(fp_nan.o)
                              c:/program files (x86)/atmel/atmel toolchain/avr8 gcc/native/3.4.1056/avr8-gnu-toolchain/bin/../lib/gcc/avr/4.8.1/../../../../avr/lib/avr6\libm.a(addsf3x.o) (__fp_nan)
[...]
Memory Configuration

Name             Origin             Length             Attributes
text             0x00000000         0x00100000         xr
data             0x00800200         0x0000fe00         rw !x
eeprom           0x00810000         0x00010000         rw !x
fuse             0x00820000         0x00000400         rw !x
lock             0x00830000         0x00000400         rw !x
signature        0x00840000         0x00000400         rw !x
user_signatures  0x00850000         0x00000400         rw !x
*default*        0x00000000         0xffffffff

Linker script and memory map

Address of section .data set to 0x800200
LOAD c:/program files (x86)/atmel/atmel toolchain/avr8 gcc/native/3.4.1056/avr8-gnu-toolchain/bin/../lib/gcc/avr/4.8.1/../../../../avr/lib/avr6/crtm2560.o
LOAD accelerometer.o
LOAD altimeter.o
LOAD benchmark.o
LOAD compass.o
LOAD debug.o
LOAD gps.o
LOAD i2cmaster.o
LOAD quad_control.o
LOAD quad_output.o
LOAD rx.o
LOAD timing.o
LOAD usart.o
LOAD waypoint.o
LOAD waypointNavigator.o
START GROUP
LOAD c:/program files (x86)/atmel/atmel toolchain/avr8 gcc/native/3.4.1056/avr8-gnu-toolchain/bin/../lib/gcc/avr/4.8.1/../../../../avr/lib/avr6\libm.a
END GROUP
LOAD c:/program files (x86)/atmel/atmel toolchain/avr8 gcc/native/3.4.1056/avr8-gnu-toolchain/bin/../lib/gcc/avr/4.8.1/avr6\libgcc.a
LOAD c:/program files (x86)/atmel/atmel toolchain/avr8 gcc/native/3.4.1056/avr8-gnu-toolchain/bin/../lib/gcc/avr/4.8.1/../../../../avr/lib/avr6\libm.a
START GROUP
LOAD c:/program files (x86)/atmel/atmel toolchain/avr8 gcc/native/3.4.1056/avr8-gnu-toolchain/bin/../lib/gcc/avr/4.8.1/avr6\libgcc.a
LOAD c:/program files (x86)/atmel/atmel toolchain/avr8 gcc/native/3.4.1056/avr8-gnu-toolchain/bin/../lib/gcc/avr/4.8.1/../../../../avr/lib/avr6\libm.a
LOAD c:/program files (x86)/atmel/atmel toolchain/avr8 gcc/native/3.4.1056/avr8-gnu-toolchain/bin/../lib/gcc/avr/4.8.1/../../../../avr/lib/avr6\libc.a
END GROUP

.hash
 *(.hash)

.dynsym
 *(.dynsym)

.dynstr
 *(.dynstr)

.gnu.version
 *(.gnu.version)

.gnu.version_d
 *(.gnu.version_d)

.gnu.version_r
 *(.gnu.version_r)

.rel.init
 *(.rel.init)

.rela.init
 *(.rela.init)

.rel.text
 *(.rel.text)
 *(.rel.text.*)
 *(.rel.gnu.linkonce.t*)

.rela.text
 *(.rela.text)
 *(.rela.text.*)
 *(.rela.gnu.linkonce.t*)

.rel.fini
 *(.rel.fini)

.rela.fini
 *(.rela.fini)

.rel.rodata
 *(.rel.rodata)
 *(.rel.rodata.*)
 *(.rel.gnu.linkonce.r*)

.rela.rodata
 *(.rela.rodata)
 *(.rela.rodata.*)
 *(.rela.gnu.linkonce.r*)

.rel.data
 *(.rel.data)
 *(.rel.data.*)
 *(.rel.gnu.linkonce.d*)

.rela.data
 *(.rela.data)
 *(.rela.data.*)
 *(.rela.gnu.linkonce.d*)

.rel.ctors
 *(.rel.ctors)

.rela.ctors
 *(.rela.ctors)

.rel.dtors
 *(.rel.dtors)

.rela.dtors
 *(.rela.dtors)

.rel.got
 *(.rel.got)

.rela.got
 *(.rela.got)

.rel.bss
 *(.rel.bss)

.rela.bss
 *(.rela.bss)

.rel.plt
 *(.rel.plt)

.rela.plt
 *(.rela.plt)

.text           0x00000000     0x2cde
 *(.vectors)
 .vectors       0x00000000       0xe4 c:/program files (x86)/atmel/atmel toolchain/avr8 gcc/native/3.4.1056/avr8-gnu-toolchain/bin/../lib/gcc/avr/4.8.1/../../../../avr/lib/avr6/crtm2560.o
                0x00000000                __vector_default
                0x00000000                __vectors
 *(.vectors)
 *(.progmem.gcc*)
 .progmem.gcc_fplib
                0x000000e4       0x2d c:/program files (x86)/atmel/atmel toolchain/avr8 gcc/native/3.4.1056/avr8-gnu-toolchain/bin/../lib/gcc/avr/4.8.1/../../../../avr/lib/avr6\libm.a(atan.o)
 .progmem.gcc_fplib
                0x00000111       0x1e c:/program files (x86)/atmel/atmel toolchain/avr8 gcc/native/3.4.1056/avr8-gnu-toolchain/bin/../lib/gcc/avr/4.8.1/../../../../avr/lib/avr6\libm.a(fp_sinus.o)
                0x00000130                . = ALIGN (0x2)
 *fill*         0x0000012f        0x1 
                0x00000130                __trampolines_start = .
 *(.trampolines)
 .trampolines   0x00000130        0x0 linker stubs
 *(.trampolines*)
                0x00000130                __trampolines_end = .
 *(.progmem*)
 .progmem.data  0x00000130       0x3b c:/program files (x86)/atmel/atmel toolchain/avr8 gcc/native/3.4.1056/avr8-gnu-toolchain/bin/../lib/gcc/avr/4.8.1/../../../../avr/lib/avr6\libc.a(strtod.o)
 .progmem.data  0x0000016b       0xfa c:/program files (x86)/atmel/atmel toolchain/avr8 gcc/native/3.4.1056/avr8-gnu-toolchain/bin/../lib/gcc/avr/4.8.1/../../../../avr/lib/avr6\libc.a(ftoa_engine.o)
                0x00000266                . = ALIGN (0x2)
 *fill*         0x00000265        0x1 
 *(.jumptables)
 *(.jumptables*)
 *(.lowtext)
 *(.lowtext*)
                0x00000266                __ctors_start = .
 *(.ctors)
 .ctors         0x00000266        0x2 gps.o
                0x00000268                __ctors_end = .
                0x00000268                __dtors_start = .
 *(.dtors)
                0x00000268                __dtors_end = .
 SORT(*)(.ctors)
 SORT(*)(.dtors)
 *(.init0)
 .init0         0x00000268        0x0 c:/program files (x86)/atmel/atmel toolchain/avr8 gcc/native/3.4.1056/avr8-gnu-toolchain/bin/../lib/gcc/avr/4.8.1/../../../../avr/lib/avr6/crtm2560.o
                0x00000268                __init
 *(.init0)
 *(.init1)
 *(.init1)
 *(.init2)
 .init2         0x00000268       0x10 c:/program files (x86)/atmel/atmel toolchain/avr8 gcc/native/3.4.1056/avr8-gnu-toolchain/bin/../lib/gcc/avr/4.8.1/../../../../avr/lib/avr6/crtm2560.o
 *(.init2)
 *(.init3)
 *(.init3)
 *(.init4)
 .init4         0x00000278       0x1a c:/program files (x86)/atmel/atmel toolchain/avr8 gcc/native/3.4.1056/avr8-gnu-toolchain/bin/../lib/gcc/avr/4.8.1/avr6\libgcc.a(_copy_data.o)
                0x00000278                __do_copy_data
 .init4         0x00000292       0x10 c:/program files (x86)/atmel/atmel toolchain/avr8 gcc/native/3.4.1056/avr8-gnu-toolchain/bin/../lib/gcc/avr/4.8.1/avr6\libgcc.a(_clear_bss.o)
                0x00000292                __do_clear_bss
 *(.init4)
 *(.init5)
 *(.init5)
 *(.init6)
 .init6         0x000002a2       0x20 c:/program files (x86)/atmel/atmel toolchain/avr8 gcc/native/3.4.1056/avr8-gnu-toolchain/bin/../lib/gcc/avr/4.8.1/avr6\libgcc.a(_ctors.o)
                0x000002a2                __do_global_ctors
 *(.init6)
 *(.init7)
 *(.init7)
 *(.init8)
 *(.init8)
 *(.init9)
 .init9         0x000002c2        0x8 c:/program files (x86)/atmel/atmel toolchain/avr8 gcc/native/3.4.1056/avr8-gnu-toolchain/bin/../lib/gcc/avr/4.8.1/../../../../avr/lib/avr6/crtm2560.o
 *(.init9)
 *(.text)
 .text          0x000002ca        0x2 c:/program files (x86)/atmel/atmel toolchain/avr8 gcc/native/3.4.1056/avr8-gnu-toolchain/bin/../lib/gcc/avr/4.8.1/../../../../avr/lib/avr6/crtm2560.o
                0x000002ca                __vector_38
                0x000002ca                __vector_22
                0x000002ca                __vector_28
                0x000002ca                __vector_1
                0x000002ca                __vector_32
                0x000002ca                __vector_34
                0x000002ca                __vector_24
                0x000002ca                __vector_12
                0x000002ca                __vector_55
                0x000002ca                __vector_46
                0x000002ca                __bad_interrupt
                0x000002ca                __vector_6
                0x000002ca                __vector_31
                0x000002ca                __vector_35
                0x000002ca                __vector_39
                0x000002ca                __vector_3
                0x000002ca                __vector_30
                0x000002ca                __vector_45
                0x000002ca                __vector_25
                0x000002ca                __vector_11
                0x000002ca                __vector_54
                0x000002ca                __vector_13
                0x000002ca                __vector_17
                0x000002ca                __vector_19
                0x000002ca                __vector_56
                0x000002ca                __vector_7
                0x000002ca                __vector_49
                0x000002ca                __vector_41
                0x000002ca                __vector_43
                0x000002ca                __vector_27
                0x000002ca                __vector_5
                0x000002ca                __vector_33
                0x000002ca                __vector_47
                0x000002ca                __vector_52
                0x000002ca                __vector_37
                0x000002ca                __vector_4
                0x000002ca                __vector_44
                0x000002ca                __vector_51
                0x000002ca                __vector_2
                0x000002ca                __vector_21
                0x000002ca                __vector_15
                0x000002ca                __vector_36
                0x000002ca                __vector_29
                0x000002ca                __vector_40
                0x000002ca                __vector_8
                0x000002ca                __vector_26
                0x000002ca                __vector_48
                0x000002ca                __vector_14
                0x000002ca                __vector_53
                0x000002ca                __vector_10
                0x000002ca                __vector_50
                0x000002ca                __vector_16
                0x000002ca                __vector_18
                0x000002ca                __vector_20
                0x000002ca                __vector_42
 .text          0x000002cc       0xce i2cmaster.o
                0x000002dc                i2c_init
                0x000002e6                i2c_start
                0x000002ee                i2c_rep_start
                0x00000302                i2c_start_wait
                0x00000316                i2c_stop
                0x00000326                i2c_write
                0x0000035e                i2c_readNak
                0x00000362                i2c_readAck
                0x00000364                i2c_read
                0x0000039a                . = ALIGN (0x2)
 *(.text.*)
 .text._Z16enableEventFlagsv
                0x0000039a        0xe altimeter.o
                0x0000039a                _Z16enableEventFlagsv
 .text._Z8IIC_Readh
                0x000003a8       0x16 altimeter.o
                0x000003a8                _Z8IIC_Readh
 .text._Z9IIC_Writehh
                0x000003be       0x1c altimeter.o
                0x000003be                _Z9IIC_Writehh
 .text._Z24altimeter_toggle_oneShotv
                0x000003da       0x1a altimeter.o
                0x000003da                _Z24altimeter_toggle_oneShotv
 .text._Z20altimeter_get_metresv
                0x000003f4       0xd8 altimeter.o
                0x000003f4                _Z20altimeter_get_metresv
 .text._Z22altimeter_start_heightv
                0x000004cc       0xb0 altimeter.o
                0x000004cc                _Z22altimeter_start_heightv
 .text._Z16setModeAltimeterv
                0x0000057c        0xe altimeter.o
                0x0000057c                _Z16setModeAltimeterv
 .text._Z17setOversampleRateh
                0x0000058a       0x22 altimeter.o
                0x0000058a                _Z17setOversampleRateh
 .text._Z14altimeter_initv
                0x000005ac       0x5e altimeter.o
                0x000005ac                _Z14altimeter_initv
 .text._Z19compass_get_headingv
                0x0000060a      0x1f0 compass.o
                0x0000060a                _Z19compass_get_headingv
 .text._Z10setMagGain14hmc5883MagGain
                0x000007fa      0x1a4 compass.o
                0x000007fa                _Z10setMagGain14hmc5883MagGain
 .text._Z13init_HMC5883Lv
                0x0000099e       0x12 compass.o
                0x0000099e                _Z13init_HMC5883Lv
 .text._Z11debug_printPKc
                0x000009b0        0xa debug.o
                0x000009b0                _Z11debug_printPKc
 .text._Z13debug_printlnPKc
                0x000009ba       0x14 debug.o
                0x000009ba                _Z13debug_printlnPKc
 .text._Z12debug_printii
                0x000009ce       0x38 debug.o
                0x000009ce                _Z12debug_printii
 .text._Z12debug_printff
                0x00000a06       0x40 debug.o
                0x00000a06                _Z12debug_printff
 .text._Z10debug_beepv
                0x00000a46       0x18 debug.o
                0x00000a46                _Z10debug_beepv
 .text._Z15debug_beep_longv
                0x00000a5e       0x18 debug.o
                0x00000a5e                _Z15debug_beep_longv
 .text._Z8get_timePcPi
                0x00000a76       0x64 gps.o
                0x00000a76                _Z8get_timePcPi
 .text._Z12get_lat_distPc
                0x00000ada       0x4e gps.o
                0x00000ada                _Z12get_lat_distPc
 .text._Z11get_lat_degPc
                0x00000b28       0x52 gps.o
                0x00000b28                _Z11get_lat_degPc
 .text._Z7get_latPcPi
                0x00000b7a       0x80 gps.o
                0x00000b7a                _Z7get_latPcPi
 .text._Z12get_lon_distPc
                0x00000bfa       0x52 gps.o
                0x00000bfa                _Z12get_lon_distPc
 .text._Z11get_lon_degPc
                0x00000c4c       0x52 gps.o
                0x00000c4c                _Z11get_lon_degPc
 .text._Z7get_lonPcPi
                0x00000c9e       0x80 gps.o
                0x00000c9e                _Z7get_lonPcPi
 .text._Z7get_fixPcPi
                0x00000d1e       0x54 gps.o
                0x00000d1e                _Z7get_fixPcPi
 .text._Z8get_satsPcPi
                0x00000d72       0x5e gps.o
                0x00000d72                _Z8get_satsPcPi
 .text._Z10gps_updatev
                0x00000dd0      0x256 gps.o
                0x00000dd0                _Z10gps_updatev
 .text._Z8gps_initv
                0x00001026       0x38 gps.o
                0x00001026                _Z8gps_initv
 .text._Z16gps_get_latitudev
                0x0000105e       0x12 gps.o
                0x0000105e                _Z16gps_get_latitudev
 .text._Z17gps_get_longitudev
                0x00001070       0x12 gps.o
                0x00001070                _Z17gps_get_longitudev
 .text._Z12gps_get_satsv
                0x00001082       0x16 gps.o
                0x00001082                _Z12gps_get_satsv
 .text._GLOBAL__sub_I_timeUTC
                0x00001098       0x14 gps.o
 .text.__vector_9
                0x000010ac      0x1c6 rx.o
                0x000010ac                __vector_9
 .text.__vector_23
                0x00001272       0x94 timing.o
                0x00001272                __vector_23
 .text._Z6millisv
                0x00001306       0x1a timing.o
                0x00001306                _Z6millisv
 .text._Z6microsv
                0x00001320       0x50 timing.o
                0x00001320                _Z6microsv
 .text._Z10initTimersv
                0x00001370        0xe timing.o
                0x00001370                _Z10initTimersv
 .text._Z10USART_initii
                0x0000137e       0xb2 usart.o
                0x0000137e                _Z10USART_initii
 .text._Z10USART_sendih
                0x00001430       0x54 usart.o
                0x00001430                _Z10USART_sendih
 .text._Z13USART_receivei
                0x00001484       0x4e usart.o
                0x00001484                _Z13USART_receivei
 .text._Z15USART_putstringiPKc
                0x000014d2       0x28 usart.o
                0x000014d2                _Z15USART_putstringiPKc
 .text._Z21waypoint_get_distanceffff
                0x000014fa      0x1ac waypoint.o
                0x000014fa                _Z21waypoint_get_distanceffff
 .text._Z20waypoint_get_bearingffff
                0x000016a6      0x154 waypoint.o
                0x000016a6                _Z20waypoint_get_bearingffff
 .text._Z18chris_waypoint_addff
                0x000017fa       0x42 waypoint.o
                0x000017fa                _Z18chris_waypoint_addff
 .text._Z19chris_waypoint_initv
                0x0000183c      0x134 waypoint.o
                0x0000183c                _Z19chris_waypoint_initv
 .text._Z30chris_waypoint_current_bearingv
                0x00001970       0x5c waypoint.o
                0x00001970                _Z30chris_waypoint_current_bearingv
 .text._Z31chris_waypoint_current_distancev
                0x000019cc       0x90 waypoint.o
                0x000019cc                _Z31chris_waypoint_current_distancev
 .text._Z21chris_waypoint_updatev
                0x00001a5c       0x38 waypoint.o
                0x00001a5c                _Z21chris_waypoint_updatev
 .text._Z28chris_waypoint_current_indexv
                0x00001a94        0xa waypoint.o
                0x00001a94                _Z28chris_waypoint_current_indexv
 .text._Z32chris_set_waypoint_current_indexi
                0x00001a9e        0xa waypoint.o
                0x00001a9e                _Z32chris_set_waypoint_current_indexi
 .text._Z23chris_get_max_waypointsv
                0x00001aa8        0x6 waypoint.o
                0x00001aa8                _Z23chris_get_max_waypointsv
 .text._Z13array_get_lati
                0x00001aae       0x18 waypoint.o
                0x00001aae                _Z13array_get_lati
 .text._Z13array_get_loni
                0x00001ac6       0x18 waypoint.o
                0x00001ac6                _Z13array_get_loni
 .text._Z10initialisev
                0x00001ade       0x9a waypointNavigator.o
                0x00001ade                _Z10initialisev
 .text.main     0x00001b78       0xe6 waypointNavigator.o
                0x00001b78                main
 .text.avr-libc.fplib
                0x00001c5e        0xa c:/program files (x86)/atmel/atmel toolchain/avr8 gcc/native/3.4.1056/avr8-gnu-toolchain/bin/../lib/gcc/avr/4.8.1/../../../../avr/lib/avr6\libm.a(addsf3.o)
                0x00001c5e                __subsf3
                0x00001c60                __addsf3
 .text.avr-libc.fplib
                0x00001c68       0xc0 c:/program files (x86)/atmel/atmel toolchain/avr8 gcc/native/3.4.1056/avr8-gnu-toolchain/bin/../lib/gcc/avr/4.8.1/../../../../avr/lib/avr6\libm.a(addsf3x.o)
                0x00001c82                __addsf3x
 .text.avr-libc.fplib
                0x00001d28       0x74 c:/program files (x86)/atmel/atmel toolchain/avr8 gcc/native/3.4.1056/avr8-gnu-toolchain/bin/../lib/gcc/avr/4.8.1/../../../../avr/lib/avr6\libm.a(atan2.o)
                0x00001d46                atan2
 .text.avr-libc.fplib
                0x00001d9c       0x50 c:/program files (x86)/atmel/atmel toolchain/avr8 gcc/native/3.4.1056/avr8-gnu-toolchain/bin/../lib/gcc/avr/4.8.1/../../../../avr/lib/avr6\libm.a(atan.o)
                0x00001d9c                atan
 .text.avr-libc.fplib
                0x00001dec        0x8 c:/program files (x86)/atmel/atmel toolchain/avr8 gcc/native/3.4.1056/avr8-gnu-toolchain/bin/../lib/gcc/avr/4.8.1/../../../../avr/lib/avr6\libm.a(cmpsf2.o)
                0x00001dec                __nesf2
                0x00001dec                __eqsf2
                0x00001dec                __cmpsf2
                0x00001dec                __ltsf2
                0x00001dec                __lesf2
 .text.avr-libc.fplib
                0x00001df4        0x6 c:/program files (x86)/atmel/atmel toolchain/avr8 gcc/native/3.4.1056/avr8-gnu-toolchain/bin/../lib/gcc/avr/4.8.1/../../../../avr/lib/avr6\libm.a(cos.o)
                0x00001df4                cos
 .text.avr-libc.fplib
                0x00001dfa        0x4 c:/program files (x86)/atmel/atmel toolchain/avr8 gcc/native/3.4.1056/avr8-gnu-toolchain/bin/../lib/gcc/avr/4.8.1/../../../../avr/lib/avr6\libm.a(divsf3.o)
                0x00001dfa                __divsf3
 .text.avr-libc.fplib
                0x00001dfe       0xcc c:/program files (x86)/atmel/atmel toolchain/avr8 gcc/native/3.4.1056/avr8-gnu-toolchain/bin/../lib/gcc/avr/4.8.1/../../../../avr/lib/avr6\libm.a(divsf3x.o)
                0x00001e14                __divsf3x
                0x00001e18                __divsf3_pse
 .text.avr-libc.fplib
                0x00001eca        0xa c:/program files (x86)/atmel/atmel toolchain/avr8 gcc/native/3.4.1056/avr8-gnu-toolchain/bin/../lib/gcc/avr/4.8.1/../../../../avr/lib/avr6\libm.a(fixsfsi.o)
                0x00001eca                __fixsfsi
 .text.avr-libc.fplib
                0x00001ed4       0x58 c:/program files (x86)/atmel/atmel toolchain/avr8 gcc/native/3.4.1056/avr8-gnu-toolchain/bin/../lib/gcc/avr/4.8.1/../../../../avr/lib/avr6\libm.a(fixunssfsi.o)
                0x00001ed4                __fixunssfsi
 .text.avr-libc.fplib
                0x00001f2c       0x7a c:/program files (x86)/atmel/atmel toolchain/avr8 gcc/native/3.4.1056/avr8-gnu-toolchain/bin/../lib/gcc/avr/4.8.1/../../../../avr/lib/avr6\libm.a(floatsisf.o)
                0x00001f2c                __floatunsisf
                0x00001f30                __floatsisf
 .text.avr-libc.fplib
                0x00001fa6       0x26 c:/program files (x86)/atmel/atmel toolchain/avr8 gcc/native/3.4.1056/avr8-gnu-toolchain/bin/../lib/gcc/avr/4.8.1/../../../../avr/lib/avr6\libm.a(floor.o)
                0x00001fa6                floor
 .text.avr-libc.fplib
                0x00001fcc       0x48 c:/program files (x86)/atmel/atmel toolchain/avr8 gcc/native/3.4.1056/avr8-gnu-toolchain/bin/../lib/gcc/avr/4.8.1/../../../../avr/lib/avr6\libm.a(fp_cmp.o)
                0x00001fcc                __fp_cmp
 .text.avr-libc.fplib
                0x00002014        0xc c:/program files (x86)/atmel/atmel toolchain/avr8 gcc/native/3.4.1056/avr8-gnu-toolchain/bin/../lib/gcc/avr/4.8.1/../../../../avr/lib/avr6\libm.a(fp_inf.o)
                0x00002014                __fp_inf
 .text.avr-libc.fplib
                0x00002020       0x36 c:/program files (x86)/atmel/atmel toolchain/avr8 gcc/native/3.4.1056/avr8-gnu-toolchain/bin/../lib/gcc/avr/4.8.1/../../../../avr/lib/avr6\libm.a(fp_mintl.o)
                0x00002020                __fp_mintl
 .text.avr-libc.fplib
                0x00002056       0x1c c:/program files (x86)/atmel/atmel toolchain/avr8 gcc/native/3.4.1056/avr8-gnu-toolchain/bin/../lib/gcc/avr/4.8.1/../../../../avr/lib/avr6\libm.a(fp_mpack.o)
                0x00002056                __fp_mpack
                0x0000205a                __fp_mpack_finite
 .text.avr-libc.fplib
                0x00002072        0x6 c:/program files (x86)/atmel/atmel toolchain/avr8 gcc/native/3.4.1056/avr8-gnu-toolchain/bin/../lib/gcc/avr/4.8.1/../../../../avr/lib/avr6\libm.a(fp_nan.o)
                0x00002072                __fp_nan
 .text.avr-libc.fplib
                0x00002078       0x4a c:/program files (x86)/atmel/atmel toolchain/avr8 gcc/native/3.4.1056/avr8-gnu-toolchain/bin/../lib/gcc/avr/4.8.1/../../../../avr/lib/avr6\libm.a(fp_powser.o)
                0x00002078                __fp_powser
 .text.avr-libc.fplib
                0x000020c2        0xe c:/program files (x86)/atmel/atmel toolchain/avr8 gcc/native/3.4.1056/avr8-gnu-toolchain/bin/../lib/gcc/avr/4.8.1/../../../../avr/lib/avr6\libm.a(fp_pscA.o)
                0x000020c2                __fp_pscA
 .text.avr-libc.fplib
                0x000020d0        0xe c:/program files (x86)/atmel/atmel toolchain/avr8 gcc/native/3.4.1056/avr8-gnu-toolchain/bin/../lib/gcc/avr/4.8.1/../../../../avr/lib/avr6\libm.a(fp_pscB.o)
                0x000020d0                __fp_pscB
 .text.avr-libc.fplib
                0x000020de       0x50 c:/program files (x86)/atmel/atmel toolchain/avr8 gcc/native/3.4.1056/avr8-gnu-toolchain/bin/../lib/gcc/avr/4.8.1/../../../../avr/lib/avr6\libm.a(fp_rempio2.o)
                0x000020e0                __fp_rempio2
 .text.avr-libc.fplib
                0x0000212e       0x22 c:/program files (x86)/atmel/atmel toolchain/avr8 gcc/native/3.4.1056/avr8-gnu-toolchain/bin/../lib/gcc/avr/4.8.1/../../../../avr/lib/avr6\libm.a(fp_round.o)
                0x0000212e                __fp_round
 .text.avr-libc.fplib
                0x00002150       0x22 c:/program files (x86)/atmel/atmel toolchain/avr8 gcc/native/3.4.1056/avr8-gnu-toolchain/bin/../lib/gcc/avr/4.8.1/../../../../avr/lib/avr6\libm.a(fp_sinus.o)
                0x00002150                __fp_sinus
 .text.avr-libc.fplib
                0x00002172       0x44 c:/program files (x86)/atmel/atmel toolchain/avr8 gcc/native/3.4.1056/avr8-gnu-toolchain/bin/../lib/gcc/avr/4.8.1/../../../../avr/lib/avr6\libm.a(fp_split3.o)
                0x00002172                __fp_split3
                0x00002182                __fp_splitA
 .text.avr-libc.fplib
                0x000021b6       0x2e c:/program files (x86)/atmel/atmel toolchain/avr8 gcc/native/3.4.1056/avr8-gnu-toolchain/bin/../lib/gcc/avr/4.8.1/../../../../avr/lib/avr6\libm.a(fp_trunc.o)
                0x000021b6                __fp_trunc
 .text.avr-libc.fplib
                0x000021e4        0xe c:/program files (x86)/atmel/atmel toolchain/avr8 gcc/native/3.4.1056/avr8-gnu-toolchain/bin/../lib/gcc/avr/4.8.1/../../../../avr/lib/avr6\libm.a(fp_zero.o)
                0x000021e4                __fp_zero
                0x000021e6                __fp_szero
 .text.avr-libc.fplib
                0x000021f2        0x8 c:/program files (x86)/atmel/atmel toolchain/avr8 gcc/native/3.4.1056/avr8-gnu-toolchain/bin/../lib/gcc/avr/4.8.1/../../../../avr/lib/avr6\libm.a(gesf2.o)
                0x000021f2                __gesf2
                0x000021f2                __gtsf2
 .text.avr-libc.fplib
                0x000021fa        0xe c:/program files (x86)/atmel/atmel toolchain/avr8 gcc/native/3.4.1056/avr8-gnu-toolchain/bin/../lib/gcc/avr/4.8.1/../../../../avr/lib/avr6\libm.a(inverse.o)
                0x000021fa                inverse
 .text.avr-libc.fplib
                0x00002208        0x4 c:/program files (x86)/atmel/atmel toolchain/avr8 gcc/native/3.4.1056/avr8-gnu-toolchain/bin/../lib/gcc/avr/4.8.1/../../../../avr/lib/avr6\libm.a(mulsf3.o)
                0x00002208                __mulsf3
 .text.avr-libc.fplib
                0x0000220c       0xc2 c:/program files (x86)/atmel/atmel toolchain/avr8 gcc/native/3.4.1056/avr8-gnu-toolchain/bin/../lib/gcc/avr/4.8.1/../../../../avr/lib/avr6\libm.a(mulsf3x.o)
                0x00002220                __mulsf3x
                0x00002224                __mulsf3_pse
 .text.avr-libc.fplib
                0x000022ce        0xc c:/program files (x86)/atmel/atmel toolchain/avr8 gcc/native/3.4.1056/avr8-gnu-toolchain/bin/../lib/gcc/avr/4.8.1/../../../../avr/lib/avr6\libm.a(sin.o)
                0x000022ce                sin
 .text.avr-libc.fplib
                0x000022da       0x84 c:/program files (x86)/atmel/atmel toolchain/avr8 gcc/native/3.4.1056/avr8-gnu-toolchain/bin/../lib/gcc/avr/4.8.1/../../../../avr/lib/avr6\libm.a(sqrt.o)
                0x000022e2                sqrt
 .text.avr-libc.fplib
                0x0000235e        0x6 c:/program files (x86)/atmel/atmel toolchain/avr8 gcc/native/3.4.1056/avr8-gnu-toolchain/bin/../lib/gcc/avr/4.8.1/../../../../avr/lib/avr6\libm.a(square.o)
                0x0000235e                square
 .text.avr-libc.fplib
                0x00002364        0xe c:/program files (x86)/atmel/atmel toolchain/avr8 gcc/native/3.4.1056/avr8-gnu-toolchain/bin/../lib/gcc/avr/4.8.1/../../../../avr/lib/avr6\libm.a(fp_norm2.o)
                0x00002364                __fp_norm2
 .text.avr-libc.fplib
                0x00002372       0x22 c:/program files (x86)/atmel/atmel toolchain/avr8 gcc/native/3.4.1056/avr8-gnu-toolchain/bin/../lib/gcc/avr/4.8.1/../../../../avr/lib/avr6\libm.a(fp_powsodd.o)
                0x00002372                __fp_powsodd
 .text.libgcc.div
                0x00002394       0x44 c:/program files (x86)/atmel/atmel toolchain/avr8 gcc/native/3.4.1056/avr8-gnu-toolchain/bin/../lib/gcc/avr/4.8.1/avr6\libgcc.a(_udivmodsi4.o)
                0x00002394                __udivmodsi4
 .text.libgcc   0x000023d8        0x8 c:/program files (x86)/atmel/atmel toolchain/avr8 gcc/native/3.4.1056/avr8-gnu-toolchain/bin/../lib/gcc/avr/4.8.1/avr6\libgcc.a(_tablejump_elpm.o)
                0x000023d8                __tablejump_elpm__
 .text.avr-libc
                0x000023e0       0x40 c:/program files (x86)/atmel/atmel toolchain/avr8 gcc/native/3.4.1056/avr8-gnu-toolchain/bin/../lib/gcc/avr/4.8.1/../../../../avr/lib/avr6\libc.a(dtostrf.o)
                0x000023e0                dtostrf
 .text.avr-libc
                0x00002420        0x6 c:/program files (x86)/atmel/atmel toolchain/avr8 gcc/native/3.4.1056/avr8-gnu-toolchain/bin/../lib/gcc/avr/4.8.1/../../../../avr/lib/avr6\libc.a(atof.o)
                0x00002420                atof
 .text.avr-libc
                0x00002426       0x3a c:/program files (x86)/atmel/atmel toolchain/avr8 gcc/native/3.4.1056/avr8-gnu-toolchain/bin/../lib/gcc/avr/4.8.1/../../../../avr/lib/avr6\libc.a(atoi.o)
                0x00002426                atoi
 .text.avr-libc
                0x00002460       0x12 c:/program files (x86)/atmel/atmel toolchain/avr8 gcc/native/3.4.1056/avr8-gnu-toolchain/bin/../lib/gcc/avr/4.8.1/../../../../avr/lib/avr6\libc.a(strcmp.o)
                0x00002460                strcmp
 .text.avr-libc
                0x00002472       0x14 c:/program files (x86)/atmel/atmel toolchain/avr8 gcc/native/3.4.1056/avr8-gnu-toolchain/bin/../lib/gcc/avr/4.8.1/../../../../avr/lib/avr6\libc.a(itoa_ncheck.o)
                0x00002472                __itoa_ncheck
 .text.avr-libc
                0x00002486       0x10 c:/program files (x86)/atmel/atmel toolchain/avr8 gcc/native/3.4.1056/avr8-gnu-toolchain/bin/../lib/gcc/avr/4.8.1/../../../../avr/lib/avr6\libc.a(mul10.o)
                0x00002486                __mulhi_const_10
 .text.avr-libc
                0x00002496       0x32 c:/program files (x86)/atmel/atmel toolchain/avr8 gcc/native/3.4.1056/avr8-gnu-toolchain/bin/../lib/gcc/avr/4.8.1/../../../../avr/lib/avr6\libc.a(utoa_ncheck.o)
                0x00002496                __utoa_ncheck
                0x00002498                __utoa_common
 .text.avr-libc
                0x000024c8      0x2fa c:/program files (x86)/atmel/atmel toolchain/avr8 gcc/native/3.4.1056/avr8-gnu-toolchain/bin/../lib/gcc/avr/4.8.1/../../../../avr/lib/avr6\libc.a(dtoa_prf.o)
                0x000024c8                dtoa_prf
 .text.avr-libc
                0x000027c2      0x2d0 c:/program files (x86)/atmel/atmel toolchain/avr8 gcc/native/3.4.1056/avr8-gnu-toolchain/bin/../lib/gcc/avr/4.8.1/../../../../avr/lib/avr6\libc.a(strtod.o)
                0x000027c2                strtod
 .text.avr-libc
                0x00002a92      0x1b0 c:/program files (x86)/atmel/atmel toolchain/avr8 gcc/native/3.4.1056/avr8-gnu-toolchain/bin/../lib/gcc/avr/4.8.1/../../../../avr/lib/avr6\libc.a(ftoa_engine.o)
                0x00002a92                __ftoa_engine
 .text.avr-libc
                0x00002c42       0x10 c:/program files (x86)/atmel/atmel toolchain/avr8 gcc/native/3.4.1056/avr8-gnu-toolchain/bin/../lib/gcc/avr/4.8.1/../../../../avr/lib/avr6\libc.a(isspace.o)
                0x00002c42                isspace
 .text.avr-libc
                0x00002c52       0x30 c:/program files (x86)/atmel/atmel toolchain/avr8 gcc/native/3.4.1056/avr8-gnu-toolchain/bin/../lib/gcc/avr/4.8.1/../../../../avr/lib/avr6\libc.a(strncasecmp_P.o)
                0x00002c52                strncasecmp_P
 .text.avr-libc
                0x00002c82       0x20 c:/program files (x86)/atmel/atmel toolchain/avr8 gcc/native/3.4.1056/avr8-gnu-toolchain/bin/../lib/gcc/avr/4.8.1/../../../../avr/lib/avr6\libc.a(strrev.o)
                0x00002c82                strrev
 .text.avr-libc
                0x00002ca2        0x6 c:/program files (x86)/atmel/atmel toolchain/avr8 gcc/native/3.4.1056/avr8-gnu-toolchain/bin/../lib/gcc/avr/4.8.1/../../../../avr/lib/avr6\libc.a(cty_isfalse.o)
                0x00002ca2                __ctype_isfalse
                0x00002ca6                __ctype_istrue
 .text.libgcc.mul
                0x00002ca8       0x14 c:/program files (x86)/atmel/atmel toolchain/avr8 gcc/native/3.4.1056/avr8-gnu-toolchain/bin/../lib/gcc/avr/4.8.1/avr6\libgcc.a(_muluhisi3.o)
                0x00002ca8                __muluhisi3
 .text.libgcc.mul
                0x00002cbc       0x1e c:/program files (x86)/atmel/atmel toolchain/avr8 gcc/native/3.4.1056/avr8-gnu-toolchain/bin/../lib/gcc/avr/4.8.1/avr6\libgcc.a(_umulhisi3.o)
                0x00002cbc                __umulhisi3
                0x00002cda                . = ALIGN (0x2)
 *(.fini9)
 .fini9         0x00002cda        0x0 c:/program files (x86)/atmel/atmel toolchain/avr8 gcc/native/3.4.1056/avr8-gnu-toolchain/bin/../lib/gcc/avr/4.8.1/avr6\libgcc.a(_exit.o)
                0x00002cda                _exit
                0x00002cda                exit
 *(.fini9)
 *(.fini8)
 *(.fini8)
 *(.fini7)
 *(.fini7)
 *(.fini6)
 *(.fini6)
 *(.fini5)
 *(.fini5)
 *(.fini4)
 *(.fini4)
 *(.fini3)
 *(.fini3)
 *(.fini2)
 *(.fini2)
 *(.fini1)
 *(.fini1)
 *(.fini0)
 .fini0         0x00002cda        0x4 c:/program files (x86)/atmel/atmel toolchain/avr8 gcc/native/3.4.1056/avr8-gnu-toolchain/bin/../lib/gcc/avr/4.8.1/avr6\libgcc.a(_exit.o)
 *(.fini0)
                0x00002cde                _etext = .

.data           0x00800200      0x2ce load address 0x00002cde
                0x00800200                PROVIDE (__data_start, .)
 *(.data)
 .data          0x00800200        0x0 c:/program files (x86)/atmel/atmel toolchain/avr8 gcc/native/3.4.1056/avr8-gnu-toolchain/bin/../lib/gcc/avr/4.8.1/../../../../avr/lib/avr6/crtm2560.o
 .data          0x00800200        0x0 accelerometer.o
 .data          0x00800200        0x0 altimeter.o
 .data          0x00800200        0x0 benchmark.o
 .data          0x00800200        0x0 compass.o
 .data          0x00800200        0x0 debug.o
 .data          0x00800200        0x0 gps.o
 .data          0x00800200        0x0 i2cmaster.o
 .data          0x00800200        0x0 quad_control.o
 .data          0x00800200        0x0 quad_output.o
 .data          0x00800200        0x0 rx.o
 .data          0x00800200        0x0 timing.o
 .data          0x00800200        0x0 usart.o
 .data          0x00800200        0x0 waypoint.o
 .data          0x00800200        0x0 waypointNavigator.o
 .data          0x00800200        0x0 c:/program files (x86)/atmel/atmel toolchain/avr8 gcc/native/3.4.1056/avr8-gnu-toolchain/bin/../lib/gcc/avr/4.8.1/../../../../avr/lib/avr6\libm.a(addsf3.o)
 .data          0x00800200        0x0 c:/program files (x86)/atmel/atmel toolchain/avr8 gcc/native/3.4.1056/avr8-gnu-toolchain/bin/../lib/gcc/avr/4.8.1/../../../../avr/lib/avr6\libm.a(addsf3x.o)
 .data          0x00800200        0x0 c:/program files (x86)/atmel/atmel toolchain/avr8 gcc/native/3.4.1056/avr8-gnu-toolchain/bin/../lib/gcc/avr/4.8.1/../../../../avr/lib/avr6\libm.a(atan2.o)
 .data          0x00800200        0x0 c:/program files (x86)/atmel/atmel toolchain/avr8 gcc/native/3.4.1056/avr8-gnu-toolchain/bin/../lib/gcc/avr/4.8.1/../../../../avr/lib/avr6\libm.a(atan.o)
 .data          0x00800200        0x0 c:/program files (x86)/atmel/atmel toolchain/avr8 gcc/native/3.4.1056/avr8-gnu-toolchain/bin/../lib/gcc/avr/4.8.1/../../../../avr/lib/avr6\libm.a(cmpsf2.o)
 .data          0x00800200        0x0 c:/program files (x86)/atmel/atmel toolchain/avr8 gcc/native/3.4.1056/avr8-gnu-toolchain/bin/../lib/gcc/avr/4.8.1/../../../../avr/lib/avr6\libm.a(cos.o)
 .data          0x00800200        0x0 c:/program files (x86)/atmel/atmel toolchain/avr8 gcc/native/3.4.1056/avr8-gnu-toolchain/bin/../lib/gcc/avr/4.8.1/../../../../avr/lib/avr6\libm.a(divsf3.o)
 .data          0x00800200        0x0 c:/program files (x86)/atmel/atmel toolchain/avr8 gcc/native/3.4.1056/avr8-gnu-toolchain/bin/../lib/gcc/avr/4.8.1/../../../../avr/lib/avr6\libm.a(divsf3x.o)
 .data          0x00800200        0x0 c:/program files (x86)/atmel/atmel toolchain/avr8 gcc/native/3.4.1056/avr8-gnu-toolchain/bin/../lib/gcc/avr/4.8.1/../../../../avr/lib/avr6\libm.a(fixsfsi.o)
 .data          0x00800200        0x0 c:/program files (x86)/atmel/atmel toolchain/avr8 gcc/native/3.4.1056/avr8-gnu-toolchain/bin/../lib/gcc/avr/4.8.1/../../../../avr/lib/avr6\libm.a(fixunssfsi.o)
 .data          0x00800200        0x0 c:/program files (x86)/atmel/atmel toolchain/avr8 gcc/native/3.4.1056/avr8-gnu-toolchain/bin/../lib/gcc/avr/4.8.1/../../../../avr/lib/avr6\libm.a(floatsisf.o)
 .data          0x00800200        0x0 c:/program files (x86)/atmel/atmel toolchain/avr8 gcc/native/3.4.1056/avr8-gnu-toolchain/bin/../lib/gcc/avr/4.8.1/../../../../avr/lib/avr6\libm.a(floor.o)
 .data          0x00800200        0x0 c:/program files (x86)/atmel/atmel toolchain/avr8 gcc/native/3.4.1056/avr8-gnu-toolchain/bin/../lib/gcc/avr/4.8.1/../../../../avr/lib/avr6\libm.a(fp_cmp.o)
 .data          0x00800200        0x0 c:/program files (x86)/atmel/atmel toolchain/avr8 gcc/native/3.4.1056/avr8-gnu-toolchain/bin/../lib/gcc/avr/4.8.1/../../../../avr/lib/avr6\libm.a(fp_inf.o)
 .data          0x00800200        0x0 c:/program files (x86)/atmel/atmel toolchain/avr8 gcc/native/3.4.1056/avr8-gnu-toolchain/bin/../lib/gcc/avr/4.8.1/../../../../avr/lib/avr6\libm.a(fp_mintl.o)
 .data          0x00800200        0x0 c:/program files (x86)/atmel/atmel toolchain/avr8 gcc/native/3.4.1056/avr8-gnu-toolchain/bin/../lib/gcc/avr/4.8.1/../../../../avr/lib/avr6\libm.a(fp_mpack.o)
 .data          0x00800200        0x0 c:/program files (x86)/atmel/atmel toolchain/avr8 gcc/native/3.4.1056/avr8-gnu-toolchain/bin/../lib/gcc/avr/4.8.1/../../../../avr/lib/avr6\libm.a(fp_nan.o)
 .data          0x00800200        0x0 c:/program files (x86)/atmel/atmel toolchain/avr8 gcc/native/3.4.1056/avr8-gnu-toolchain/bin/../lib/gcc/avr/4.8.1/../../../../avr/lib/avr6\libm.a(fp_powser.o)
 .data          0x00800200        0x0 c:/program files (x86)/atmel/atmel toolchain/avr8 gcc/native/3.4.1056/avr8-gnu-toolchain/bin/../lib/gcc/avr/4.8.1/../../../../avr/lib/avr6\libm.a(fp_pscA.o)
 .data          0x00800200        0x0 c:/program files (x86)/atmel/atmel toolchain/avr8 gcc/native/3.4.1056/avr8-gnu-toolchain/bin/../lib/gcc/avr/4.8.1/../../../../avr/lib/avr6\libm.a(fp_pscB.o)
 .data          0x00800200        0x0 c:/program files (x86)/atmel/atmel toolchain/avr8 gcc/native/3.4.1056/avr8-gnu-toolchain/bin/../lib/gcc/avr/4.8.1/../../../../avr/lib/avr6\libm.a(fp_rempio2.o)
 .data          0x00800200        0x0 c:/program files (x86)/atmel/atmel toolchain/avr8 gcc/native/3.4.1056/avr8-gnu-toolchain/bin/../lib/gcc/avr/4.8.1/../../../../avr/lib/avr6\libm.a(fp_round.o)
 .data          0x00800200        0x0 c:/program files (x86)/atmel/atmel toolchain/avr8 gcc/native/3.4.1056/avr8-gnu-toolchain/bin/../lib/gcc/avr/4.8.1/../../../../avr/lib/avr6\libm.a(fp_sinus.o)
 .data          0x00800200        0x0 c:/program files (x86)/atmel/atmel toolchain/avr8 gcc/native/3.4.1056/avr8-gnu-toolchain/bin/../lib/gcc/avr/4.8.1/../../../../avr/lib/avr6\libm.a(fp_split3.o)
 .data          0x00800200        0x0 c:/program files (x86)/atmel/atmel toolchain/avr8 gcc/native/3.4.1056/avr8-gnu-toolchain/bin/../lib/gcc/avr/4.8.1/../../../../avr/lib/avr6\libm.a(fp_trunc.o)
 .data          0x00800200        0x0 c:/program files (x86)/atmel/atmel toolchain/avr8 gcc/native/3.4.1056/avr8-gnu-toolchain/bin/../lib/gcc/avr/4.8.1/../../../../avr/lib/avr6\libm.a(fp_zero.o)
 .data          0x00800200        0x0 c:/program files (x86)/atmel/atmel toolchain/avr8 gcc/native/3.4.1056/avr8-gnu-toolchain/bin/../lib/gcc/avr/4.8.1/../../../../avr/lib/avr6\libm.a(gesf2.o)
 .data          0x00800200        0x0 c:/program files (x86)/atmel/atmel toolchain/avr8 gcc/native/3.4.1056/avr8-gnu-toolchain/bin/../lib/gcc/avr/4.8.1/../../../../avr/lib/avr6\libm.a(inverse.o)
 .data          0x00800200        0x0 c:/program files (x86)/atmel/atmel toolchain/avr8 gcc/native/3.4.1056/avr8-gnu-toolchain/bin/../lib/gcc/avr/4.8.1/../../../../avr/lib/avr6\libm.a(mulsf3.o)
 .data          0x00800200        0x0 c:/program files (x86)/atmel/atmel toolchain/avr8 gcc/native/3.4.1056/avr8-gnu-toolchain/bin/../lib/gcc/avr/4.8.1/../../../../avr/lib/avr6\libm.a(mulsf3x.o)
 .data          0x00800200        0x0 c:/program files (x86)/atmel/atmel toolchain/avr8 gcc/native/3.4.1056/avr8-gnu-toolchain/bin/../lib/gcc/avr/4.8.1/../../../../avr/lib/avr6\libm.a(sin.o)
 .data          0x00800200        0x0 c:/program files (x86)/atmel/atmel toolchain/avr8 gcc/native/3.4.1056/avr8-gnu-toolchain/bin/../lib/gcc/avr/4.8.1/../../../../avr/lib/avr6\libm.a(sqrt.o)
 .data          0x00800200        0x0 c:/program files (x86)/atmel/atmel toolchain/avr8 gcc/native/3.4.1056/avr8-gnu-toolchain/bin/../lib/gcc/avr/4.8.1/../../../../avr/lib/avr6\libm.a(square.o)
 .data          0x00800200        0x0 c:/program files (x86)/atmel/atmel toolchain/avr8 gcc/native/3.4.1056/avr8-gnu-toolchain/bin/../lib/gcc/avr/4.8.1/../../../../avr/lib/avr6\libm.a(fp_norm2.o)
 .data          0x00800200        0x0 c:/program files (x86)/atmel/atmel toolchain/avr8 gcc/native/3.4.1056/avr8-gnu-toolchain/bin/../lib/gcc/avr/4.8.1/../../../../avr/lib/avr6\libm.a(fp_powsodd.o)
 .data          0x00800200        0x0 c:/program files (x86)/atmel/atmel toolchain/avr8 gcc/native/3.4.1056/avr8-gnu-toolchain/bin/../lib/gcc/avr/4.8.1/avr6\libgcc.a(_divmodhi4.o)
 .data          0x00800200        0x0 c:/program files (x86)/atmel/atmel toolchain/avr8 gcc/native/3.4.1056/avr8-gnu-toolchain/bin/../lib/gcc/avr/4.8.1/avr6\libgcc.a(_udivmodsi4.o)
 .data          0x00800200        0x0 c:/program files (x86)/atmel/atmel toolchain/avr8 gcc/native/3.4.1056/avr8-gnu-toolchain/bin/../lib/gcc/avr/4.8.1/avr6\libgcc.a(_exit.o)
 .data          0x00800200        0x0 c:/program files (x86)/atmel/atmel toolchain/avr8 gcc/native/3.4.1056/avr8-gnu-toolchain/bin/../lib/gcc/avr/4.8.1/avr6\libgcc.a(_copy_data.o)
 .data          0x00800200        0x0 c:/program files (x86)/atmel/atmel toolchain/avr8 gcc/native/3.4.1056/avr8-gnu-toolchain/bin/../lib/gcc/avr/4.8.1/avr6\libgcc.a(_clear_bss.o)
 .data          0x00800200        0x0 c:/program files (x86)/atmel/atmel toolchain/avr8 gcc/native/3.4.1056/avr8-gnu-toolchain/bin/../lib/gcc/avr/4.8.1/avr6\libgcc.a(_ctors.o)
 .data          0x00800200        0x0 c:/program files (x86)/atmel/atmel toolchain/avr8 gcc/native/3.4.1056/avr8-gnu-toolchain/bin/../lib/gcc/avr/4.8.1/avr6\libgcc.a(_tablejump_elpm.o)
 .data          0x00800200        0x0 c:/program files (x86)/atmel/atmel toolchain/avr8 gcc/native/3.4.1056/avr8-gnu-toolchain/bin/../lib/gcc/avr/4.8.1/avr6\libgcc.a(_udivmodhi4.o)
 .data          0x00800200        0x0 c:/program files (x86)/atmel/atmel toolchain/avr8 gcc/native/3.4.1056/avr8-gnu-toolchain/bin/../lib/gcc/avr/4.8.1/../../../../avr/lib/avr6\libc.a(dtostrf.o)
 .data          0x00800200        0x0 c:/program files (x86)/atmel/atmel toolchain/avr8 gcc/native/3.4.1056/avr8-gnu-toolchain/bin/../lib/gcc/avr/4.8.1/../../../../avr/lib/avr6\libc.a(atof.o)
 .data          0x00800200        0x0 c:/program files (x86)/atmel/atmel toolchain/avr8 gcc/native/3.4.1056/avr8-gnu-toolchain/bin/../lib/gcc/avr/4.8.1/../../../../avr/lib/avr6\libc.a(atoi.o)
 .data          0x00800200        0x0 c:/program files (x86)/atmel/atmel toolchain/avr8 gcc/native/3.4.1056/avr8-gnu-toolchain/bin/../lib/gcc/avr/4.8.1/../../../../avr/lib/avr6\libc.a(strcmp.o)
 .data          0x00800200        0x0 c:/program files (x86)/atmel/atmel toolchain/avr8 gcc/native/3.4.1056/avr8-gnu-toolchain/bin/../lib/gcc/avr/4.8.1/../../../../avr/lib/avr6\libc.a(itoa_ncheck.o)
 .data          0x00800200        0x0 c:/program files (x86)/atmel/atmel toolchain/avr8 gcc/native/3.4.1056/avr8-gnu-toolchain/bin/../lib/gcc/avr/4.8.1/../../../../avr/lib/avr6\libc.a(mul10.o)
 .data          0x00800200        0x0 c:/program files (x86)/atmel/atmel toolchain/avr8 gcc/native/3.4.1056/avr8-gnu-toolchain/bin/../lib/gcc/avr/4.8.1/../../../../avr/lib/avr6\libc.a(utoa_ncheck.o)
 .data          0x00800200        0x0 c:/program files (x86)/atmel/atmel toolchain/avr8 gcc/native/3.4.1056/avr8-gnu-toolchain/bin/../lib/gcc/avr/4.8.1/../../../../avr/lib/avr6\libc.a(dtoa_prf.o)
 .data          0x00800200        0x0 c:/program files (x86)/atmel/atmel toolchain/avr8 gcc/native/3.4.1056/avr8-gnu-toolchain/bin/../lib/gcc/avr/4.8.1/../../../../avr/lib/avr6\libc.a(strtod.o)
 .data          0x00800200        0x0 c:/program files (x86)/atmel/atmel toolchain/avr8 gcc/native/3.4.1056/avr8-gnu-toolchain/bin/../lib/gcc/avr/4.8.1/../../../../avr/lib/avr6\libc.a(ftoa_engine.o)
 .data          0x00800200        0x0 c:/program files (x86)/atmel/atmel toolchain/avr8 gcc/native/3.4.1056/avr8-gnu-toolchain/bin/../lib/gcc/avr/4.8.1/../../../../avr/lib/avr6\libc.a(isspace.o)
 .data          0x00800200        0x0 c:/program files (x86)/atmel/atmel toolchain/avr8 gcc/native/3.4.1056/avr8-gnu-toolchain/bin/../lib/gcc/avr/4.8.1/../../../../avr/lib/avr6\libc.a(strncasecmp_P.o)
 .data          0x00800200        0x0 c:/program files (x86)/atmel/atmel toolchain/avr8 gcc/native/3.4.1056/avr8-gnu-toolchain/bin/../lib/gcc/avr/4.8.1/../../../../avr/lib/avr6\libc.a(strrev.o)
 .data          0x00800200        0x0 c:/program files (x86)/atmel/atmel toolchain/avr8 gcc/native/3.4.1056/avr8-gnu-toolchain/bin/../lib/gcc/avr/4.8.1/../../../../avr/lib/avr6\libc.a(errno.o)
 .data          0x00800200        0x0 c:/program files (x86)/atmel/atmel toolchain/avr8 gcc/native/3.4.1056/avr8-gnu-toolchain/bin/../lib/gcc/avr/4.8.1/../../../../avr/lib/avr6\libc.a(cty_isfalse.o)
 .data          0x00800200        0x0 c:/program files (x86)/atmel/atmel toolchain/avr8 gcc/native/3.4.1056/avr8-gnu-toolchain/bin/../lib/gcc/avr/4.8.1/avr6\libgcc.a(_muluhisi3.o)
 .data          0x00800200        0x0 c:/program files (x86)/atmel/atmel toolchain/avr8 gcc/native/3.4.1056/avr8-gnu-toolchain/bin/../lib/gcc/avr/4.8.1/avr6\libgcc.a(_umulhisi3.o)
 *(.data*)
 .data._ZL20_hmc5883_Gauss_LSB_Z
                0x00800200        0x4 compass.o
 .data._ZL21_hmc5883_Gauss_LSB_XY
                0x00800204        0x4 compass.o
 .data.ccmpr2   0x00800208        0x1 gps.o
                0x00800208                ccmpr2
 .data.ccmpr    0x00800209        0x1 gps.o
                0x00800209                ccmpr
 .data.ptr_nevery
                0x0080020a        0x2 gps.o
                0x0080020a                ptr_nevery
 .data.ptr_header
                0x0080020c        0x2 gps.o
                0x0080020c                ptr_header
 .data.ptr_j    0x0080020e        0x2 gps.o
                0x0080020e                ptr_j
 *(.rodata)
 *(.rodata*)
 .rodata.str1.1
                0x00800210       0xd4 altimeter.o
 .rodata.str1.1
                0x008002e4        0x3 debug.o
 .rodata.str1.1
                0x008002e7       0x9e gps.o
                                 0xa0 (size before relaxing)
 .rodata.str1.1
                0x00800385      0x10c waypoint.o
                                0x120 (size before relaxing)
 .rodata.str1.1
                0x00800491       0x3c waypointNavigator.o
 *(.gnu.linkonce.d*)
                0x008004ce                . = ALIGN (0x2)
 *fill*         0x008004cd        0x1 
                0x008004ce                _edata = .
                0x008004ce                PROVIDE (__data_end, .)

.bss            0x008004ce      0x188
                0x008004ce                PROVIDE (__bss_start, .)
 *(.bss)
 *(.bss*)
 .bss.working   0x008004ce        0x1 altimeter.o
                0x008004ce                working
 .bss.start_height
                0x008004cf        0x4 altimeter.o
                0x008004cf                start_height
 .bss._magGain  0x008004d3        0x1 compass.o
                0x008004d3                _magGain
 .bss.mag_proc_z
                0x008004d4        0x4 compass.o
                0x008004d4                mag_proc_z
 .bss.mag_proc_y
                0x008004d8        0x4 compass.o
                0x008004d8                mag_proc_y
 .bss.mag_proc_x
                0x008004dc        0x4 compass.o
                0x008004dc                mag_proc_x
 .bss.mag_data_z
                0x008004e0        0x2 compass.o
                0x008004e0                mag_data_z
 .bss.mag_data_y
                0x008004e2        0x2 compass.o
                0x008004e2                mag_data_y
 .bss.mag_data_x
                0x008004e4        0x2 compass.o
                0x008004e4                mag_data_x
 .bss.mag_raw_ylo
                0x008004e6        0x1 compass.o
                0x008004e6                mag_raw_ylo
 .bss.mag_raw_yhi
                0x008004e7        0x1 compass.o
                0x008004e7                mag_raw_yhi
 .bss.mag_raw_zlo
                0x008004e8        0x1 compass.o
                0x008004e8                mag_raw_zlo
 .bss.mag_raw_zhi
                0x008004e9        0x1 compass.o
                0x008004e9                mag_raw_zhi
 .bss.mag_raw_xlo
                0x008004ea        0x1 compass.o
                0x008004ea                mag_raw_xlo
 .bss.mag_raw_xhi
                0x008004eb        0x1 compass.o
                0x008004eb                mag_raw_xhi
 .bss.chop      0x008004ec        0x1 gps.o
                0x008004ec                chop
 .bss.nevery    0x008004ed       0x46 gps.o
                0x008004ed                nevery
 .bss.every     0x00800533       0x46 gps.o
                0x00800533                every
 .bss.header    0x00800579        0x7 gps.o
                0x00800579                header
 .bss.fix       0x00800580        0x2 gps.o
                0x00800580                fix
 .bss.len       0x00800582        0x2 gps.o
                0x00800582                len
 .bss.chk       0x00800584        0x2 gps.o
                0x00800584                chk
 .bss.j         0x00800586        0x2 gps.o
                0x00800586                j
 .bss.i         0x00800588        0x2 gps.o
                0x00800588                i
 .bss.gpsd      0x0080058a        0x1 gps.o
                0x0080058a                gpsd
 .bss.sats      0x0080058b        0x4 gps.o
                0x0080058b                sats
 .bss.lon2      0x0080058f        0x4 gps.o
                0x0080058f                lon2
 .bss.lat2      0x00800593        0x4 gps.o
                0x00800593                lat2
 .bss.lon2_deg  0x00800597        0x4 gps.o
                0x00800597                lon2_deg
 .bss.lat2_deg  0x0080059b        0x4 gps.o
                0x0080059b                lat2_deg
 .bss.timeUTC   0x0080059f        0x4 gps.o
                0x0080059f                timeUTC
 .bss.portHistory
                0x008005a3        0x1 rx.o
                0x008005a3                portHistory
 .bss.ulAuxStart
                0x008005a4        0x4 rx.o
                0x008005a4                ulAuxStart
 .bss.ulGearStart
                0x008005a8        0x4 rx.o
                0x008005a8                ulGearStart
 .bss.ulRudderStart
                0x008005ac        0x4 rx.o
                0x008005ac                ulRudderStart
 .bss.ulElevatorStart
                0x008005b0        0x4 rx.o
                0x008005b0                ulElevatorStart
 .bss.ulAileronStart
                0x008005b4        0x4 rx.o
                0x008005b4                ulAileronStart
 .bss.ulThrottleStart
                0x008005b8        0x4 rx.o
                0x008005b8                ulThrottleStart
 .bss.rxUpdateFlagsShared
                0x008005bc        0x1 rx.o
                0x008005bc                rxUpdateFlagsShared
 .bss.unAuxInShared
                0x008005bd        0x2 rx.o
                0x008005bd                unAuxInShared
 .bss.unGearInShared
                0x008005bf        0x2 rx.o
                0x008005bf                unGearInShared
 .bss.unRudderInShared
                0x008005c1        0x2 rx.o
                0x008005c1                unRudderInShared
 .bss.unElevatorInShared
                0x008005c3        0x2 rx.o
                0x008005c3                unElevatorInShared
 .bss.unAileronInShared
                0x008005c5        0x2 rx.o
                0x008005c5                unAileronInShared
 .bss.unThrottleInShared
                0x008005c7        0x2 rx.o
                0x008005c7                unThrottleInShared
 .bss._ZL12timer0_fract
                0x008005c9        0x1 timing.o
 .bss.timer0_millis
                0x008005ca        0x4 timing.o
                0x008005ca                timer0_millis
 .bss.timer0_overflow_count
                0x008005ce        0x4 timing.o
                0x008005ce                timer0_overflow_count
 .bss.c_long_array
                0x008005d2       0x40 waypoint.o
                0x008005d2                c_long_array
 .bss.c_lat_array
                0x00800612       0x40 waypoint.o
                0x00800612                c_lat_array
 .bss.chris_array_index
                0x00800652        0x2 waypoint.o
                0x00800652                chris_array_index
 *(COMMON)
 COMMON         0x00800654        0x2 c:/program files (x86)/atmel/atmel toolchain/avr8 gcc/native/3.4.1056/avr8-gnu-toolchain/bin/../lib/gcc/avr/4.8.1/../../../../avr/lib/avr6\libc.a(errno.o)
                0x00800654                errno
                0x00800656                PROVIDE (__bss_end, .)
                0x00002cde                __data_load_start = LOADADDR (.data)
                0x00002fac                __data_load_end = (__data_load_start + SIZEOF (.data))

.noinit         0x00800656        0x0
                0x00800656                PROVIDE (__noinit_start, .)
 *(.noinit*)
                0x00800656                PROVIDE (__noinit_end, .)
                0x00800656                _end = .
                0x00800656                PROVIDE (__heap_start, .)

.eeprom         0x00810000        0x0
 *(.eeprom*)
                0x00810000                __eeprom_end = .

.fuse
 *(.fuse)
 *(.lfuse)
 *(.hfuse)
 *(.efuse)

.lock
 *(.lock*)

.signature
 *(.signature*)

.user_signatures
 *(.user_signatures*)

.stab           0x00000000       0x24
 *(.stab)
 .stab          0x00000000       0x24 i2cmaster.o

.stabstr        0x00000000       0x1e
 *(.stabstr)
 .stabstr       0x00000000       0x1e i2cmaster.o

.stab.excl
 *(.stab.excl)

.stab.exclstr
 *(.stab.exclstr)

.stab.index
 *(.stab.index)

.stab.indexstr
 *(.stab.indexstr)

.comment        0x00000000       0x5c
 *(.comment)
 .comment       0x00000000       0x30 accelerometer.o
                                 0x31 (size before relaxing)
 .comment       0x00000000       0x31 altimeter.o
 .comment       0x00000000       0x31 benchmark.o
 .comment       0x00000000       0x31 compass.o
 .comment       0x00000000       0x31 debug.o
 .comment       0x00000000       0x31 gps.o
 .comment       0x00000000       0x31 quad_control.o
 .comment       0x00000000       0x31 quad_output.o
 .comment       0x00000000       0x31 rx.o
 .comment       0x00000000       0x31 timing.o
 .comment       0x00000000       0x31 usart.o
 .comment       0x00000000       0x31 waypoint.o
 .comment       0x00000000       0x31 waypointNavigator.o
 .comment       0x00000000       0x31 c:/program files (x86)/atmel/atmel toolchain/avr8 gcc/native/3.4.1056/avr8-gnu-toolchain/bin/../lib/gcc/avr/4.8.1/../../../../avr/lib/avr6\libc.a(dtostrf.o)
 .comment       0x00000000       0x31 c:/program files (x86)/atmel/atmel toolchain/avr8 gcc/native/3.4.1056/avr8-gnu-toolchain/bin/../lib/gcc/avr/4.8.1/../../../../avr/lib/avr6\libc.a(dtoa_prf.o)
 .comment       0x00000000       0x31 c:/program files (x86)/atmel/atmel toolchain/avr8 gcc/native/3.4.1056/avr8-gnu-toolchain/bin/../lib/gcc/avr/4.8.1/../../../../avr/lib/avr6\libc.a(strtod.o)
 .comment       0x00000030       0x2c c:/program files (x86)/atmel/atmel toolchain/avr8 gcc/native/3.4.1056/avr8-gnu-toolchain/bin/../lib/gcc/avr/4.8.1/../../../../avr/lib/avr6\libc.a(errno.o)
                                 0x2d (size before relaxing)

.note.gnu.build-id
 *(.note.gnu.build-id)

.debug
 *(.debug)

.line
 *(.line)

.debug_srcinfo
 *(.debug_srcinfo)

.debug_sfnames
 *(.debug_sfnames)

.debug_aranges  0x00000000      0x490
 *(.debug_aranges)
 .debug_aranges
                0x00000000       0x40 accelerometer.o
 .debug_aranges
                0x00000040       0x68 altimeter.o
 .debug_aranges
                0x000000a8       0x30 benchmark.o
 .debug_aranges
                0x000000d8       0x38 compass.o
 .debug_aranges
                0x00000110       0x50 debug.o
 .debug_aranges
                0x00000160       0x98 gps.o
 .debug_aranges
                0x000001f8       0x20 i2cmaster.o
 .debug_aranges
                0x00000218       0x30 quad_control.o
 .debug_aranges
                0x00000248       0x60 quad_output.o
 .debug_aranges
                0x000002a8       0x68 rx.o
 .debug_aranges
                0x00000310       0x38 timing.o
 .debug_aranges
                0x00000348       0x38 usart.o
 .debug_aranges
                0x00000380       0xe8 waypoint.o
 .debug_aranges
                0x00000468       0x28 waypointNavigator.o

.debug_pubnames
 *(.debug_pubnames)

.debug_info     0x00000000     0x640f
 *(.debug_info .gnu.linkonce.wi.*)
 .debug_info    0x00000000      0x8e7 accelerometer.o
 .debug_info    0x000008e7      0x7f5 altimeter.o
 .debug_info    0x000010dc      0x50e benchmark.o
 .debug_info    0x000015ea      0x4d8 compass.o
 .debug_info    0x00001ac2      0x55f debug.o
 .debug_info    0x00002021      0xea8 gps.o
 .debug_info    0x00002ec9       0x97 i2cmaster.o
 .debug_info    0x00002f60      0x567 quad_control.o
 .debug_info    0x000034c7      0x47b quad_output.o
 .debug_info    0x00003942      0x453 rx.o
 .debug_info    0x00003d95      0x1b0 timing.o
 .debug_info    0x00003f45      0x193 usart.o
 .debug_info    0x000040d8     0x1b4e waypoint.o
 .debug_info    0x00005c26      0x7e9 waypointNavigator.o

.debug_abbrev   0x00000000     0x18c4
 *(.debug_abbrev)
 .debug_abbrev  0x00000000      0x1fa accelerometer.o
 .debug_abbrev  0x000001fa      0x241 altimeter.o
 .debug_abbrev  0x0000043b      0x19f benchmark.o
 .debug_abbrev  0x000005da      0x1a5 compass.o
 .debug_abbrev  0x0000077f      0x1da debug.o
 .debug_abbrev  0x00000959      0x322 gps.o
 .debug_abbrev  0x00000c7b       0x14 i2cmaster.o
 .debug_abbrev  0x00000c8f      0x1e8 quad_control.o
 .debug_abbrev  0x00000e77      0x169 quad_output.o
 .debug_abbrev  0x00000fe0      0x169 rx.o
 .debug_abbrev  0x00001149       0xd5 timing.o
 .debug_abbrev  0x0000121e       0xe9 usart.o
 .debug_abbrev  0x00001307      0x3ff waypoint.o
 .debug_abbrev  0x00001706      0x1be waypointNavigator.o

.debug_line     0x00000000     0x2be6
 *(.debug_line .debug_line.* .debug_line_end)
 .debug_line    0x00000000      0x3bd accelerometer.o
 .debug_line    0x000003bd      0x3b9 altimeter.o
 .debug_line    0x00000776      0x2cf benchmark.o
 .debug_line    0x00000a45      0x25d compass.o
 .debug_line    0x00000ca2      0x21e debug.o
 .debug_line    0x00000ec0      0x55e gps.o
 .debug_line    0x0000141e      0x2a3 i2cmaster.o
 .debug_line    0x000016c1      0x25d quad_control.o
 .debug_line    0x0000191e      0x1f1 quad_output.o
 .debug_line    0x00001b0f      0x36d rx.o
 .debug_line    0x00001e7c      0x199 timing.o
 .debug_line    0x00002015      0x263 usart.o
 .debug_line    0x00002278      0x694 waypoint.o
 .debug_line    0x0000290c      0x2da waypointNavigator.o

.debug_frame    0x00000000      0xf24
 *(.debug_frame)
 .debug_frame   0x00000000      0x110 accelerometer.o
 .debug_frame   0x00000110      0x12c altimeter.o
 .debug_frame   0x0000023c      0x10c benchmark.o
 .debug_frame   0x00000348       0xa4 compass.o
 .debug_frame   0x000003ec       0xc0 debug.o
 .debug_frame   0x000004ac      0x224 gps.o
 .debug_frame   0x000006d0       0x9c quad_control.o
 .debug_frame   0x0000076c       0xfc quad_output.o
 .debug_frame   0x00000868      0x114 rx.o
 .debug_frame   0x0000097c       0x7c timing.o
 .debug_frame   0x000009f8       0x74 usart.o
 .debug_frame   0x00000a6c      0x484 waypoint.o
 .debug_frame   0x00000ef0       0x34 waypointNavigator.o

.debug_str      0x00000000     0x1d44
 *(.debug_str)
 .debug_str     0x00000000      0x372 accelerometer.o
                                0x3ba (size before relaxing)
 .debug_str     0x00000372      0x2b6 altimeter.o
                                0x513 (size before relaxing)
 .debug_str     0x00000628      0x14c benchmark.o
                                0x39f (size before relaxing)
 .debug_str     0x00000774      0x419 compass.o
                                0x652 (size before relaxing)
 .debug_str     0x00000b8d       0xf9 debug.o
                                0x358 (size before relaxing)
 .debug_str     0x00000c86      0x411 gps.o
                                0x681 (size before relaxing)
 .debug_str     0x00001097      0x24d quad_control.o
                                0x4f9 (size before relaxing)
 .debug_str     0x000012e4      0x1aa quad_output.o
                                0x473 (size before relaxing)
 .debug_str     0x0000148e      0x1d6 rx.o
                                0x482 (size before relaxing)
 .debug_str     0x00001664       0x7b timing.o
                                0x232 (size before relaxing)
 .debug_str     0x000016df       0x55 usart.o
                                0x257 (size before relaxing)
 .debug_str     0x00001734      0x5b8 waypoint.o
                                0x995 (size before relaxing)
 .debug_str     0x00001cec       0x58 waypointNavigator.o
                                0x67b (size before relaxing)

.debug_loc      0x00000000     0x3bc1
 *(.debug_loc)
 .debug_loc     0x00000000      0x560 accelerometer.o
 .debug_loc     0x00000560      0x53d altimeter.o
 .debug_loc     0x00000a9d      0x488 benchmark.o
 .debug_loc     0x00000f25      0x174 compass.o
 .debug_loc     0x00001099      0x221 debug.o
 .debug_loc     0x000012ba      0x9e4 gps.o
 .debug_loc     0x00001c9e      0x207 quad_control.o
 .debug_loc     0x00001ea5      0x296 quad_output.o
 .debug_loc     0x0000213b      0x134 rx.o
 .debug_loc     0x0000226f      0x169 timing.o
 .debug_loc     0x000023d8      0x25c usart.o
 .debug_loc     0x00002634     0x156f waypoint.o
 .debug_loc     0x00003ba3       0x1e waypointNavigator.o

.debug_macinfo
 *(.debug_macinfo)

.debug_weaknames
 *(.debug_weaknames)

.debug_funcnames
 *(.debug_funcnames)

.debug_typenames
 *(.debug_typenames)

.debug_varnames
 *(.debug_varnames)

.debug_pubtypes
 *(.debug_pubtypes)

.debug_ranges   0x00000000      0x3b8
 *(.debug_ranges)
 .debug_ranges  0x00000000       0x30 accelerometer.o
 .debug_ranges  0x00000030       0x58 altimeter.o
 .debug_ranges  0x00000088       0x20 benchmark.o
 .debug_ranges  0x000000a8       0x28 compass.o
 .debug_ranges  0x000000d0       0x40 debug.o
 .debug_ranges  0x00000110       0xa0 gps.o
 .debug_ranges  0x000001b0       0x20 quad_control.o
 .debug_ranges  0x000001d0       0x50 quad_output.o
 .debug_ranges  0x00000220       0x58 rx.o
 .debug_ranges  0x00000278       0x28 timing.o
 .debug_ranges  0x000002a0       0x28 usart.o
 .debug_ranges  0x000002c8       0xd8 waypoint.o
 .debug_ranges  0x000003a0       0x18 waypointNavigator.o

.debug_macro
 *(.debug_macro)
OUTPUT(waypointNavigator.elf elf32-avr)
LOAD linker stubs
